Archive member included to satisfy reference by file (symbol)

c:/program files (x86)/atollic/truestudio for stm32 9.3.0/armtools/bin/../lib/gcc/arm-atollic-eabi/6.3.1/../../../../arm-atollic-eabi/lib/armv7e-m/fpu\libc.a(lib_a-errno.o)
                              Src\syscalls.o (__errno)
c:/program files (x86)/atollic/truestudio for stm32 9.3.0/armtools/bin/../lib/gcc/arm-atollic-eabi/6.3.1/../../../../arm-atollic-eabi/lib/armv7e-m/fpu\libc.a(lib_a-impure.o)
                              c:/program files (x86)/atollic/truestudio for stm32 9.3.0/armtools/bin/../lib/gcc/arm-atollic-eabi/6.3.1/../../../../arm-atollic-eabi/lib/armv7e-m/fpu\libc.a(lib_a-errno.o) (_impure_ptr)
c:/program files (x86)/atollic/truestudio for stm32 9.3.0/armtools/bin/../lib/gcc/arm-atollic-eabi/6.3.1/../../../../arm-atollic-eabi/lib/armv7e-m/fpu\libc.a(lib_a-init.o)
                              startup\startup_stm32f303xc.o (__libc_init_array)
c:/program files (x86)/atollic/truestudio for stm32 9.3.0/armtools/bin/../lib/gcc/arm-atollic-eabi/6.3.1/../../../../arm-atollic-eabi/lib/armv7e-m/fpu\libc.a(lib_a-memcpy-stub.o)
                              Application\src\UartCommunication.o (memcpy)
c:/program files (x86)/atollic/truestudio for stm32 9.3.0/armtools/bin/../lib/gcc/arm-atollic-eabi/6.3.1/../../../../arm-atollic-eabi/lib/armv7e-m/fpu\libc.a(lib_a-memset.o)
                              Drivers\STM32F3xx_HAL_Driver\Src\stm32f3xx_hal_adc_ex.o (memset)
c:/program files (x86)/atollic/truestudio for stm32 9.3.0/armtools/bin/../lib/gcc/arm-atollic-eabi/6.3.1/armv7e-m/fpu\libgcc.a(_arm_addsubdf3.o)
                              Application\src\Controler.o (__aeabi_f2d)
c:/program files (x86)/atollic/truestudio for stm32 9.3.0/armtools/bin/../lib/gcc/arm-atollic-eabi/6.3.1/armv7e-m/fpu\libgcc.a(_arm_muldivdf3.o)
                              Application\src\Controler.o (__aeabi_dmul)
c:/program files (x86)/atollic/truestudio for stm32 9.3.0/armtools/bin/../lib/gcc/arm-atollic-eabi/6.3.1/armv7e-m/fpu\libgcc.a(_arm_truncdfsf2.o)
                              Application\src\Controler.o (__aeabi_d2f)

Allocating common symbols
Common symbol       size              file

defaultTaskHandle   0x4               Src\freertos.o
controler           0x20              Application\src\Controler.o
htim4               0x40              Src\tim.o
power               0x4               Src\freertos.o
hadc2               0x50              Src\adc.o
htim17              0x40              Src\tim.o
tim1cnt             0x4               Application\src\Controler.o
uwTick              0x4               Drivers\STM32F3xx_HAL_Driver\Src\stm32f3xx_hal.o
xQueueRegistry      0x40              Middlewares\Third_Party\FreeRTOS\Source\queue.o
pFlash              0x20              Drivers\STM32F3xx_HAL_Driver\Src\stm32f3xx_hal_flash.o
hdma_usart2_tx      0x44              Src\usart.o
rpm_a               0x4               Application\src\Controler.o
htim6               0x40              Src\stm32f3xx_hal_timebase_tim.o
htim1               0x40              Src\tim.o
htim2               0x40              Src\tim.o
huart2              0x80              Src\usart.o
hdma_adc2           0x44              Src\adc.o
uart                0x64              Application\src\UartCommunication.o
htim16              0x40              Src\tim.o
htim7               0x40              Src\tim.o

Discarded input sections

 .text          0x00000000        0x0 c:/program files (x86)/atollic/truestudio for stm32 9.3.0/armtools/bin/../lib/gcc/arm-atollic-eabi/6.3.1/armv7e-m/fpu/crti.o
 .data          0x00000000        0x0 c:/program files (x86)/atollic/truestudio for stm32 9.3.0/armtools/bin/../lib/gcc/arm-atollic-eabi/6.3.1/armv7e-m/fpu/crti.o
 .bss           0x00000000        0x0 c:/program files (x86)/atollic/truestudio for stm32 9.3.0/armtools/bin/../lib/gcc/arm-atollic-eabi/6.3.1/armv7e-m/fpu/crti.o
 .data          0x00000000        0x4 c:/program files (x86)/atollic/truestudio for stm32 9.3.0/armtools/bin/../lib/gcc/arm-atollic-eabi/6.3.1/armv7e-m/fpu/crtbegin.o
 .text          0x00000000        0x0 Application\src\Controler.o
 .data          0x00000000        0x0 Application\src\Controler.o
 .bss           0x00000000        0x0 Application\src\Controler.o
 .text          0x00000000        0x0 Application\src\L6206.o
 .data          0x00000000        0x0 Application\src\L6206.o
 .bss           0x00000000        0x0 Application\src\L6206.o
 .text          0x00000000        0x0 Application\src\UartCommunication.o
 .data          0x00000000        0x0 Application\src\UartCommunication.o
 .bss           0x00000000        0x0 Application\src\UartCommunication.o
 .text.UartCommunication_NewFrame
                0x00000000        0x2 Application\src\UartCommunication.o
 .text          0x00000000        0x0 Drivers\STM32F3xx_HAL_Driver\Src\stm32f3xx_hal.o
[...]
Memory Configuration

Name             Origin             Length             Attributes
RAM              0x20000000         0x00008000         xrw
CCMRAM           0x10000000         0x00002000         xrw
FLASH            0x08000000         0x00020000         xr
*default*        0x00000000         0xffffffff

Linker script and memory map

LOAD c:/program files (x86)/atollic/truestudio for stm32 9.3.0/armtools/bin/../lib/gcc/arm-atollic-eabi/6.3.1/armv7e-m/fpu/crti.o
LOAD c:/program files (x86)/atollic/truestudio for stm32 9.3.0/armtools/bin/../lib/gcc/arm-atollic-eabi/6.3.1/armv7e-m/fpu/crtbegin.o
LOAD Application\src\Controler.o
LOAD Application\src\L6206.o
LOAD Application\src\UartCommunication.o
LOAD Drivers\STM32F3xx_HAL_Driver\Src\stm32f3xx_hal.o
LOAD Drivers\STM32F3xx_HAL_Driver\Src\stm32f3xx_hal_adc.o
LOAD Drivers\STM32F3xx_HAL_Driver\Src\stm32f3xx_hal_adc_ex.o
LOAD Drivers\STM32F3xx_HAL_Driver\Src\stm32f3xx_hal_cortex.o
LOAD Drivers\STM32F3xx_HAL_Driver\Src\stm32f3xx_hal_dma.o
LOAD Drivers\STM32F3xx_HAL_Driver\Src\stm32f3xx_hal_exti.o
LOAD Drivers\STM32F3xx_HAL_Driver\Src\stm32f3xx_hal_flash.o
LOAD Drivers\STM32F3xx_HAL_Driver\Src\stm32f3xx_hal_flash_ex.o
LOAD Drivers\STM32F3xx_HAL_Driver\Src\stm32f3xx_hal_gpio.o
LOAD Drivers\STM32F3xx_HAL_Driver\Src\stm32f3xx_hal_i2c.o
LOAD Drivers\STM32F3xx_HAL_Driver\Src\stm32f3xx_hal_i2c_ex.o
LOAD Drivers\STM32F3xx_HAL_Driver\Src\stm32f3xx_hal_pwr.o
LOAD Drivers\STM32F3xx_HAL_Driver\Src\stm32f3xx_hal_pwr_ex.o
LOAD Drivers\STM32F3xx_HAL_Driver\Src\stm32f3xx_hal_rcc.o
LOAD Drivers\STM32F3xx_HAL_Driver\Src\stm32f3xx_hal_rcc_ex.o
LOAD Drivers\STM32F3xx_HAL_Driver\Src\stm32f3xx_hal_tim.o
LOAD Drivers\STM32F3xx_HAL_Driver\Src\stm32f3xx_hal_tim_ex.o
LOAD Drivers\STM32F3xx_HAL_Driver\Src\stm32f3xx_hal_uart.o
LOAD Drivers\STM32F3xx_HAL_Driver\Src\stm32f3xx_hal_uart_ex.o
LOAD Middlewares\Third_Party\FreeRTOS\Source\CMSIS_RTOS\cmsis_os.o
LOAD Middlewares\Third_Party\FreeRTOS\Source\croutine.o
LOAD Middlewares\Third_Party\FreeRTOS\Source\event_groups.o
LOAD Middlewares\Third_Party\FreeRTOS\Source\list.o
LOAD Middlewares\Third_Party\FreeRTOS\Source\portable\GCC\ARM_CM4F\port.o
LOAD Middlewares\Third_Party\FreeRTOS\Source\portable\MemMang\heap_1.o
LOAD Middlewares\Third_Party\FreeRTOS\Source\queue.o
LOAD Middlewares\Third_Party\FreeRTOS\Source\stream_buffer.o
LOAD Middlewares\Third_Party\FreeRTOS\Source\tasks.o
LOAD Middlewares\Third_Party\FreeRTOS\Source\timers.o
LOAD Src\adc.o
LOAD Src\dma.o
LOAD Src\freertos.o
LOAD Src\gpio.o
LOAD Src\main.o
LOAD Src\stm32f3xx_hal_msp.o
LOAD Src\stm32f3xx_hal_timebase_tim.o
LOAD Src\stm32f3xx_it.o
LOAD Src\syscalls.o
LOAD Src\system_stm32f3xx.o
LOAD Src\tim.o
LOAD Src\usart.o
LOAD startup\startup_stm32f303xc.o
                0x00000080                malloc_getpagesize_P = 0x80
START GROUP
LOAD c:/program files (x86)/atollic/truestudio for stm32 9.3.0/armtools/bin/../lib/gcc/arm-atollic-eabi/6.3.1/../../../../arm-atollic-eabi/lib/armv7e-m/fpu\libc.a
LOAD c:/program files (x86)/atollic/truestudio for stm32 9.3.0/armtools/bin/../lib/gcc/arm-atollic-eabi/6.3.1/../../../../arm-atollic-eabi/lib/armv7e-m/fpu\libm.a
END GROUP
START GROUP
LOAD c:/program files (x86)/atollic/truestudio for stm32 9.3.0/armtools/bin/../lib/gcc/arm-atollic-eabi/6.3.1/armv7e-m/fpu\libgcc.a
LOAD c:/program files (x86)/atollic/truestudio for stm32 9.3.0/armtools/bin/../lib/gcc/arm-atollic-eabi/6.3.1/../../../../arm-atollic-eabi/lib/armv7e-m/fpu\libc.a
END GROUP
START GROUP
LOAD c:/program files (x86)/atollic/truestudio for stm32 9.3.0/armtools/bin/../lib/gcc/arm-atollic-eabi/6.3.1/armv7e-m/fpu\libgcc.a
LOAD c:/program files (x86)/atollic/truestudio for stm32 9.3.0/armtools/bin/../lib/gcc/arm-atollic-eabi/6.3.1/../../../../arm-atollic-eabi/lib/armv7e-m/fpu\libc.a
LOAD c:/program files (x86)/atollic/truestudio for stm32 9.3.0/armtools/bin/../lib/gcc/arm-atollic-eabi/6.3.1/../../../../arm-atollic-eabi/lib/armv7e-m/fpu\libnosys.a
END GROUP
LOAD c:/program files (x86)/atollic/truestudio for stm32 9.3.0/armtools/bin/../lib/gcc/arm-atollic-eabi/6.3.1/armv7e-m/fpu/crtend.o
LOAD c:/program files (x86)/atollic/truestudio for stm32 9.3.0/armtools/bin/../lib/gcc/arm-atollic-eabi/6.3.1/armv7e-m/fpu/crtn.o
                0x20008000                _estack = 0x20008000
                0x00000200                _Min_Heap_Size = 0x200
                0x00000400                _Min_Stack_Size = 0x400

.isr_vector     0x08000000      0x188
                0x08000000                . = ALIGN (0x4)
 *(.isr_vector)
 .isr_vector    0x08000000      0x188 startup\startup_stm32f303xc.o
                0x08000000                g_pfnVectors
                0x08000188                . = ALIGN (0x4)

.text           0x08000190     0x5cb8
                0x08000190                . = ALIGN (0x4)
 *(.text)
 .text          0x08000190       0x40 c:/program files (x86)/atollic/truestudio for stm32 9.3.0/armtools/bin/../lib/gcc/arm-atollic-eabi/6.3.1/armv7e-m/fpu/crtbegin.o
 .text          0x080001d0      0x370 c:/program files (x86)/atollic/truestudio for stm32 9.3.0/armtools/bin/../lib/gcc/arm-atollic-eabi/6.3.1/armv7e-m/fpu\libgcc.a(_arm_addsubdf3.o)
                0x080001d0                __aeabi_drsub
                0x080001d8                __aeabi_dsub
                0x080001d8                __subdf3
                0x080001dc                __aeabi_dadd
                0x080001dc                __adddf3
                0x08000454                __floatunsidf
                0x08000454                __aeabi_ui2d
                0x08000474                __floatsidf
                0x08000474                __aeabi_i2d
                0x08000498                __aeabi_f2d
                0x08000498                __extendsfdf2
                0x080004d4                __floatundidf
                0x080004d4                __aeabi_ul2d
                0x080004e4                __floatdidf
                0x080004e4                __aeabi_l2d
 .text          0x08000540      0x424 c:/program files (x86)/atollic/truestudio for stm32 9.3.0/armtools/bin/../lib/gcc/arm-atollic-eabi/6.3.1/armv7e-m/fpu\libgcc.a(_arm_muldivdf3.o)
                0x08000540                __aeabi_dmul
                0x08000540                __muldf3
                0x08000794                __divdf3
                0x08000794                __aeabi_ddiv
 .text          0x08000964       0xa0 c:/program files (x86)/atollic/truestudio for stm32 9.3.0/armtools/bin/../lib/gcc/arm-atollic-eabi/6.3.1/armv7e-m/fpu\libgcc.a(_arm_truncdfsf2.o)
                0x08000964                __truncdfsf2
                0x08000964                __aeabi_d2f
 *(.text*)
 *fill*         0x08000a04        0x4 
 .text.ControlerTask
                0x08000a08       0x6c Application\src\Controler.o
                0x08000a08                ControlerTask
 .text.Controler_Init
                0x08000a74       0x94 Application\src\Controler.o
                0x08000a74                Controler_Init
 .text.UartCommunication_NewFrame
                0x08000b08       0x34 Application\src\Controler.o
                0x08000b08                UartCommunication_NewFrame
 .text.Controler_SendFrame
                0x08000b3c       0x34 Application\src\Controler.o
                0x08000b3c                Controler_SendFrame
 .text.ControlerSpervisorTask
                0x08000b70       0x2c Application\src\Controler.o
                0x08000b70                ControlerSpervisorTask
 .text.TIM7_IRQHandler
                0x08000b9c       0x50 Application\src\Controler.o
                0x08000b9c                TIM7_IRQHandler
 .text.L6206_init
                0x08000bec       0x78 Application\src\L6206.o
                0x08000bec                L6206_init
 .text.L6206_enable
                0x08000c64       0x3c Application\src\L6206.o
                0x08000c64                L6206_enable
 .text.L6206_setDuty
                0x08000ca0       0x48 Application\src\L6206.o
                0x08000ca0                L6206_setDuty
 .text.HAL_UART_RxCpltCallback
                0x08000ce8       0x44 Application\src\UartCommunication.o
                0x08000ce8                HAL_UART_RxCpltCallback
 .text.UartCommunication_Init
                0x08000d2c       0x44 Application\src\UartCommunication.o
                0x08000d2c                UartCommunication_Init
 .text.UartCommunication_Send
                0x08000d70       0x4c Application\src\UartCommunication.o
                0x08000d70                UartCommunication_Send
 .text.UartCommunication_Thread
                0x08000dbc       0x98 Application\src\UartCommunication.o
                0x08000dbc                UartCommunication_Thread
 .text.USART2_IRQHandler
                0x08000e54       0x10 Application\src\UartCommunication.o
                0x08000e54                USART2_IRQHandler
 .text.HAL_Init
                0x08000e64       0x24 Drivers\STM32F3xx_HAL_Driver\Src\stm32f3xx_hal.o
                0x08000e64                HAL_Init
 .text.HAL_IncTick
                0x08000e88       0x18 Drivers\STM32F3xx_HAL_Driver\Src\stm32f3xx_hal.o
                0x08000e88                HAL_IncTick
 .text.HAL_GetTick
                0x08000ea0        0xc Drivers\STM32F3xx_HAL_Driver\Src\stm32f3xx_hal.o
                0x08000ea0                HAL_GetTick
 .text.ADC_Disable
                0x08000eac       0x88 Drivers\STM32F3xx_HAL_Driver\Src\stm32f3xx_hal_adc_ex.o
 .text.HAL_ADC_Init
                0x08000f34      0x29c Drivers\STM32F3xx_HAL_Driver\Src\stm32f3xx_hal_adc_ex.o
                0x08000f34                HAL_ADC_Init
 .text.HAL_ADC_ConfigChannel
                0x080011d0      0x3c8 Drivers\STM32F3xx_HAL_Driver\Src\stm32f3xx_hal_adc_ex.o
                0x080011d0                HAL_ADC_ConfigChannel
 .text.HAL_NVIC_SetPriorityGrouping
                0x08001598       0x24 Drivers\STM32F3xx_HAL_Driver\Src\stm32f3xx_hal_cortex.o
                0x08001598                HAL_NVIC_SetPriorityGrouping
 .text.HAL_NVIC_SetPriority
                0x080015bc       0x64 Drivers\STM32F3xx_HAL_Driver\Src\stm32f3xx_hal_cortex.o
                0x080015bc                HAL_NVIC_SetPriority
 .text.HAL_NVIC_EnableIRQ
                0x08001620       0x1c Drivers\STM32F3xx_HAL_Driver\Src\stm32f3xx_hal_cortex.o
                0x08001620                HAL_NVIC_EnableIRQ
 .text.DMA_CalcBaseAndBitshift
                0x0800163c       0x4c Drivers\STM32F3xx_HAL_Driver\Src\stm32f3xx_hal_dma.o
 .text.HAL_DMA_Init
                0x08001688       0x50 Drivers\STM32F3xx_HAL_Driver\Src\stm32f3xx_hal_dma.o
                0x08001688                HAL_DMA_Init
 .text.HAL_DMA_Abort_IT
                0x080016d8       0x4a Drivers\STM32F3xx_HAL_Driver\Src\stm32f3xx_hal_dma.o
                0x080016d8                HAL_DMA_Abort_IT
 .text.HAL_DMA_IRQHandler
                0x08001722       0xb2 Drivers\STM32F3xx_HAL_Driver\Src\stm32f3xx_hal_dma.o
                0x08001722                HAL_DMA_IRQHandler
 .text.HAL_GPIO_Init
                0x080017d4      0x1a0 Drivers\STM32F3xx_HAL_Driver\Src\stm32f3xx_hal_gpio.o
                0x080017d4                HAL_GPIO_Init
 .text.HAL_GPIO_WritePin
                0x08001974        0xa Drivers\STM32F3xx_HAL_Driver\Src\stm32f3xx_hal_gpio.o
                0x08001974                HAL_GPIO_WritePin
 *fill*         0x0800197e        0x2 
 .text.HAL_RCC_OscConfig
                0x08001980      0x640 Drivers\STM32F3xx_HAL_Driver\Src\stm32f3xx_hal_rcc.o
                0x08001980                HAL_RCC_OscConfig
 .text.HAL_RCC_GetSysClockFreq
                0x08001fc0       0x70 Drivers\STM32F3xx_HAL_Driver\Src\stm32f3xx_hal_rcc.o
                0x08001fc0                HAL_RCC_GetSysClockFreq
 .text.HAL_RCC_ClockConfig
                0x08002030      0x1a4 Drivers\STM32F3xx_HAL_Driver\Src\stm32f3xx_hal_rcc.o
                0x08002030                HAL_RCC_ClockConfig
 .text.HAL_RCC_GetHCLKFreq
                0x080021d4        0xc Drivers\STM32F3xx_HAL_Driver\Src\stm32f3xx_hal_rcc.o
                0x080021d4                HAL_RCC_GetHCLKFreq
 .text.HAL_RCC_GetPCLK1Freq
                0x080021e0       0x2c Drivers\STM32F3xx_HAL_Driver\Src\stm32f3xx_hal_rcc.o
                0x080021e0                HAL_RCC_GetPCLK1Freq
 .text.HAL_RCC_GetPCLK2Freq
                0x0800220c       0x2c Drivers\STM32F3xx_HAL_Driver\Src\stm32f3xx_hal_rcc.o
                0x0800220c                HAL_RCC_GetPCLK2Freq
 .text.HAL_RCC_GetClockConfig
                0x08002238       0x3c Drivers\STM32F3xx_HAL_Driver\Src\stm32f3xx_hal_rcc.o
                0x08002238                HAL_RCC_GetClockConfig
 .text.HAL_RCCEx_PeriphCLKConfig
                0x08002274      0x268 Drivers\STM32F3xx_HAL_Driver\Src\stm32f3xx_hal_rcc_ex.o
                0x08002274                HAL_RCCEx_PeriphCLKConfig
 .text.TIM_OC1_SetConfig
                0x080024dc       0x9c Drivers\STM32F3xx_HAL_Driver\Src\stm32f3xx_hal_tim.o
 .text.TIM_OC3_SetConfig
                0x08002578       0x8c Drivers\STM32F3xx_HAL_Driver\Src\stm32f3xx_hal_tim.o
 .text.TIM_OC4_SetConfig
                0x08002604       0x6c Drivers\STM32F3xx_HAL_Driver\Src\stm32f3xx_hal_tim.o
 .text.TIM_OC5_SetConfig
                0x08002670       0x68 Drivers\STM32F3xx_HAL_Driver\Src\stm32f3xx_hal_tim.o
 .text.TIM_OC6_SetConfig
                0x080026d8       0x6c Drivers\STM32F3xx_HAL_Driver\Src\stm32f3xx_hal_tim.o
 .text.TIM_TI1_ConfigInputStage
                0x08002744       0x26 Drivers\STM32F3xx_HAL_Driver\Src\stm32f3xx_hal_tim.o
 .text.TIM_TI2_ConfigInputStage
                0x0800276a       0x28 Drivers\STM32F3xx_HAL_Driver\Src\stm32f3xx_hal_tim.o
 .text.TIM_ITRx_SetConfig
                0x08002792       0x10 Drivers\STM32F3xx_HAL_Driver\Src\stm32f3xx_hal_tim.o
 *fill*         0x080027a2        0x2 
 .text.HAL_TIM_Base_Start
                0x080027a4       0x30 Drivers\STM32F3xx_HAL_Driver\Src\stm32f3xx_hal_tim.o
                0x080027a4                HAL_TIM_Base_Start
 .text.HAL_TIM_Base_Start_IT
                0x080027d4       0x2c Drivers\STM32F3xx_HAL_Driver\Src\stm32f3xx_hal_tim.o
                0x080027d4                HAL_TIM_Base_Start_IT
 .text.HAL_TIM_PWM_MspInit
                0x08002800        0x2 Drivers\STM32F3xx_HAL_Driver\Src\stm32f3xx_hal_tim.o
                0x08002800                HAL_TIM_PWM_MspInit
 .text.HAL_TIM_OC_DelayElapsedCallback
                0x08002802        0x2 Drivers\STM32F3xx_HAL_Driver\Src\stm32f3xx_hal_tim.o
                0x08002802                HAL_TIM_OC_DelayElapsedCallback
 .text.HAL_TIM_IC_CaptureCallback
                0x08002804        0x2 Drivers\STM32F3xx_HAL_Driver\Src\stm32f3xx_hal_tim.o
                0x08002804                HAL_TIM_IC_CaptureCallback
 .text.HAL_TIM_PWM_PulseFinishedCallback
                0x08002806        0x2 Drivers\STM32F3xx_HAL_Driver\Src\stm32f3xx_hal_tim.o
                0x08002806                HAL_TIM_PWM_PulseFinishedCallback
 .text.HAL_TIM_TriggerCallback
                0x08002808        0x2 Drivers\STM32F3xx_HAL_Driver\Src\stm32f3xx_hal_tim.o
                0x08002808                HAL_TIM_TriggerCallback
 .text.HAL_TIM_IRQHandler
                0x0800280a      0x19a Drivers\STM32F3xx_HAL_Driver\Src\stm32f3xx_hal_tim.o
                0x0800280a                HAL_TIM_IRQHandler
 .text.TIM_Base_SetConfig
                0x080029a4       0xb8 Drivers\STM32F3xx_HAL_Driver\Src\stm32f3xx_hal_tim.o
                0x080029a4                TIM_Base_SetConfig
 .text.HAL_TIM_Base_Init
                0x08002a5c       0x32 Drivers\STM32F3xx_HAL_Driver\Src\stm32f3xx_hal_tim.o
                0x08002a5c                HAL_TIM_Base_Init
 .text.HAL_TIM_PWM_Init
                0x08002a8e       0x32 Drivers\STM32F3xx_HAL_Driver\Src\stm32f3xx_hal_tim.o
                0x08002a8e                HAL_TIM_PWM_Init
 .text.HAL_TIM_Encoder_Init
                0x08002ac0       0x9c Drivers\STM32F3xx_HAL_Driver\Src\stm32f3xx_hal_tim.o
                0x08002ac0                HAL_TIM_Encoder_Init
 .text.TIM_OC2_SetConfig
                0x08002b5c       0x90 Drivers\STM32F3xx_HAL_Driver\Src\stm32f3xx_hal_tim.o
                0x08002b5c                TIM_OC2_SetConfig
 .text.HAL_TIM_PWM_ConfigChannel
                0x08002bec      0x134 Drivers\STM32F3xx_HAL_Driver\Src\stm32f3xx_hal_tim.o
                0x08002bec                HAL_TIM_PWM_ConfigChannel
 .text.TIM_ETR_SetConfig
                0x08002d20       0x18 Drivers\STM32F3xx_HAL_Driver\Src\stm32f3xx_hal_tim.o
                0x08002d20                TIM_ETR_SetConfig
 .text.HAL_TIM_ConfigClockSource
                0x08002d38       0xdc Drivers\STM32F3xx_HAL_Driver\Src\stm32f3xx_hal_tim.o
                0x08002d38                HAL_TIM_ConfigClockSource
 .text.TIM_CCxChannelCmd
                0x08002e14       0x22 Drivers\STM32F3xx_HAL_Driver\Src\stm32f3xx_hal_tim.o
                0x08002e14                TIM_CCxChannelCmd
 *fill*         0x08002e36        0x2 
 .text.HAL_TIM_PWM_Start
                0x08002e38       0x7c Drivers\STM32F3xx_HAL_Driver\Src\stm32f3xx_hal_tim.o
                0x08002e38                HAL_TIM_PWM_Start
 .text.HAL_TIM_Encoder_Start
                0x08002eb4       0x44 Drivers\STM32F3xx_HAL_Driver\Src\stm32f3xx_hal_tim.o
                0x08002eb4                HAL_TIM_Encoder_Start
 .text.HAL_TIMEx_MasterConfigSynchronization
                0x08002ef8       0x90 Drivers\STM32F3xx_HAL_Driver\Src\stm32f3xx_hal_tim_ex.o
                0x08002ef8                HAL_TIMEx_MasterConfigSynchronization
 .text.HAL_TIMEx_ConfigBreakDeadTime
                0x08002f88       0x90 Drivers\STM32F3xx_HAL_Driver\Src\stm32f3xx_hal_tim_ex.o
                0x08002f88                HAL_TIMEx_ConfigBreakDeadTime
 .text.HAL_TIMEx_CommutCallback
                0x08003018        0x2 Drivers\STM32F3xx_HAL_Driver\Src\stm32f3xx_hal_tim_ex.o
                0x08003018                HAL_TIMEx_CommutCallback
 .text.HAL_TIMEx_BreakCallback
                0x0800301a        0x2 Drivers\STM32F3xx_HAL_Driver\Src\stm32f3xx_hal_tim_ex.o
                0x0800301a                HAL_TIMEx_BreakCallback
 .text.HAL_TIMEx_Break2Callback
                0x0800301c        0x2 Drivers\STM32F3xx_HAL_Driver\Src\stm32f3xx_hal_tim_ex.o
                0x0800301c                HAL_TIMEx_Break2Callback
 .text.UART_EndRxTransfer
                0x0800301e       0x1e Drivers\STM32F3xx_HAL_Driver\Src\stm32f3xx_hal_uart.o
 .text.UART_TxISR_8BIT
                0x0800303c       0x44 Drivers\STM32F3xx_HAL_Driver\Src\stm32f3xx_hal_uart.o
 .text.UART_TxISR_16BIT
                0x08003080       0x48 Drivers\STM32F3xx_HAL_Driver\Src\stm32f3xx_hal_uart.o
 .text.HAL_UART_Transmit_IT
                0x080030c8       0x70 Drivers\STM32F3xx_HAL_Driver\Src\stm32f3xx_hal_uart.o
                0x080030c8                HAL_UART_Transmit_IT
 .text.HAL_UART_TxCpltCallback
                0x08003138        0x2 Drivers\STM32F3xx_HAL_Driver\Src\stm32f3xx_hal_uart.o
                0x08003138                HAL_UART_TxCpltCallback
 .text.UART_EndTransmit_IT
                0x0800313a       0x1a Drivers\STM32F3xx_HAL_Driver\Src\stm32f3xx_hal_uart.o
 .text.HAL_UART_ErrorCallback
                0x08003154        0x2 Drivers\STM32F3xx_HAL_Driver\Src\stm32f3xx_hal_uart.o
                0x08003154                HAL_UART_ErrorCallback
 *fill*         0x08003156        0x2 
 .text.HAL_UART_IRQHandler
                0x08003158      0x178 Drivers\STM32F3xx_HAL_Driver\Src\stm32f3xx_hal_uart.o
                0x08003158                HAL_UART_IRQHandler
 .text.UART_DMAAbortOnError
                0x080032d0       0x14 Drivers\STM32F3xx_HAL_Driver\Src\stm32f3xx_hal_uart.o
 .text.UART_SetConfig
                0x080032e4      0x2b8 Drivers\STM32F3xx_HAL_Driver\Src\stm32f3xx_hal_uart.o
                0x080032e4                UART_SetConfig
 .text.UART_AdvFeatureConfig
                0x0800359c       0xca Drivers\STM32F3xx_HAL_Driver\Src\stm32f3xx_hal_uart.o
                0x0800359c                UART_AdvFeatureConfig
 .text.UART_WaitOnFlagUntilTimeout
                0x08003666       0xa0 Drivers\STM32F3xx_HAL_Driver\Src\stm32f3xx_hal_uart.o
                0x08003666                UART_WaitOnFlagUntilTimeout
 .text.UART_CheckIdleState
                0x08003706       0x6c Drivers\STM32F3xx_HAL_Driver\Src\stm32f3xx_hal_uart.o
                0x08003706                UART_CheckIdleState
 .text.HAL_UART_Init
                0x08003772       0x64 Drivers\STM32F3xx_HAL_Driver\Src\stm32f3xx_hal_uart.o
                0x08003772                HAL_UART_Init
 .text.HAL_UARTEx_WakeupCallback
                0x080037d6        0x2 Drivers\STM32F3xx_HAL_Driver\Src\stm32f3xx_hal_uart_ex.o
                0x080037d6                HAL_UARTEx_WakeupCallback
 .text.makeFreeRtosPriority
                0x080037d8        0xc Middlewares\Third_Party\FreeRTOS\Source\CMSIS_RTOS\cmsis_os.o
 .text.osKernelStart
                0x080037e4        0xa Middlewares\Third_Party\FreeRTOS\Source\CMSIS_RTOS\cmsis_os.o
                0x080037e4                osKernelStart
 .text.osThreadCreate
                0x080037ee       0x6a Middlewares\Third_Party\FreeRTOS\Source\CMSIS_RTOS\cmsis_os.o
                0x080037ee                osThreadCreate
 .text.osDelay  0x08003858       0x12 Middlewares\Third_Party\FreeRTOS\Source\CMSIS_RTOS\cmsis_os.o
                0x08003858                osDelay
 .text.vListInitialise
                0x0800386a       0x16 Middlewares\Third_Party\FreeRTOS\Source\list.o
                0x0800386a                vListInitialise
 .text.vListInitialiseItem
                0x08003880        0x6 Middlewares\Third_Party\FreeRTOS\Source\list.o
                0x08003880                vListInitialiseItem
 .text.vListInsertEnd
                0x08003886       0x18 Middlewares\Third_Party\FreeRTOS\Source\list.o
                0x08003886                vListInsertEnd
 .text.vListInsert
                0x0800389e       0x34 Middlewares\Third_Party\FreeRTOS\Source\list.o
                0x0800389e                vListInsert
 .text.uxListRemove
                0x080038d2       0x28 Middlewares\Third_Party\FreeRTOS\Source\list.o
                0x080038d2                uxListRemove
 *fill*         0x080038fa        0x2 
 .text.prvTaskExitError
                0x080038fc       0x40 Middlewares\Third_Party\FreeRTOS\Source\portable\GCC\ARM_CM4F\port.o
 .text.prvPortStartFirstTask
                0x0800393c       0x28 Middlewares\Third_Party\FreeRTOS\Source\portable\GCC\ARM_CM4F\port.o
 .text.vPortEnableVFP
                0x08003964       0x14 Middlewares\Third_Party\FreeRTOS\Source\portable\GCC\ARM_CM4F\port.o
 .text.pxPortInitialiseStack
                0x08003978       0x2c Middlewares\Third_Party\FreeRTOS\Source\portable\GCC\ARM_CM4F\port.o
                0x08003978                pxPortInitialiseStack
 *fill*         0x080039a4        0xc 
 .text.SVC_Handler
                0x080039b0       0x24 Middlewares\Third_Party\FreeRTOS\Source\portable\GCC\ARM_CM4F\port.o
                0x080039b0                SVC_Handler
 .text.vPortEnterCritical
                0x080039d4       0x44 Middlewares\Third_Party\FreeRTOS\Source\portable\GCC\ARM_CM4F\port.o
                0x080039d4                vPortEnterCritical
 .text.vPortExitCritical
                0x08003a18       0x2c Middlewares\Third_Party\FreeRTOS\Source\portable\GCC\ARM_CM4F\port.o
                0x08003a18                vPortExitCritical
 *fill*         0x08003a44        0xc 
 .text.PendSV_Handler
                0x08003a50       0x64 Middlewares\Third_Party\FreeRTOS\Source\portable\GCC\ARM_CM4F\port.o
                0x08003a50                PendSV_Handler
 .text.SysTick_Handler
                0x08003ab4       0x2c Middlewares\Third_Party\FreeRTOS\Source\portable\GCC\ARM_CM4F\port.o
                0x08003ab4                SysTick_Handler
 .text.vPortSetupTimerInterrupt
                0x08003ae0       0x38 Middlewares\Third_Party\FreeRTOS\Source\portable\GCC\ARM_CM4F\port.o
                0x08003ae0                vPortSetupTimerInterrupt
 .text.xPortStartScheduler
                0x08003b18      0x110 Middlewares\Third_Party\FreeRTOS\Source\portable\GCC\ARM_CM4F\port.o
                0x08003b18                xPortStartScheduler
 .text.vPortValidateInterruptPriority
                0x08003c28       0x5c Middlewares\Third_Party\FreeRTOS\Source\portable\GCC\ARM_CM4F\port.o
                0x08003c28                vPortValidateInterruptPriority
 .text.pvPortMalloc
                0x08003c84       0x68 Middlewares\Third_Party\FreeRTOS\Source\portable\MemMang\heap_1.o
                0x08003c84                pvPortMalloc
 .text.vPortFree
                0x08003cec       0x16 Middlewares\Third_Party\FreeRTOS\Source\portable\MemMang\heap_1.o
                0x08003cec                vPortFree
 .text.prvIsQueueFull
                0x08003d02       0x1e Middlewares\Third_Party\FreeRTOS\Source\queue.o
 .text.prvIsQueueEmpty
                0x08003d20       0x1a Middlewares\Third_Party\FreeRTOS\Source\queue.o
 .text.prvCopyDataToQueue
                0x08003d3a       0x76 Middlewares\Third_Party\FreeRTOS\Source\queue.o
 .text.prvCopyDataFromQueue
                0x08003db0       0x24 Middlewares\Third_Party\FreeRTOS\Source\queue.o
 .text.prvUnlockQueue
                0x08003dd4       0x6e Middlewares\Third_Party\FreeRTOS\Source\queue.o
 *fill*         0x08003e42        0x2 
 .text.xQueueGenericReset
                0x08003e44       0x80 Middlewares\Third_Party\FreeRTOS\Source\queue.o
                0x08003e44                xQueueGenericReset
 .text.prvInitialiseNewQueue
                0x08003ec4       0x1c Middlewares\Third_Party\FreeRTOS\Source\queue.o
 .text.xQueueGenericCreateStatic
                0x08003ee0       0xa0 Middlewares\Third_Party\FreeRTOS\Source\queue.o
                0x08003ee0                xQueueGenericCreateStatic
 .text.xQueueGenericCreate
                0x08003f80       0x4e Middlewares\Third_Party\FreeRTOS\Source\queue.o
                0x08003f80                xQueueGenericCreate
 *fill*         0x08003fce        0x2 
 .text.xQueueGenericSend
                0x08003fd0      0x188 Middlewares\Third_Party\FreeRTOS\Source\queue.o
                0x08003fd0                xQueueGenericSend
 .text.xQueueGenericSendFromISR
                0x08004158       0xde Middlewares\Third_Party\FreeRTOS\Source\queue.o
                0x08004158                xQueueGenericSendFromISR
 *fill*         0x08004236        0x2 
 .text.xQueueReceive
                0x08004238      0x15c Middlewares\Third_Party\FreeRTOS\Source\queue.o
                0x08004238                xQueueReceive
 .text.vQueueAddToRegistry
                0x08004394       0x28 Middlewares\Third_Party\FreeRTOS\Source\queue.o
                0x08004394                vQueueAddToRegistry
 .text.vQueueWaitForMessageRestricted
                0x080043bc       0x52 Middlewares\Third_Party\FreeRTOS\Source\queue.o
                0x080043bc                vQueueWaitForMessageRestricted
 *fill*         0x0800440e        0x2 
 .text.prvResetNextTaskUnblockTime
                0x08004410       0x34 Middlewares\Third_Party\FreeRTOS\Source\tasks.o
 .text.prvInitialiseNewTask
                0x08004444       0x80 Middlewares\Third_Party\FreeRTOS\Source\tasks.o
 .text.prvInitialiseTaskLists
                0x080044c4       0x68 Middlewares\Third_Party\FreeRTOS\Source\tasks.o
 .text.prvAddNewTaskToReadyList
                0x0800452c       0xa8 Middlewares\Third_Party\FreeRTOS\Source\tasks.o
 .text.prvDeleteTCB
                0x080045d4       0x3a Middlewares\Third_Party\FreeRTOS\Source\tasks.o
 *fill*         0x0800460e        0x2 
 .text.prvCheckTasksWaitingTermination
                0x08004610       0x4c Middlewares\Third_Party\FreeRTOS\Source\tasks.o
 .text.prvIdleTask
                0x0800465c       0x28 Middlewares\Third_Party\FreeRTOS\Source\tasks.o
 .text.prvAddCurrentTaskToDelayedList
                0x08004684       0x98 Middlewares\Third_Party\FreeRTOS\Source\tasks.o
 .text.xTaskCreateStatic
                0x0800471c       0x72 Middlewares\Third_Party\FreeRTOS\Source\tasks.o
                0x0800471c                xTaskCreateStatic
 .text.xTaskCreate
                0x0800478e       0x66 Middlewares\Third_Party\FreeRTOS\Source\tasks.o
                0x0800478e                xTaskCreate
 .text.vTaskStartScheduler
                0x080047f4       0x9c Middlewares\Third_Party\FreeRTOS\Source\tasks.o
                0x080047f4                vTaskStartScheduler
 .text.vTaskSuspendAll
                0x08004890       0x10 Middlewares\Third_Party\FreeRTOS\Source\tasks.o
                0x08004890                vTaskSuspendAll
 .text.xTaskGetTickCount
                0x080048a0        0xc Middlewares\Third_Party\FreeRTOS\Source\tasks.o
                0x080048a0                xTaskGetTickCount
 .text.xTaskIncrementTick
                0x080048ac      0x120 Middlewares\Third_Party\FreeRTOS\Source\tasks.o
                0x080048ac                xTaskIncrementTick
 .text.xTaskResumeAll
                0x080049cc       0xfc Middlewares\Third_Party\FreeRTOS\Source\tasks.o
                0x080049cc                xTaskResumeAll
 .text.vTaskDelay
                0x08004ac8       0x50 Middlewares\Third_Party\FreeRTOS\Source\tasks.o
                0x08004ac8                vTaskDelay
 .text.vTaskSwitchContext
                0x08004b18       0x9c Middlewares\Third_Party\FreeRTOS\Source\tasks.o
                0x08004b18                vTaskSwitchContext
 .text.vTaskPlaceOnEventList
                0x08004bb4       0x30 Middlewares\Third_Party\FreeRTOS\Source\tasks.o
                0x08004bb4                vTaskPlaceOnEventList
 .text.vTaskPlaceOnEventListRestricted
                0x08004be4       0x38 Middlewares\Third_Party\FreeRTOS\Source\tasks.o
                0x08004be4                vTaskPlaceOnEventListRestricted
 .text.xTaskRemoveFromEventList
                0x08004c1c       0x8c Middlewares\Third_Party\FreeRTOS\Source\tasks.o
                0x08004c1c                xTaskRemoveFromEventList
 .text.vTaskInternalSetTimeOutState
                0x08004ca8       0x18 Middlewares\Third_Party\FreeRTOS\Source\tasks.o
                0x08004ca8                vTaskInternalSetTimeOutState
 .text.xTaskCheckForTimeOut
                0x08004cc0       0x80 Middlewares\Third_Party\FreeRTOS\Source\tasks.o
                0x08004cc0                xTaskCheckForTimeOut
 .text.vTaskMissedYield
                0x08004d40        0xc Middlewares\Third_Party\FreeRTOS\Source\tasks.o
                0x08004d40                vTaskMissedYield
 .text.xTaskGetSchedulerState
                0x08004d4c       0x20 Middlewares\Third_Party\FreeRTOS\Source\tasks.o
                0x08004d4c                xTaskGetSchedulerState
 .text.xTaskPriorityDisinherit
                0x08004d6c       0xb4 Middlewares\Third_Party\FreeRTOS\Source\tasks.o
                0x08004d6c                xTaskPriorityDisinherit
 .text.prvGetNextExpireTime
                0x08004e20       0x20 Middlewares\Third_Party\FreeRTOS\Source\timers.o
 .text.prvInsertTimerInActiveList
                0x08004e40       0x48 Middlewares\Third_Party\FreeRTOS\Source\timers.o
 .text.prvCheckForValidListAndQueue
                0x08004e88       0x70 Middlewares\Third_Party\FreeRTOS\Source\timers.o
 .text.xTimerCreateTimerTask
                0x08004ef8       0x70 Middlewares\Third_Party\FreeRTOS\Source\timers.o
                0x08004ef8                xTimerCreateTimerTask
 .text.xTimerGenericCommand
                0x08004f68       0x6c Middlewares\Third_Party\FreeRTOS\Source\timers.o
                0x08004f68                xTimerGenericCommand
 .text.prvSwitchTimerLists
                0x08004fd4       0x78 Middlewares\Third_Party\FreeRTOS\Source\timers.o
 .text.prvSampleTimeNow
                0x0800504c       0x2c Middlewares\Third_Party\FreeRTOS\Source\timers.o
 .text.prvProcessExpiredTimer
                0x08005078       0x60 Middlewares\Third_Party\FreeRTOS\Source\timers.o
 .text.prvProcessTimerOrBlockTask
                0x080050d8       0x74 Middlewares\Third_Party\FreeRTOS\Source\timers.o
 .text.prvProcessReceivedCommands
                0x0800514c       0xe8 Middlewares\Third_Party\FreeRTOS\Source\timers.o
 .text.prvTimerTask
                0x08005234       0x16 Middlewares\Third_Party\FreeRTOS\Source\timers.o
 *fill*         0x0800524a        0x2 
 .text.MX_ADC2_Init
                0x0800524c       0x74 Src\adc.o
                0x0800524c                MX_ADC2_Init
 .text.HAL_ADC_MspInit
                0x080052c0       0x9c Src\adc.o
                0x080052c0                HAL_ADC_MspInit
 .text.MX_DMA_Init
                0x0800535c       0x54 Src\dma.o
                0x0800535c                MX_DMA_Init
 .text.StartDefaultTask
                0x080053b0       0x5c Src\freertos.o
                0x080053b0                StartDefaultTask
 .text.vApplicationMallocFailedHook
                0x0800540c        0x2 Src\freertos.o
                0x0800540c                vApplicationMallocFailedHook
 *fill*         0x0800540e        0x2 
 .text.vApplicationGetIdleTaskMemory
                0x08005410       0x18 Src\freertos.o
                0x08005410                vApplicationGetIdleTaskMemory
 .text.vApplicationGetTimerTaskMemory
                0x08005428       0x18 Src\freertos.o
                0x08005428                vApplicationGetTimerTaskMemory
 .text.MX_FREERTOS_Init
                0x08005440       0x2c Src\freertos.o
                0x08005440                MX_FREERTOS_Init
 .text.MX_GPIO_Init
                0x0800546c       0xe8 Src\gpio.o
                0x0800546c                MX_GPIO_Init
 .text.SystemClock_Config
                0x08005554       0x74 Src\main.o
                0x08005554                SystemClock_Config
 .text.main     0x080055c8       0x3c Src\main.o
                0x080055c8                main
 .text.HAL_TIM_PeriodElapsedCallback
                0x08005604       0x18 Src\main.o
                0x08005604                HAL_TIM_PeriodElapsedCallback
 .text.Error_Handler
                0x0800561c        0x2 Src\main.o
                0x0800561c                Error_Handler
 *fill*         0x0800561e        0x2 
 .text.HAL_MspInit
                0x08005620       0x40 Src\stm32f3xx_hal_msp.o
                0x08005620                HAL_MspInit
 .text.HAL_InitTick
                0x08005660       0x7c Src\stm32f3xx_hal_timebase_tim.o
                0x08005660                HAL_InitTick
 .text.NMI_Handler
                0x080056dc        0x2 Src\stm32f3xx_it.o
                0x080056dc                NMI_Handler
 .text.HardFault_Handler
                0x080056de        0x2 Src\stm32f3xx_it.o
                0x080056de                HardFault_Handler
 .text.MemManage_Handler
                0x080056e0        0x2 Src\stm32f3xx_it.o
                0x080056e0                MemManage_Handler
 .text.BusFault_Handler
                0x080056e2        0x2 Src\stm32f3xx_it.o
                0x080056e2                BusFault_Handler
 .text.UsageFault_Handler
                0x080056e4        0x2 Src\stm32f3xx_it.o
                0x080056e4                UsageFault_Handler
 .text.DebugMon_Handler
                0x080056e6        0x2 Src\stm32f3xx_it.o
                0x080056e6                DebugMon_Handler
 .text.DMA1_Channel7_IRQHandler
                0x080056e8       0x10 Src\stm32f3xx_it.o
                0x080056e8                DMA1_Channel7_IRQHandler
 .text.TIM6_DAC_IRQHandler
                0x080056f8       0x10 Src\stm32f3xx_it.o
                0x080056f8                TIM6_DAC_IRQHandler
 .text.DMA2_Channel1_IRQHandler
                0x08005708       0x10 Src\stm32f3xx_it.o
                0x08005708                DMA2_Channel1_IRQHandler
 .text.SystemInit
                0x08005718       0x1c Src\system_stm32f3xx.o
                0x08005718                SystemInit
 .text.MX_TIM1_Init
                0x08005734       0x70 Src\tim.o
                0x08005734                MX_TIM1_Init
 .text.MX_TIM4_Init
                0x080057a4       0x6c Src\tim.o
                0x080057a4                MX_TIM4_Init
 .text.MX_TIM7_Init
                0x08005810       0x50 Src\tim.o
                0x08005810                MX_TIM7_Init
 .text.HAL_TIM_Encoder_MspInit
                0x08005860       0xb0 Src\tim.o
                0x08005860                HAL_TIM_Encoder_MspInit
 .text.HAL_TIM_Base_MspInit
                0x08005910       0xa0 Src\tim.o
                0x08005910                HAL_TIM_Base_MspInit
 .text.HAL_TIM_MspPostInit
                0x080059b0       0xbc Src\tim.o
                0x080059b0                HAL_TIM_MspPostInit
 .text.MX_TIM2_Init
                0x08005a6c       0xc4 Src\tim.o
                0x08005a6c                MX_TIM2_Init
 .text.MX_TIM16_Init
                0x08005b30       0xac Src\tim.o
                0x08005b30                MX_TIM16_Init
 .text.MX_TIM17_Init
                0x08005bdc       0xac Src\tim.o
                0x08005bdc                MX_TIM17_Init
 .text.MX_USART2_UART_Init
                0x08005c88       0x38 Src\usart.o
                0x08005c88                MX_USART2_UART_Init
 .text.HAL_UART_MspInit
                0x08005cc0       0xac Src\usart.o
                0x08005cc0                HAL_UART_MspInit
 .text.Reset_Handler
                0x08005d6c       0x50 startup\startup_stm32f303xc.o
                0x08005d6c                Reset_Handler
 .text.Default_Handler
                0x08005dbc        0x2 startup\startup_stm32f303xc.o
                0x08005dbc                RTC_Alarm_IRQHandler
                0x08005dbc                TIM8_TRG_COM_IRQHandler
                0x08005dbc                TIM8_CC_IRQHandler
                0x08005dbc                TIM1_CC_IRQHandler
                0x08005dbc                USB_HP_IRQHandler
                0x08005dbc                PVD_IRQHandler
                0x08005dbc                TAMP_STAMP_IRQHandler
                0x08005dbc                EXTI3_IRQHandler
                0x08005dbc                USB_HP_CAN_TX_IRQHandler
                0x08005dbc                EXTI0_IRQHandler
                0x08005dbc                I2C2_EV_IRQHandler
                0x08005dbc                FPU_IRQHandler
                0x08005dbc                TIM1_UP_TIM16_IRQHandler
                0x08005dbc                ADC1_2_IRQHandler
                0x08005dbc                SPI1_IRQHandler
                0x08005dbc                CAN_SCE_IRQHandler
                0x08005dbc                TIM8_UP_IRQHandler
                0x08005dbc                DMA2_Channel2_IRQHandler
                0x08005dbc                DMA1_Channel4_IRQHandler
                0x08005dbc                USART3_IRQHandler
                0x08005dbc                UART5_IRQHandler
                0x08005dbc                ADC3_IRQHandler
                0x08005dbc                TIM4_IRQHandler
                0x08005dbc                CAN_RX1_IRQHandler
                0x08005dbc                I2C1_EV_IRQHandler
                0x08005dbc                DMA1_Channel6_IRQHandler
                0x08005dbc                UART4_IRQHandler
                0x08005dbc                DMA2_Channel4_IRQHandler
                0x08005dbc                TIM3_IRQHandler
                0x08005dbc                RCC_IRQHandler
                0x08005dbc                DMA1_Channel1_IRQHandler
                0x08005dbc                Default_Handler
                0x08005dbc                USBWakeUp_RMP_IRQHandler
                0x08005dbc                EXTI15_10_IRQHandler
                0x08005dbc                EXTI9_5_IRQHandler
                0x08005dbc                RTC_WKUP_IRQHandler
                0x08005dbc                SPI2_IRQHandler
                0x08005dbc                USB_LP_CAN_RX0_IRQHandler
                0x08005dbc                DMA2_Channel5_IRQHandler
                0x08005dbc                DMA1_Channel5_IRQHandler
                0x08005dbc                USB_LP_IRQHandler
                0x08005dbc                EXTI4_IRQHandler
                0x08005dbc                TIM1_TRG_COM_TIM17_IRQHandler
                0x08005dbc                DMA1_Channel3_IRQHandler
                0x08005dbc                ADC4_IRQHandler
                0x08005dbc                WWDG_IRQHandler
                0x08005dbc                TIM2_IRQHandler
                0x08005dbc                COMP7_IRQHandler
                0x08005dbc                COMP1_2_3_IRQHandler
                0x08005dbc                EXTI1_IRQHandler
                0x08005dbc                COMP4_5_6_IRQHandler
                0x08005dbc                I2C2_ER_IRQHandler
                0x08005dbc                DMA1_Channel2_IRQHandler
                0x08005dbc                TIM8_BRK_IRQHandler
                0x08005dbc                FLASH_IRQHandler
                0x08005dbc                USART1_IRQHandler
                0x08005dbc                SPI3_IRQHandler
                0x08005dbc                I2C1_ER_IRQHandler
                0x08005dbc                USBWakeUp_IRQHandler
                0x08005dbc                DMA2_Channel3_IRQHandler
                0x08005dbc                EXTI2_TSC_IRQHandler
                0x08005dbc                TIM1_BRK_TIM15_IRQHandler
 *fill*         0x08005dbe        0x2 
 .text.__libc_init_array
                0x08005dc0       0x48 c:/program files (x86)/atollic/truestudio for stm32 9.3.0/armtools/bin/../lib/gcc/arm-atollic-eabi/6.3.1/../../../../arm-atollic-eabi/lib/armv7e-m/fpu\libc.a(lib_a-init.o)
                0x08005dc0                __libc_init_array
 .text.memcpy   0x08005e08       0x16 c:/program files (x86)/atollic/truestudio for stm32 9.3.0/armtools/bin/../lib/gcc/arm-atollic-eabi/6.3.1/../../../../arm-atollic-eabi/lib/armv7e-m/fpu\libc.a(lib_a-memcpy-stub.o)
                0x08005e08                memcpy
 .text.memset   0x08005e1e       0x10 c:/program files (x86)/atollic/truestudio for stm32 9.3.0/armtools/bin/../lib/gcc/arm-atollic-eabi/6.3.1/../../../../arm-atollic-eabi/lib/armv7e-m/fpu\libc.a(lib_a-memset.o)
                0x08005e1e                memset
 *(.glue_7)
 .glue_7        0x08005e2e        0x0 linker stubs
 *(.glue_7t)
 .glue_7t       0x08005e2e        0x0 linker stubs
 *(.eh_frame)
 *fill*         0x08005e2e        0x2 
 .eh_frame      0x08005e30        0x0 c:/program files (x86)/atollic/truestudio for stm32 9.3.0/armtools/bin/../lib/gcc/arm-atollic-eabi/6.3.1/armv7e-m/fpu/crtbegin.o
 *(.init)
 .init          0x08005e30        0x4 c:/program files (x86)/atollic/truestudio for stm32 9.3.0/armtools/bin/../lib/gcc/arm-atollic-eabi/6.3.1/armv7e-m/fpu/crti.o
                0x08005e30                _init
 .init          0x08005e34        0x8 c:/program files (x86)/atollic/truestudio for stm32 9.3.0/armtools/bin/../lib/gcc/arm-atollic-eabi/6.3.1/armv7e-m/fpu/crtn.o
 *(.fini)
 .fini          0x08005e3c        0x4 c:/program files (x86)/atollic/truestudio for stm32 9.3.0/armtools/bin/../lib/gcc/arm-atollic-eabi/6.3.1/armv7e-m/fpu/crti.o
                0x08005e3c                _fini
 .fini          0x08005e40        0x8 c:/program files (x86)/atollic/truestudio for stm32 9.3.0/armtools/bin/../lib/gcc/arm-atollic-eabi/6.3.1/armv7e-m/fpu/crtn.o
                0x08005e48                . = ALIGN (0x4)
                0x08005e48                _etext = .

.vfp11_veneer   0x08005e48        0x0
 .vfp11_veneer  0x08005e48        0x0 linker stubs

.v4_bx          0x08005e48        0x0
 .v4_bx         0x08005e48        0x0 linker stubs

.iplt           0x08005e48        0x0
 .iplt          0x08005e48        0x0 c:/program files (x86)/atollic/truestudio for stm32 9.3.0/armtools/bin/../lib/gcc/arm-atollic-eabi/6.3.1/armv7e-m/fpu/crtbegin.o

.rodata         0x08005e48       0x98
                0x08005e48                . = ALIGN (0x4)
 *(.rodata)
 .rodata        0x08005e48       0x1c Src\freertos.o
 *(.rodata*)
 .rodata.Controler_Init.str1.4
                0x08005e64       0x15 Application\src\Controler.o
 *fill*         0x08005e79        0x3 
 .rodata.UartCommunication_Init.str1.4
                0x08005e7c        0x5 Application\src\UartCommunication.o
 *fill*         0x08005e81        0x3 
 .rodata.aPLLMULFactorTable
                0x08005e84       0x10 Drivers\STM32F3xx_HAL_Driver\Src\stm32f3xx_hal_rcc.o
                0x08005e84                aPLLMULFactorTable
 .rodata.aPredivFactorTable
                0x08005e94       0x10 Drivers\STM32F3xx_HAL_Driver\Src\stm32f3xx_hal_rcc.o
                0x08005e94                aPredivFactorTable
 .rodata.vTaskStartScheduler.str1.4
                0x08005ea4        0x5 Middlewares\Third_Party\FreeRTOS\Source\tasks.o
 *fill*         0x08005ea9        0x3 
 .rodata.prvCheckForValidListAndQueue.str1.4
                0x08005eac        0x5 Middlewares\Third_Party\FreeRTOS\Source\timers.o
 *fill*         0x08005eb1        0x3 
 .rodata.xTimerCreateTimerTask.str1.4
                0x08005eb4        0x8 Middlewares\Third_Party\FreeRTOS\Source\timers.o
 .rodata.str1.4
                0x08005ebc        0xc Src\freertos.o
 .rodata.AHBPrescTable
                0x08005ec8       0x10 Src\system_stm32f3xx.o
                0x08005ec8                AHBPrescTable
 .rodata.APBPrescTable
                0x08005ed8        0x8 Src\system_stm32f3xx.o
                0x08005ed8                APBPrescTable
                0x08005ee0                . = ALIGN (0x4)

.rel.dyn        0x08005ee0        0x0
 .rel.iplt      0x08005ee0        0x0 c:/program files (x86)/atollic/truestudio for stm32 9.3.0/armtools/bin/../lib/gcc/arm-atollic-eabi/6.3.1/armv7e-m/fpu/crtbegin.o

.ARM.extab
 *(.ARM.extab* .gnu.linkonce.armextab.*)

.ARM            0x08005ee0        0x0
                0x08005ee0                __exidx_start = .
 *(.ARM.exidx*)
                0x08005ee0                __exidx_end = .

.preinit_array  0x08005ee0        0x0
                0x08005ee0                PROVIDE (__preinit_array_start, .)
 *(.preinit_array*)
                0x08005ee0                PROVIDE (__preinit_array_end, .)

.init_array     0x08005ee0        0x4
                0x08005ee0                PROVIDE (__init_array_start, .)
 *(SORT(.init_array.*))
 *(.init_array*)
 .init_array    0x08005ee0        0x4 c:/program files (x86)/atollic/truestudio for stm32 9.3.0/armtools/bin/../lib/gcc/arm-atollic-eabi/6.3.1/armv7e-m/fpu/crtbegin.o
                0x08005ee4                PROVIDE (__init_array_end, .)

.fini_array     0x08005ee4        0x4
                [!provide]                PROVIDE (__fini_array_start, .)
 *(SORT(.fini_array.*))
 *(.fini_array*)
 .fini_array    0x08005ee4        0x4 c:/program files (x86)/atollic/truestudio for stm32 9.3.0/armtools/bin/../lib/gcc/arm-atollic-eabi/6.3.1/armv7e-m/fpu/crtbegin.o
                [!provide]                PROVIDE (__fini_array_end, .)
                0x08005ee8                _sidata = LOADADDR (.data)

.data           0x20000000       0x10 load address 0x08005ee8
                0x20000000                . = ALIGN (0x4)
                0x20000000                _sdata = .
 *(.data)
 *(.data*)
 .data.uwTickFreq
                0x20000000        0x1 Drivers\STM32F3xx_HAL_Driver\Src\stm32f3xx_hal.o
                0x20000000                uwTickFreq
 *fill*         0x20000001        0x3 
 .data.uwTickPrio
                0x20000004        0x4 Drivers\STM32F3xx_HAL_Driver\Src\stm32f3xx_hal.o
                0x20000004                uwTickPrio
 .data.uxCriticalNesting
                0x20000008        0x4 Middlewares\Third_Party\FreeRTOS\Source\portable\GCC\ARM_CM4F\port.o
 .data.SystemCoreClock
                0x2000000c        0x4 Src\system_stm32f3xx.o
                0x2000000c                SystemCoreClock
                0x20000010                . = ALIGN (0x4)
                0x20000010                _edata = .
                0x08005ef8                _siccmram = LOADADDR (.ccmram)

.igot.plt       0x20000010        0x0 load address 0x08005ef8
 .igot.plt      0x20000010        0x0 c:/program files (x86)/atollic/truestudio for stm32 9.3.0/armtools/bin/../lib/gcc/arm-atollic-eabi/6.3.1/armv7e-m/fpu/crtbegin.o

.ccmram         0x10000000        0x0 load address 0x08005ef8
                0x10000000                . = ALIGN (0x4)
                0x10000000                _sccmram = .
 *(.ccmram)
 *(.ccmram*)
                0x10000000                . = ALIGN (0x4)
                0x10000000                _eccmram = .
                0x10000000                . = ALIGN (0x4)

.bss            0x20000010     0x4ce8
                0x20000010                _sbss = .
                0x20000010                __bss_start__ = _sbss
 *(.bss)
 .bss           0x20000010       0x1c c:/program files (x86)/atollic/truestudio for stm32 9.3.0/armtools/bin/../lib/gcc/arm-atollic-eabi/6.3.1/armv7e-m/fpu/crtbegin.o
 *(.bss*)
 .bss.ucMaxSysCallPriority
                0x2000002c        0x1 Middlewares\Third_Party\FreeRTOS\Source\portable\GCC\ARM_CM4F\port.o
 *fill*         0x2000002d        0x3 
 .bss.ulMaxPRIGROUPValue
                0x20000030        0x4 Middlewares\Third_Party\FreeRTOS\Source\portable\GCC\ARM_CM4F\port.o
 .bss.pucAlignedHeap.6265
                0x20000034        0x4 Middlewares\Third_Party\FreeRTOS\Source\portable\MemMang\heap_1.o
 .bss.ucHeap    0x20000038     0x4000 Middlewares\Third_Party\FreeRTOS\Source\portable\MemMang\heap_1.o
 .bss.xNextFreeByte
                0x20004038        0x4 Middlewares\Third_Party\FreeRTOS\Source\portable\MemMang\heap_1.o
 .bss.pxCurrentTCB
                0x2000403c        0x4 Middlewares\Third_Party\FreeRTOS\Source\tasks.o
                0x2000403c                pxCurrentTCB
 .bss.pxDelayedTaskList
                0x20004040        0x4 Middlewares\Third_Party\FreeRTOS\Source\tasks.o
 .bss.pxOverflowDelayedTaskList
                0x20004044        0x4 Middlewares\Third_Party\FreeRTOS\Source\tasks.o
 .bss.pxReadyTasksLists
                0x20004048       0x8c Middlewares\Third_Party\FreeRTOS\Source\tasks.o
 .bss.uxCurrentNumberOfTasks
                0x200040d4        0x4 Middlewares\Third_Party\FreeRTOS\Source\tasks.o
 .bss.uxDeletedTasksWaitingCleanUp
                0x200040d8        0x4 Middlewares\Third_Party\FreeRTOS\Source\tasks.o
 .bss.uxPendedTicks
                0x200040dc        0x4 Middlewares\Third_Party\FreeRTOS\Source\tasks.o
 .bss.uxSchedulerSuspended
                0x200040e0        0x4 Middlewares\Third_Party\FreeRTOS\Source\tasks.o
 .bss.uxTaskNumber
                0x200040e4        0x4 Middlewares\Third_Party\FreeRTOS\Source\tasks.o
 .bss.uxTopReadyPriority
                0x200040e8        0x4 Middlewares\Third_Party\FreeRTOS\Source\tasks.o
 .bss.xDelayedTaskList1
                0x200040ec       0x14 Middlewares\Third_Party\FreeRTOS\Source\tasks.o
 .bss.xDelayedTaskList2
                0x20004100       0x14 Middlewares\Third_Party\FreeRTOS\Source\tasks.o
 .bss.xNextTaskUnblockTime
                0x20004114        0x4 Middlewares\Third_Party\FreeRTOS\Source\tasks.o
 .bss.xNumOfOverflows
                0x20004118        0x4 Middlewares\Third_Party\FreeRTOS\Source\tasks.o
 .bss.xPendingReadyList
                0x2000411c       0x14 Middlewares\Third_Party\FreeRTOS\Source\tasks.o
 .bss.xSchedulerRunning
                0x20004130        0x4 Middlewares\Third_Party\FreeRTOS\Source\tasks.o
 .bss.xSuspendedTaskList
                0x20004134       0x14 Middlewares\Third_Party\FreeRTOS\Source\tasks.o
 .bss.xTasksWaitingTermination
                0x20004148       0x14 Middlewares\Third_Party\FreeRTOS\Source\tasks.o
 .bss.xTickCount
                0x2000415c        0x4 Middlewares\Third_Party\FreeRTOS\Source\tasks.o
 .bss.xYieldPending
                0x20004160        0x4 Middlewares\Third_Party\FreeRTOS\Source\tasks.o
 .bss.pxCurrentTimerList
                0x20004164        0x4 Middlewares\Third_Party\FreeRTOS\Source\timers.o
 .bss.pxOverflowTimerList
                0x20004168        0x4 Middlewares\Third_Party\FreeRTOS\Source\timers.o
 .bss.ucStaticTimerQueueStorage.6646
                0x2000416c       0x78 Middlewares\Third_Party\FreeRTOS\Source\timers.o
 .bss.xActiveTimerList1
                0x200041e4       0x14 Middlewares\Third_Party\FreeRTOS\Source\timers.o
 .bss.xActiveTimerList2
                0x200041f8       0x14 Middlewares\Third_Party\FreeRTOS\Source\timers.o
 .bss.xLastTime.6597
                0x2000420c        0x4 Middlewares\Third_Party\FreeRTOS\Source\timers.o
 .bss.xStaticTimerQueue.6645
                0x20004210       0x48 Middlewares\Third_Party\FreeRTOS\Source\timers.o
 .bss.xTimerQueue
                0x20004258        0x4 Middlewares\Third_Party\FreeRTOS\Source\timers.o
 .bss.xTimerTaskHandle
                0x2000425c        0x4 Middlewares\Third_Party\FreeRTOS\Source\timers.o
 .bss.xIdleStack
                0x20004260      0x200 Src\freertos.o
 .bss.xIdleTaskTCBBuffer
                0x20004460       0x54 Src\freertos.o
 .bss.xTimerStack
                0x200044b4      0x400 Src\freertos.o
 .bss.xTimerTaskTCBBuffer
                0x200048b4       0x54 Src\freertos.o
 *(COMMON)
 COMMON         0x20004908       0x28 Application\src\Controler.o
                0x20004908                controler
                0x20004928                tim1cnt
                0x2000492c                rpm_a
 COMMON         0x20004930       0x64 Application\src\UartCommunication.o
                0x20004930                uart
 COMMON         0x20004994        0x4 Drivers\STM32F3xx_HAL_Driver\Src\stm32f3xx_hal.o
                0x20004994                uwTick
 COMMON         0x20004998       0x40 Middlewares\Third_Party\FreeRTOS\Source\queue.o
                0x20004998                xQueueRegistry
 COMMON         0x200049d8       0x94 Src\adc.o
                0x200049d8                hadc2
                0x20004a28                hdma_adc2
 COMMON         0x20004a6c        0x8 Src\freertos.o
                0x20004a6c                defaultTaskHandle
                0x20004a70                power
 COMMON         0x20004a74       0x40 Src\stm32f3xx_hal_timebase_tim.o
                0x20004a74                htim6
 COMMON         0x20004ab4      0x180 Src\tim.o
                0x20004ab4                htim4
                0x20004af4                htim17
                0x20004b34                htim1
                0x20004b74                htim2
                0x20004bb4                htim16
                0x20004bf4                htim7
 COMMON         0x20004c34       0xc4 Src\usart.o
                0x20004c34                hdma_usart2_tx
                0x20004c78                huart2
                0x20004cf8                . = ALIGN (0x4)
                0x20004cf8                _ebss = .
                0x20004cf8                __bss_end__ = _ebss

._user_heap_stack
                0x20004cf8      0x600
                0x20004cf8                . = ALIGN (0x4)
                0x20004cf8                PROVIDE (end, .)
                [!provide]                PROVIDE (_end, .)
                0x20004ef8                . = (. + _Min_Heap_Size)
 *fill*         0x20004cf8      0x200 
                0x200052f8                . = (. + _Min_Stack_Size)
 *fill*         0x20004ef8      0x400 
                0x200052f8                . = ALIGN (0x4)

/DISCARD/
 libc.a(*)
 libm.a(*)
 libgcc.a(*)

.ARM.attributes
                0x00000000       0x30
 *(.ARM.attributes)
 .ARM.attributes
                0x00000000       0x22 c:/program files (x86)/atollic/truestudio for stm32 9.3.0/armtools/bin/../lib/gcc/arm-atollic-eabi/6.3.1/armv7e-m/fpu/crti.o
 .ARM.attributes
                0x00000022       0x34 c:/program files (x86)/atollic/truestudio for stm32 9.3.0/armtools/bin/../lib/gcc/arm-atollic-eabi/6.3.1/armv7e-m/fpu/crtbegin.o
 .ARM.attributes
                0x00000056       0x39 Application\src\Controler.o
 .ARM.attributes
                0x0000008f       0x39 Application\src\L6206.o
 .ARM.attributes
                0x000000c8       0x39 Application\src\UartCommunication.o
 .ARM.attributes
                0x00000101       0x39 Drivers\STM32F3xx_HAL_Driver\Src\stm32f3xx_hal.o
 .ARM.attributes
                0x0000013a       0x39 Drivers\STM32F3xx_HAL_Driver\Src\stm32f3xx_hal_adc_ex.o
 .ARM.attributes
                0x00000173       0x39 Drivers\STM32F3xx_HAL_Driver\Src\stm32f3xx_hal_cortex.o
 .ARM.attributes
                0x000001ac       0x39 Drivers\STM32F3xx_HAL_Driver\Src\stm32f3xx_hal_dma.o
 .ARM.attributes
                0x000001e5       0x39 Drivers\STM32F3xx_HAL_Driver\Src\stm32f3xx_hal_gpio.o
 .ARM.attributes
                0x0000021e       0x39 Drivers\STM32F3xx_HAL_Driver\Src\stm32f3xx_hal_rcc.o
 .ARM.attributes
                0x00000257       0x39 Drivers\STM32F3xx_HAL_Driver\Src\stm32f3xx_hal_rcc_ex.o
 .ARM.attributes
                0x00000290       0x39 Drivers\STM32F3xx_HAL_Driver\Src\stm32f3xx_hal_tim.o
 .ARM.attributes
                0x000002c9       0x39 Drivers\STM32F3xx_HAL_Driver\Src\stm32f3xx_hal_tim_ex.o
 .ARM.attributes
                0x00000302       0x39 Drivers\STM32F3xx_HAL_Driver\Src\stm32f3xx_hal_uart.o
 .ARM.attributes
                0x0000033b       0x39 Drivers\STM32F3xx_HAL_Driver\Src\stm32f3xx_hal_uart_ex.o
 .ARM.attributes
                0x00000374       0x39 Middlewares\Third_Party\FreeRTOS\Source\CMSIS_RTOS\cmsis_os.o
 .ARM.attributes
                0x000003ad       0x39 Middlewares\Third_Party\FreeRTOS\Source\list.o
 .ARM.attributes
                0x000003e6       0x39 Middlewares\Third_Party\FreeRTOS\Source\portable\GCC\ARM_CM4F\port.o
 .ARM.attributes
                0x0000041f       0x39 Middlewares\Third_Party\FreeRTOS\Source\portable\MemMang\heap_1.o
 .ARM.attributes
                0x00000458       0x39 Middlewares\Third_Party\FreeRTOS\Source\queue.o
 .ARM.attributes
                0x00000491       0x39 Middlewares\Third_Party\FreeRTOS\Source\tasks.o
 .ARM.attributes
                0x000004ca       0x39 Middlewares\Third_Party\FreeRTOS\Source\timers.o
 .ARM.attributes
                0x00000503       0x39 Src\adc.o
 .ARM.attributes
                0x0000053c       0x39 Src\dma.o
 .ARM.attributes
                0x00000575       0x39 Src\freertos.o
 .ARM.attributes
                0x000005ae       0x39 Src\gpio.o
 .ARM.attributes
                0x000005e7       0x39 Src\main.o
 .ARM.attributes
                0x00000620       0x39 Src\stm32f3xx_hal_msp.o
 .ARM.attributes
                0x00000659       0x39 Src\stm32f3xx_hal_timebase_tim.o
 .ARM.attributes
                0x00000692       0x39 Src\stm32f3xx_it.o
 .ARM.attributes
                0x000006cb       0x39 Src\system_stm32f3xx.o
 .ARM.attributes
                0x00000704       0x39 Src\tim.o
 .ARM.attributes
                0x0000073d       0x39 Src\usart.o
 .ARM.attributes
                0x00000776       0x21 startup\startup_stm32f303xc.o
 .ARM.attributes
                0x00000797       0x34 c:/program files (x86)/atollic/truestudio for stm32 9.3.0/armtools/bin/../lib/gcc/arm-atollic-eabi/6.3.1/../../../../arm-atollic-eabi/lib/armv7e-m/fpu\libc.a(lib_a-init.o)
 .ARM.attributes
                0x000007cb       0x34 c:/program files (x86)/atollic/truestudio for stm32 9.3.0/armtools/bin/../lib/gcc/arm-atollic-eabi/6.3.1/../../../../arm-atollic-eabi/lib/armv7e-m/fpu\libc.a(lib_a-memcpy-stub.o)
 .ARM.attributes
                0x000007ff       0x34 c:/program files (x86)/atollic/truestudio for stm32 9.3.0/armtools/bin/../lib/gcc/arm-atollic-eabi/6.3.1/../../../../arm-atollic-eabi/lib/armv7e-m/fpu\libc.a(lib_a-memset.o)
 .ARM.attributes
                0x00000833       0x22 c:/program files (x86)/atollic/truestudio for stm32 9.3.0/armtools/bin/../lib/gcc/arm-atollic-eabi/6.3.1/armv7e-m/fpu\libgcc.a(_arm_addsubdf3.o)
 .ARM.attributes
                0x00000855       0x22 c:/program files (x86)/atollic/truestudio for stm32 9.3.0/armtools/bin/../lib/gcc/arm-atollic-eabi/6.3.1/armv7e-m/fpu\libgcc.a(_arm_muldivdf3.o)
 .ARM.attributes
                0x00000877       0x22 c:/program files (x86)/atollic/truestudio for stm32 9.3.0/armtools/bin/../lib/gcc/arm-atollic-eabi/6.3.1/armv7e-m/fpu\libgcc.a(_arm_truncdfsf2.o)
 .ARM.attributes
                0x00000899       0x22 c:/program files (x86)/atollic/truestudio for stm32 9.3.0/armtools/bin/../lib/gcc/arm-atollic-eabi/6.3.1/armv7e-m/fpu/crtn.o
OUTPUT(DCMotrControlerF303.elf elf32-littlearm)

.debug_info     0x00000000    0x22258
 .debug_info    0x00000000      0xae4 Application\src\Controler.o
 .debug_info    0x00000ae4      0x83f Application\src\L6206.o
 .debug_info    0x00001323     0x11a7 Application\src\UartCommunication.o
 .debug_info    0x000024ca      0x88e Drivers\STM32F3xx_HAL_Driver\Src\stm32f3xx_hal.o
 .debug_info    0x00002d58     0x1b54 Drivers\STM32F3xx_HAL_Driver\Src\stm32f3xx_hal_adc_ex.o
 .debug_info    0x000048ac      0xefe Drivers\STM32F3xx_HAL_Driver\Src\stm32f3xx_hal_cortex.o
 .debug_info    0x000057aa      0x87d Drivers\STM32F3xx_HAL_Driver\Src\stm32f3xx_hal_dma.o
 .debug_info    0x00006027      0x705 Drivers\STM32F3xx_HAL_Driver\Src\stm32f3xx_hal_gpio.o
 .debug_info    0x0000672c     0x1470 Drivers\STM32F3xx_HAL_Driver\Src\stm32f3xx_hal_rcc.o
 .debug_info    0x00007b9c      0x7b2 Drivers\STM32F3xx_HAL_Driver\Src\stm32f3xx_hal_rcc_ex.o
 .debug_info    0x0000834e     0x33f1 Drivers\STM32F3xx_HAL_Driver\Src\stm32f3xx_hal_tim.o
 .debug_info    0x0000b73f     0x1568 Drivers\STM32F3xx_HAL_Driver\Src\stm32f3xx_hal_tim_ex.o
 .debug_info    0x0000cca7     0x1b74 Drivers\STM32F3xx_HAL_Driver\Src\stm32f3xx_hal_uart.o
 .debug_info    0x0000e81b      0x98b Drivers\STM32F3xx_HAL_Driver\Src\stm32f3xx_hal_uart_ex.o
 .debug_info    0x0000f1a6     0x28c9 Middlewares\Third_Party\FreeRTOS\Source\CMSIS_RTOS\cmsis_os.o
 .debug_info    0x00011a6f      0xade Middlewares\Third_Party\FreeRTOS\Source\list.o
 .debug_info    0x0001254d      0x572 Middlewares\Third_Party\FreeRTOS\Source\portable\GCC\ARM_CM4F\port.o
 .debug_info    0x00012abf      0xa46 Middlewares\Third_Party\FreeRTOS\Source\portable\MemMang\heap_1.o
 .debug_info    0x00013505     0x2878 Middlewares\Third_Party\FreeRTOS\Source\queue.o
 .debug_info    0x00015d7d     0x2ee9 Middlewares\Third_Party\FreeRTOS\Source\tasks.o
 .debug_info    0x00018c66     0x1d0f Middlewares\Third_Party\FreeRTOS\Source\timers.o
 .debug_info    0x0001a975      0xb09 Src\adc.o
 .debug_info    0x0001b47e      0x4c7 Src\dma.o
 .debug_info    0x0001b945     0x1373 Src\freertos.o
 .debug_info    0x0001ccb8      0x4d2 Src\gpio.o
 .debug_info    0x0001d18a     0x1153 Src\main.o
 .debug_info    0x0001e2dd      0x477 Src\stm32f3xx_hal_msp.o
 .debug_info    0x0001e754      0xab1 Src\stm32f3xx_hal_timebase_tim.o
 .debug_info    0x0001f205      0xa38 Src\stm32f3xx_it.o
 .debug_info    0x0001fc3d      0x462 Src\system_stm32f3xx.o
 .debug_info    0x0002009f     0x1513 Src\tim.o
 .debug_info    0x000215b2      0xc2a Src\usart.o
 .debug_info    0x000221dc       0x7c startup\startup_stm32f303xc.o

.debug_abbrev   0x00000000     0x4667
 .debug_abbrev  0x00000000      0x20d Application\src\Controler.o
 .debug_abbrev  0x0000020d      0x190 Application\src\L6206.o
 .debug_abbrev  0x0000039d      0x266 Application\src\UartCommunication.o
 .debug_abbrev  0x00000603      0x1e8 Drivers\STM32F3xx_HAL_Driver\Src\stm32f3xx_hal.o
 .debug_abbrev  0x000007eb      0x29e Drivers\STM32F3xx_HAL_Driver\Src\stm32f3xx_hal_adc_ex.o
 .debug_abbrev  0x00000a89      0x323 Drivers\STM32F3xx_HAL_Driver\Src\stm32f3xx_hal_cortex.o
 .debug_abbrev  0x00000dac      0x228 Drivers\STM32F3xx_HAL_Driver\Src\stm32f3xx_hal_dma.o
 .debug_abbrev  0x00000fd4      0x1d9 Drivers\STM32F3xx_HAL_Driver\Src\stm32f3xx_hal_gpio.o
 .debug_abbrev  0x000011ad      0x2a4 Drivers\STM32F3xx_HAL_Driver\Src\stm32f3xx_hal_rcc.o
 .debug_abbrev  0x00001451      0x246 Drivers\STM32F3xx_HAL_Driver\Src\stm32f3xx_hal_rcc_ex.o
 .debug_abbrev  0x00001697      0x21f Drivers\STM32F3xx_HAL_Driver\Src\stm32f3xx_hal_tim.o
 .debug_abbrev  0x000018b6      0x230 Drivers\STM32F3xx_HAL_Driver\Src\stm32f3xx_hal_tim_ex.o
 .debug_abbrev  0x00001ae6      0x248 Drivers\STM32F3xx_HAL_Driver\Src\stm32f3xx_hal_uart.o
 .debug_abbrev  0x00001d2e      0x221 Drivers\STM32F3xx_HAL_Driver\Src\stm32f3xx_hal_uart_ex.o
 .debug_abbrev  0x00001f4f      0x3a0 Middlewares\Third_Party\FreeRTOS\Source\CMSIS_RTOS\cmsis_os.o
 .debug_abbrev  0x000022ef      0x1ea Middlewares\Third_Party\FreeRTOS\Source\list.o
 .debug_abbrev  0x000024d9      0x23a Middlewares\Third_Party\FreeRTOS\Source\portable\GCC\ARM_CM4F\port.o
 .debug_abbrev  0x00002713      0x28c Middlewares\Third_Party\FreeRTOS\Source\portable\MemMang\heap_1.o
 .debug_abbrev  0x0000299f      0x39a Middlewares\Third_Party\FreeRTOS\Source\queue.o
 .debug_abbrev  0x00002d39      0x376 Middlewares\Third_Party\FreeRTOS\Source\tasks.o
 .debug_abbrev  0x000030af      0x30d Middlewares\Third_Party\FreeRTOS\Source\timers.o
 .debug_abbrev  0x000033bc      0x1ca Src\adc.o
 .debug_abbrev  0x00003586      0x13b Src\dma.o
 .debug_abbrev  0x000036c1      0x28c Src\freertos.o
 .debug_abbrev  0x0000394d      0x16e Src\gpio.o
 .debug_abbrev  0x00003abb      0x1fc Src\main.o
 .debug_abbrev  0x00003cb7      0x12e Src\stm32f3xx_hal_msp.o
 .debug_abbrev  0x00003de5      0x1e9 Src\stm32f3xx_hal_timebase_tim.o
 .debug_abbrev  0x00003fce      0x171 Src\stm32f3xx_it.o
 .debug_abbrev  0x0000413f      0x126 Src\system_stm32f3xx.o
 .debug_abbrev  0x00004265      0x212 Src\tim.o
 .debug_abbrev  0x00004477      0x1de Src\usart.o
 .debug_abbrev  0x00004655       0x12 startup\startup_stm32f303xc.o

.debug_loc      0x00000000     0xfc0c
 .debug_loc     0x00000000      0x171 Application\src\Controler.o
 .debug_loc     0x00000171       0x69 Application\src\L6206.o
 .debug_loc     0x000001da      0x15f Application\src\UartCommunication.o
 .debug_loc     0x00000339      0x10d Drivers\STM32F3xx_HAL_Driver\Src\stm32f3xx_hal.o
 .debug_loc     0x00000446     0x1aff Drivers\STM32F3xx_HAL_Driver\Src\stm32f3xx_hal_adc_ex.o
 .debug_loc     0x00001f45      0x616 Drivers\STM32F3xx_HAL_Driver\Src\stm32f3xx_hal_cortex.o
 .debug_loc     0x0000255b      0x724 Drivers\STM32F3xx_HAL_Driver\Src\stm32f3xx_hal_dma.o
 .debug_loc     0x00002c7f      0x2f6 Drivers\STM32F3xx_HAL_Driver\Src\stm32f3xx_hal_gpio.o
 .debug_loc     0x00002f75      0x95a Drivers\STM32F3xx_HAL_Driver\Src\stm32f3xx_hal_rcc.o
 .debug_loc     0x000038cf      0x811 Drivers\STM32F3xx_HAL_Driver\Src\stm32f3xx_hal_rcc_ex.o
 .debug_loc     0x000040e0     0x3c15 Drivers\STM32F3xx_HAL_Driver\Src\stm32f3xx_hal_tim.o
 .debug_loc     0x00007cf5     0x15ed Drivers\STM32F3xx_HAL_Driver\Src\stm32f3xx_hal_tim_ex.o
 .debug_loc     0x000092e2     0x1927 Drivers\STM32F3xx_HAL_Driver\Src\stm32f3xx_hal_uart.o
 .debug_loc     0x0000ac09      0x2e0 Drivers\STM32F3xx_HAL_Driver\Src\stm32f3xx_hal_uart_ex.o
 .debug_loc     0x0000aee9     0x1202 Middlewares\Third_Party\FreeRTOS\Source\CMSIS_RTOS\cmsis_os.o
 .debug_loc     0x0000c0eb       0x70 Middlewares\Third_Party\FreeRTOS\Source\list.o
 .debug_loc     0x0000c15b       0xdc Middlewares\Third_Party\FreeRTOS\Source\portable\GCC\ARM_CM4F\port.o
 .debug_loc     0x0000c237       0x5f Middlewares\Third_Party\FreeRTOS\Source\portable\MemMang\heap_1.o
 .debug_loc     0x0000c296     0x1236 Middlewares\Third_Party\FreeRTOS\Source\queue.o
 .debug_loc     0x0000d4cc     0x18cd Middlewares\Third_Party\FreeRTOS\Source\tasks.o
 .debug_loc     0x0000ed99      0xa36 Middlewares\Third_Party\FreeRTOS\Source\timers.o
 .debug_loc     0x0000f7cf       0x63 Src\adc.o
 .debug_loc     0x0000f832       0x42 Src\freertos.o
 .debug_loc     0x0000f874       0x3a Src\main.o
 .debug_loc     0x0000f8ae       0x79 Src\stm32f3xx_hal_timebase_tim.o
 .debug_loc     0x0000f927       0xff Src\system_stm32f3xx.o
 .debug_loc     0x0000fa26      0x183 Src\tim.o
 .debug_loc     0x0000fba9       0x63 Src\usart.o

.debug_aranges  0x00000000     0x15b8
 .debug_aranges
                0x00000000       0x48 Application\src\Controler.o
 .debug_aranges
                0x00000048       0x30 Application\src\L6206.o
 .debug_aranges
                0x00000078       0x48 Application\src\UartCommunication.o
 .debug_aranges
                0x000000c0       0xe0 Drivers\STM32F3xx_HAL_Driver\Src\stm32f3xx_hal.o
 .debug_aranges
                0x000001a0      0x168 Drivers\STM32F3xx_HAL_Driver\Src\stm32f3xx_hal_adc_ex.o
 .debug_aranges
                0x00000308       0xa8 Drivers\STM32F3xx_HAL_Driver\Src\stm32f3xx_hal_cortex.o
 .debug_aranges
                0x000003b0       0x88 Drivers\STM32F3xx_HAL_Driver\Src\stm32f3xx_hal_dma.o
 .debug_aranges
                0x00000438       0x58 Drivers\STM32F3xx_HAL_Driver\Src\stm32f3xx_hal_gpio.o
 .debug_aranges
                0x00000490       0x88 Drivers\STM32F3xx_HAL_Driver\Src\stm32f3xx_hal_rcc.o
 .debug_aranges
                0x00000518       0x38 Drivers\STM32F3xx_HAL_Driver\Src\stm32f3xx_hal_rcc_ex.o
 .debug_aranges
                0x00000550      0x3c8 Drivers\STM32F3xx_HAL_Driver\Src\stm32f3xx_hal_tim.o
 .debug_aranges
                0x00000918      0x160 Drivers\STM32F3xx_HAL_Driver\Src\stm32f3xx_hal_tim_ex.o
 .debug_aranges
                0x00000a78      0x210 Drivers\STM32F3xx_HAL_Driver\Src\stm32f3xx_hal_uart.o
 .debug_aranges
                0x00000c88       0x50 Drivers\STM32F3xx_HAL_Driver\Src\stm32f3xx_hal_uart_ex.o
 .debug_aranges
                0x00000cd8      0x1d8 Middlewares\Third_Party\FreeRTOS\Source\CMSIS_RTOS\cmsis_os.o
 .debug_aranges
                0x00000eb0       0x40 Middlewares\Third_Party\FreeRTOS\Source\list.o
 .debug_aranges
                0x00000ef0       0x80 Middlewares\Third_Party\FreeRTOS\Source\portable\GCC\ARM_CM4F\port.o
 .debug_aranges
                0x00000f70       0x38 Middlewares\Third_Party\FreeRTOS\Source\portable\MemMang\heap_1.o
 .debug_aranges
                0x00000fa8      0x110 Middlewares\Third_Party\FreeRTOS\Source\queue.o
 .debug_aranges
                0x000010b8      0x1b8 Middlewares\Third_Party\FreeRTOS\Source\tasks.o
 .debug_aranges
                0x00001270       0xc0 Middlewares\Third_Party\FreeRTOS\Source\timers.o
 .debug_aranges
                0x00001330       0x30 Src\adc.o
 .debug_aranges
                0x00001360       0x20 Src\dma.o
 .debug_aranges
                0x00001380       0x40 Src\freertos.o
 .debug_aranges
                0x000013c0       0x20 Src\gpio.o
 .debug_aranges
                0x000013e0       0x38 Src\main.o
 .debug_aranges
                0x00001418       0x20 Src\stm32f3xx_hal_msp.o
 .debug_aranges
                0x00001438       0x30 Src\stm32f3xx_hal_timebase_tim.o
 .debug_aranges
                0x00001468       0x60 Src\stm32f3xx_it.o
 .debug_aranges
                0x000014c8       0x28 Src\system_stm32f3xx.o
 .debug_aranges
                0x000014f0       0x70 Src\tim.o
 .debug_aranges
                0x00001560       0x30 Src\usart.o
 .debug_aranges
                0x00001590       0x28 startup\startup_stm32f303xc.o

.debug_ranges   0x00000000     0x1610
 .debug_ranges  0x00000000       0x38 Application\src\Controler.o
 .debug_ranges  0x00000038       0x20 Application\src\L6206.o
 .debug_ranges  0x00000058       0x38 Application\src\UartCommunication.o
 .debug_ranges  0x00000090       0xd0 Drivers\STM32F3xx_HAL_Driver\Src\stm32f3xx_hal.o
 .debug_ranges  0x00000160      0x158 Drivers\STM32F3xx_HAL_Driver\Src\stm32f3xx_hal_adc_ex.o
 .debug_ranges  0x000002b8       0xf8 Drivers\STM32F3xx_HAL_Driver\Src\stm32f3xx_hal_cortex.o
 .debug_ranges  0x000003b0       0x78 Drivers\STM32F3xx_HAL_Driver\Src\stm32f3xx_hal_dma.o
 .debug_ranges  0x00000428       0x48 Drivers\STM32F3xx_HAL_Driver\Src\stm32f3xx_hal_gpio.o
 .debug_ranges  0x00000470       0x98 Drivers\STM32F3xx_HAL_Driver\Src\stm32f3xx_hal_rcc.o
 .debug_ranges  0x00000508       0x40 Drivers\STM32F3xx_HAL_Driver\Src\stm32f3xx_hal_rcc_ex.o
 .debug_ranges  0x00000548      0x3b8 Drivers\STM32F3xx_HAL_Driver\Src\stm32f3xx_hal_tim.o
 .debug_ranges  0x00000900      0x150 Drivers\STM32F3xx_HAL_Driver\Src\stm32f3xx_hal_tim_ex.o
 .debug_ranges  0x00000a50      0x200 Drivers\STM32F3xx_HAL_Driver\Src\stm32f3xx_hal_uart.o
 .debug_ranges  0x00000c50       0x40 Drivers\STM32F3xx_HAL_Driver\Src\stm32f3xx_hal_uart_ex.o
 .debug_ranges  0x00000c90      0x1c8 Middlewares\Third_Party\FreeRTOS\Source\CMSIS_RTOS\cmsis_os.o
 .debug_ranges  0x00000e58       0x30 Middlewares\Third_Party\FreeRTOS\Source\list.o
 .debug_ranges  0x00000e88       0x70 Middlewares\Third_Party\FreeRTOS\Source\portable\GCC\ARM_CM4F\port.o
 .debug_ranges  0x00000ef8       0x28 Middlewares\Third_Party\FreeRTOS\Source\portable\MemMang\heap_1.o
 .debug_ranges  0x00000f20      0x1f0 Middlewares\Third_Party\FreeRTOS\Source\queue.o
 .debug_ranges  0x00001110      0x280 Middlewares\Third_Party\FreeRTOS\Source\tasks.o
 .debug_ranges  0x00001390       0xb0 Middlewares\Third_Party\FreeRTOS\Source\timers.o
 .debug_ranges  0x00001440       0x20 Src\adc.o
 .debug_ranges  0x00001460       0x10 Src\dma.o
 .debug_ranges  0x00001470       0x30 Src\freertos.o
 .debug_ranges  0x000014a0       0x10 Src\gpio.o
 .debug_ranges  0x000014b0       0x28 Src\main.o
 .debug_ranges  0x000014d8       0x10 Src\stm32f3xx_hal_msp.o
 .debug_ranges  0x000014e8       0x20 Src\stm32f3xx_hal_timebase_tim.o
 .debug_ranges  0x00001508       0x50 Src\stm32f3xx_it.o
 .debug_ranges  0x00001558       0x18 Src\system_stm32f3xx.o
 .debug_ranges  0x00001570       0x60 Src\tim.o
 .debug_ranges  0x000015d0       0x20 Src\usart.o
 .debug_ranges  0x000015f0       0x20 startup\startup_stm32f303xc.o

.debug_line     0x00000000     0xbd41
 .debug_line    0x00000000      0x3b2 Application\src\Controler.o
 .debug_line    0x000003b2      0x272 Application\src\L6206.o
 .debug_line    0x00000624      0x3f0 Application\src\UartCommunication.o
 .debug_line    0x00000a14      0x3ed Drivers\STM32F3xx_HAL_Driver\Src\stm32f3xx_hal.o
 .debug_line    0x00000e01     0x14b0 Drivers\STM32F3xx_HAL_Driver\Src\stm32f3xx_hal_adc_ex.o
 .debug_line    0x000022b1      0x43e Drivers\STM32F3xx_HAL_Driver\Src\stm32f3xx_hal_cortex.o
 .debug_line    0x000026ef      0x47b Drivers\STM32F3xx_HAL_Driver\Src\stm32f3xx_hal_dma.o
 .debug_line    0x00002b6a      0x37e Drivers\STM32F3xx_HAL_Driver\Src\stm32f3xx_hal_gpio.o
 .debug_line    0x00002ee8      0x747 Drivers\STM32F3xx_HAL_Driver\Src\stm32f3xx_hal_rcc.o
 .debug_line    0x0000362f      0x4e8 Drivers\STM32F3xx_HAL_Driver\Src\stm32f3xx_hal_rcc_ex.o
 .debug_line    0x00003b17     0x16ea Drivers\STM32F3xx_HAL_Driver\Src\stm32f3xx_hal_tim.o
 .debug_line    0x00005201      0x924 Drivers\STM32F3xx_HAL_Driver\Src\stm32f3xx_hal_tim_ex.o
 .debug_line    0x00005b25      0xdf8 Drivers\STM32F3xx_HAL_Driver\Src\stm32f3xx_hal_uart.o
 .debug_line    0x0000691d      0x36a Drivers\STM32F3xx_HAL_Driver\Src\stm32f3xx_hal_uart_ex.o
 .debug_line    0x00006c87      0x9b2 Middlewares\Third_Party\FreeRTOS\Source\CMSIS_RTOS\cmsis_os.o
 .debug_line    0x00007639      0x363 Middlewares\Third_Party\FreeRTOS\Source\list.o
 .debug_line    0x0000799c      0x35c Middlewares\Third_Party\FreeRTOS\Source\portable\GCC\ARM_CM4F\port.o
 .debug_line    0x00007cf8      0x358 Middlewares\Third_Party\FreeRTOS\Source\portable\MemMang\heap_1.o
 .debug_line    0x00008050      0xa64 Middlewares\Third_Party\FreeRTOS\Source\queue.o
 .debug_line    0x00008ab4      0xcda Middlewares\Third_Party\FreeRTOS\Source\tasks.o
 .debug_line    0x0000978e      0x5fc Middlewares\Third_Party\FreeRTOS\Source\timers.o
 .debug_line    0x00009d8a      0x2d1 Src\adc.o
 .debug_line    0x0000a05b      0x1f4 Src\dma.o
 .debug_line    0x0000a24f      0x497 Src\freertos.o
 .debug_line    0x0000a6e6      0x208 Src\gpio.o
 .debug_line    0x0000a8ee      0x377 Src\main.o
 .debug_line    0x0000ac65      0x200 Src\stm32f3xx_hal_msp.o
 .debug_line    0x0000ae65      0x291 Src\stm32f3xx_hal_timebase_tim.o
 .debug_line    0x0000b0f6      0x2be Src\stm32f3xx_it.o
 .debug_line    0x0000b3b4      0x20d Src\system_stm32f3xx.o
 .debug_line    0x0000b5c1      0x449 Src\tim.o
 .debug_line    0x0000ba0a      0x2b9 Src\usart.o
 .debug_line    0x0000bcc3       0x7e startup\startup_stm32f303xc.o

.debug_str      0x00000000     0x71fa
 .debug_str     0x00000000      0x81f Application\src\Controler.o
                                0x8e1 (size before relaxing)
 .debug_str     0x0000081f       0x9d Application\src\L6206.o
                                0x753 (size before relaxing)
 .debug_str     0x000008bc      0x68b Application\src\UartCommunication.o
                                0xc32 (size before relaxing)
 .debug_str     0x00000f47      0x777 Drivers\STM32F3xx_HAL_Driver\Src\stm32f3xx_hal.o
                                0xa1c (size before relaxing)
 .debug_str     0x000016be      0xa64 Drivers\STM32F3xx_HAL_Driver\Src\stm32f3xx_hal_adc_ex.o
                                0xfd7 (size before relaxing)
 .debug_str     0x00002122      0x492 Drivers\STM32F3xx_HAL_Driver\Src\stm32f3xx_hal_cortex.o
                                0xc43 (size before relaxing)
 .debug_str     0x000025b4      0x229 Drivers\STM32F3xx_HAL_Driver\Src\stm32f3xx_hal_dma.o
                                0x71f (size before relaxing)
 .debug_str     0x000027dd      0x1a7 Drivers\STM32F3xx_HAL_Driver\Src\stm32f3xx_hal_gpio.o
                                0x532 (size before relaxing)
 .debug_str     0x00002984      0x31c Drivers\STM32F3xx_HAL_Driver\Src\stm32f3xx_hal_rcc.o
                                0x736 (size before relaxing)
 .debug_str     0x00002ca0      0x22f Drivers\STM32F3xx_HAL_Driver\Src\stm32f3xx_hal_rcc_ex.o
                                0x619 (size before relaxing)
 .debug_str     0x00002ecf      0xe42 Drivers\STM32F3xx_HAL_Driver\Src\stm32f3xx_hal_tim.o
                               0x1606 (size before relaxing)
 .debug_str     0x00003d11      0x5a6 Drivers\STM32F3xx_HAL_Driver\Src\stm32f3xx_hal_tim_ex.o
                                0xe0c (size before relaxing)
 .debug_str     0x000042b7      0x703 Drivers\STM32F3xx_HAL_Driver\Src\stm32f3xx_hal_uart.o
                                0xf17 (size before relaxing)
 .debug_str     0x000049ba      0x146 Drivers\STM32F3xx_HAL_Driver\Src\stm32f3xx_hal_uart_ex.o
                                0x8a1 (size before relaxing)
 .debug_str     0x00004b00      0xd2a Middlewares\Third_Party\FreeRTOS\Source\CMSIS_RTOS\cmsis_os.o
                               0x148a (size before relaxing)
 .debug_str     0x0000582a      0x143 Middlewares\Third_Party\FreeRTOS\Source\list.o
                                0x74e (size before relaxing)
 .debug_str     0x0000596d      0x239 Middlewares\Third_Party\FreeRTOS\Source\portable\GCC\ARM_CM4F\port.o
                                0x49d (size before relaxing)
 .debug_str     0x00005ba6       0xcd Middlewares\Third_Party\FreeRTOS\Source\portable\MemMang\heap_1.o
                                0x711 (size before relaxing)
 .debug_str     0x00005c73      0x576 Middlewares\Third_Party\FreeRTOS\Source\queue.o
                                0xf60 (size before relaxing)
 .debug_str     0x000061e9      0x7c5 Middlewares\Third_Party\FreeRTOS\Source\tasks.o
                               0x14a9 (size before relaxing)
 .debug_str     0x000069ae      0x43f Middlewares\Third_Party\FreeRTOS\Source\timers.o
                                0xf27 (size before relaxing)
 .debug_str     0x00006ded       0x52 Src\adc.o
                                0x8d4 (size before relaxing)
 .debug_str     0x00006e3f       0x19 Src\dma.o
                                0x756 (size before relaxing)
 .debug_str     0x00006e58      0x102 Src\freertos.o
                                0xe94 (size before relaxing)
 .debug_str     0x00006f5a       0x1b Src\gpio.o
                                0x3bb (size before relaxing)
 .debug_str     0x00006f75       0x8a Src\main.o
                                0xee8 (size before relaxing)
 .debug_str     0x00006fff       0x1b Src\stm32f3xx_hal_msp.o
                                0x751 (size before relaxing)
 .debug_str     0x0000701a       0x50 Src\stm32f3xx_hal_timebase_tim.o
                                0xca6 (size before relaxing)
 .debug_str     0x0000706a       0xd0 Src\stm32f3xx_it.o
                                0x999 (size before relaxing)
 .debug_str     0x0000713a       0x50 Src\system_stm32f3xx.o
                                0x394 (size before relaxing)
 .debug_str     0x0000718a       0x56 Src\tim.o
                               0x105e (size before relaxing)
 .debug_str     0x000071e0       0x1a Src\usart.o
                                0xc78 (size before relaxing)

.comment        0x00000000       0x7c
 .comment       0x00000000       0x7c Application\src\Controler.o
                                 0x7d (size before relaxing)
 .comment       0x0000007c       0x7d Application\src\L6206.o
 .comment       0x0000007c       0x7d Application\src\UartCommunication.o
 .comment       0x0000007c       0x7d Drivers\STM32F3xx_HAL_Driver\Src\stm32f3xx_hal.o
 .comment       0x0000007c       0x7d Drivers\STM32F3xx_HAL_Driver\Src\stm32f3xx_hal_adc_ex.o
 .comment       0x0000007c       0x7d Drivers\STM32F3xx_HAL_Driver\Src\stm32f3xx_hal_cortex.o
 .comment       0x0000007c       0x7d Drivers\STM32F3xx_HAL_Driver\Src\stm32f3xx_hal_dma.o
 .comment       0x0000007c       0x7d Drivers\STM32F3xx_HAL_Driver\Src\stm32f3xx_hal_gpio.o
 .comment       0x0000007c       0x7d Drivers\STM32F3xx_HAL_Driver\Src\stm32f3xx_hal_rcc.o
 .comment       0x0000007c       0x7d Drivers\STM32F3xx_HAL_Driver\Src\stm32f3xx_hal_rcc_ex.o
 .comment       0x0000007c       0x7d Drivers\STM32F3xx_HAL_Driver\Src\stm32f3xx_hal_tim.o
 .comment       0x0000007c       0x7d Drivers\STM32F3xx_HAL_Driver\Src\stm32f3xx_hal_tim_ex.o
 .comment       0x0000007c       0x7d Drivers\STM32F3xx_HAL_Driver\Src\stm32f3xx_hal_uart.o
 .comment       0x0000007c       0x7d Drivers\STM32F3xx_HAL_Driver\Src\stm32f3xx_hal_uart_ex.o
 .comment       0x0000007c       0x7d Middlewares\Third_Party\FreeRTOS\Source\CMSIS_RTOS\cmsis_os.o
 .comment       0x0000007c       0x7d Middlewares\Third_Party\FreeRTOS\Source\list.o
 .comment       0x0000007c       0x7d Middlewares\Third_Party\FreeRTOS\Source\portable\GCC\ARM_CM4F\port.o
 .comment       0x0000007c       0x7d Middlewares\Third_Party\FreeRTOS\Source\portable\MemMang\heap_1.o
 .comment       0x0000007c       0x7d Middlewares\Third_Party\FreeRTOS\Source\queue.o
 .comment       0x0000007c       0x7d Middlewares\Third_Party\FreeRTOS\Source\tasks.o
 .comment       0x0000007c       0x7d Middlewares\Third_Party\FreeRTOS\Source\timers.o
 .comment       0x0000007c       0x7d Src\adc.o
 .comment       0x0000007c       0x7d Src\dma.o
 .comment       0x0000007c       0x7d Src\freertos.o
 .comment       0x0000007c       0x7d Src\gpio.o
 .comment       0x0000007c       0x7d Src\main.o
 .comment       0x0000007c       0x7d Src\stm32f3xx_hal_msp.o
 .comment       0x0000007c       0x7d Src\stm32f3xx_hal_timebase_tim.o
 .comment       0x0000007c       0x7d Src\stm32f3xx_it.o
 .comment       0x0000007c       0x7d Src\system_stm32f3xx.o
 .comment       0x0000007c       0x7d Src\tim.o
 .comment       0x0000007c       0x7d Src\usart.o

.debug_frame    0x00000000     0x3c7c
 .debug_frame   0x00000000       0xbc Application\src\Controler.o
 .debug_frame   0x000000bc       0x4c Application\src\L6206.o
 .debug_frame   0x00000108       0xac Application\src\UartCommunication.o
 .debug_frame   0x000001b4      0x1cc Drivers\STM32F3xx_HAL_Driver\Src\stm32f3xx_hal.o
 .debug_frame   0x00000380      0x4a4 Drivers\STM32F3xx_HAL_Driver\Src\stm32f3xx_hal_adc_ex.o
 .debug_frame   0x00000824      0x15c Drivers\STM32F3xx_HAL_Driver\Src\stm32f3xx_hal_cortex.o
 .debug_frame   0x00000980      0x164 Drivers\STM32F3xx_HAL_Driver\Src\stm32f3xx_hal_dma.o
 .debug_frame   0x00000ae4       0xd0 Drivers\STM32F3xx_HAL_Driver\Src\stm32f3xx_hal_gpio.o
 .debug_frame   0x00000bb4      0x16c Drivers\STM32F3xx_HAL_Driver\Src\stm32f3xx_hal_rcc.o
 .debug_frame   0x00000d20       0x7c Drivers\STM32F3xx_HAL_Driver\Src\stm32f3xx_hal_rcc_ex.o
 .debug_frame   0x00000d9c      0xafc Drivers\STM32F3xx_HAL_Driver\Src\stm32f3xx_hal_tim.o
 .debug_frame   0x00001898      0x3f8 Drivers\STM32F3xx_HAL_Driver\Src\stm32f3xx_hal_tim_ex.o
 .debug_frame   0x00001c90      0x5c0 Drivers\STM32F3xx_HAL_Driver\Src\stm32f3xx_hal_uart.o
 .debug_frame   0x00002250       0xcc Drivers\STM32F3xx_HAL_Driver\Src\stm32f3xx_hal_uart_ex.o
 .debug_frame   0x0000231c      0x5e4 Middlewares\Third_Party\FreeRTOS\Source\CMSIS_RTOS\cmsis_os.o
 .debug_frame   0x00002900       0x6c Middlewares\Third_Party\FreeRTOS\Source\list.o
 .debug_frame   0x0000296c      0x100 Middlewares\Third_Party\FreeRTOS\Source\portable\GCC\ARM_CM4F\port.o
 .debug_frame   0x00002a6c       0x5c Middlewares\Third_Party\FreeRTOS\Source\portable\MemMang\heap_1.o
 .debug_frame   0x00002ac8      0x370 Middlewares\Third_Party\FreeRTOS\Source\queue.o
 .debug_frame   0x00002e38      0x56c Middlewares\Third_Party\FreeRTOS\Source\tasks.o
 .debug_frame   0x000033a4      0x264 Middlewares\Third_Party\FreeRTOS\Source\timers.o
 .debug_frame   0x00003608       0x68 Src\adc.o
 .debug_frame   0x00003670       0x2c Src\dma.o
 .debug_frame   0x0000369c       0x78 Src\freertos.o
 .debug_frame   0x00003714       0x38 Src\gpio.o
 .debug_frame   0x0000374c       0x70 Src\main.o
 .debug_frame   0x000037bc       0x2c Src\stm32f3xx_hal_msp.o
 .debug_frame   0x000037e8       0x50 Src\stm32f3xx_hal_timebase_tim.o
 .debug_frame   0x00003838       0xb8 Src\stm32f3xx_it.o
 .debug_frame   0x000038f0       0x30 Src\system_stm32f3xx.o
 .debug_frame   0x00003920      0x168 Src\tim.o
 .debug_frame   0x00003a88       0x60 Src\usart.o
 .debug_frame   0x00003ae8       0x2c c:/program files (x86)/atollic/truestudio for stm32 9.3.0/armtools/bin/../lib/gcc/arm-atollic-eabi/6.3.1/../../../../arm-atollic-eabi/lib/armv7e-m/fpu\libc.a(lib_a-init.o)
 .debug_frame   0x00003b14       0x28 c:/program files (x86)/atollic/truestudio for stm32 9.3.0/armtools/bin/../lib/gcc/arm-atollic-eabi/6.3.1/../../../../arm-atollic-eabi/lib/armv7e-m/fpu\libc.a(lib_a-memcpy-stub.o)
 .debug_frame   0x00003b3c       0x20 c:/program files (x86)/atollic/truestudio for stm32 9.3.0/armtools/bin/../lib/gcc/arm-atollic-eabi/6.3.1/../../../../arm-atollic-eabi/lib/armv7e-m/fpu\libc.a(lib_a-memset.o)
 .debug_frame   0x00003b5c       0xac c:/program files (x86)/atollic/truestudio for stm32 9.3.0/armtools/bin/../lib/gcc/arm-atollic-eabi/6.3.1/armv7e-m/fpu\libgcc.a(_arm_addsubdf3.o)
 .debug_frame   0x00003c08       0x50 c:/program files (x86)/atollic/truestudio for stm32 9.3.0/armtools/bin/../lib/gcc/arm-atollic-eabi/6.3.1/armv7e-m/fpu\libgcc.a(_arm_muldivdf3.o)
 .debug_frame   0x00003c58       0x24 c:/program files (x86)/atollic/truestudio for stm32 9.3.0/armtools/bin/../lib/gcc/arm-atollic-eabi/6.3.1/armv7e-m/fpu\libgcc.a(_arm_truncdfsf2.o)
