Archive member included to satisfy reference by file (symbol)

c:/program files (x86)/atollic/truestudio for stm32 9.3.0/armtools/bin/../lib/gcc/arm-atollic-eabi/6.3.1/../../../../arm-atollic-eabi/lib/armv7e-m/fpu\libc.a(lib_a-errno.o)
                              Src\syscalls.o (__errno)
c:/program files (x86)/atollic/truestudio for stm32 9.3.0/armtools/bin/../lib/gcc/arm-atollic-eabi/6.3.1/../../../../arm-atollic-eabi/lib/armv7e-m/fpu\libc.a(lib_a-impure.o)
                              c:/program files (x86)/atollic/truestudio for stm32 9.3.0/armtools/bin/../lib/gcc/arm-atollic-eabi/6.3.1/../../../../arm-atollic-eabi/lib/armv7e-m/fpu\libc.a(lib_a-errno.o) (_impure_ptr)
c:/program files (x86)/atollic/truestudio for stm32 9.3.0/armtools/bin/../lib/gcc/arm-atollic-eabi/6.3.1/../../../../arm-atollic-eabi/lib/armv7e-m/fpu\libc.a(lib_a-init.o)
                              startup\startup_stm32f303xc.o (__libc_init_array)
c:/program files (x86)/atollic/truestudio for stm32 9.3.0/armtools/bin/../lib/gcc/arm-atollic-eabi/6.3.1/../../../../arm-atollic-eabi/lib/armv7e-m/fpu\libc.a(lib_a-memcpy-stub.o)
                              Application\src\UartCommunication.o (memcpy)
c:/program files (x86)/atollic/truestudio for stm32 9.3.0/armtools/bin/../lib/gcc/arm-atollic-eabi/6.3.1/../../../../arm-atollic-eabi/lib/armv7e-m/fpu\libc.a(lib_a-memset.o)
                              Drivers\STM32F3xx_HAL_Driver\Src\stm32f3xx_hal_adc_ex.o (memset)
c:/program files (x86)/atollic/truestudio for stm32 9.3.0/armtools/bin/../lib/gcc/arm-atollic-eabi/6.3.1/../../../../arm-atollic-eabi/lib/armv7e-m/fpu\libc.a(lib_a-printf.o)
                              Application\src\UartCommunication.o (printf)
c:/program files (x86)/atollic/truestudio for stm32 9.3.0/armtools/bin/../lib/gcc/arm-atollic-eabi/6.3.1/../../../../arm-atollic-eabi/lib/armv7e-m/fpu\libc.a(lib_a-vfprintf.o)
                              c:/program files (x86)/atollic/truestudio for stm32 9.3.0/armtools/bin/../lib/gcc/arm-atollic-eabi/6.3.1/../../../../arm-atollic-eabi/lib/armv7e-m/fpu\libc.a(lib_a-printf.o) (_vfprintf_r)
c:/program files (x86)/atollic/truestudio for stm32 9.3.0/armtools/bin/../lib/gcc/arm-atollic-eabi/6.3.1/../../../../arm-atollic-eabi/lib/armv7e-m/fpu\libc.a(lib_a-wsetup.o)
                              c:/program files (x86)/atollic/truestudio for stm32 9.3.0/armtools/bin/../lib/gcc/arm-atollic-eabi/6.3.1/../../../../arm-atollic-eabi/lib/armv7e-m/fpu\libc.a(lib_a-vfprintf.o) (__swsetup_r)
c:/program files (x86)/atollic/truestudio for stm32 9.3.0/armtools/bin/../lib/gcc/arm-atollic-eabi/6.3.1/../../../../arm-atollic-eabi/lib/armv7e-m/fpu\libc.a(lib_a-dtoa.o)
                              c:/program files (x86)/atollic/truestudio for stm32 9.3.0/armtools/bin/../lib/gcc/arm-atollic-eabi/6.3.1/../../../../arm-atollic-eabi/lib/armv7e-m/fpu\libc.a(lib_a-vfprintf.o) (_dtoa_r)
c:/program files (x86)/atollic/truestudio for stm32 9.3.0/armtools/bin/../lib/gcc/arm-atollic-eabi/6.3.1/../../../../arm-atollic-eabi/lib/armv7e-m/fpu\libc.a(lib_a-fflush.o)
                              c:/program files (x86)/atollic/truestudio for stm32 9.3.0/armtools/bin/../lib/gcc/arm-atollic-eabi/6.3.1/../../../../arm-atollic-eabi/lib/armv7e-m/fpu\libc.a(lib_a-vfprintf.o) (_fflush_r)
c:/program files (x86)/atollic/truestudio for stm32 9.3.0/armtools/bin/../lib/gcc/arm-atollic-eabi/6.3.1/../../../../arm-atollic-eabi/lib/armv7e-m/fpu\libc.a(lib_a-findfp.o)
                              c:/program files (x86)/atollic/truestudio for stm32 9.3.0/armtools/bin/../lib/gcc/arm-atollic-eabi/6.3.1/../../../../arm-atollic-eabi/lib/armv7e-m/fpu\libc.a(lib_a-printf.o) (__sinit)
c:/program files (x86)/atollic/truestudio for stm32 9.3.0/armtools/bin/../lib/gcc/arm-atollic-eabi/6.3.1/../../../../arm-atollic-eabi/lib/armv7e-m/fpu\libc.a(lib_a-freer.o)
                              c:/program files (x86)/atollic/truestudio for stm32 9.3.0/armtools/bin/../lib/gcc/arm-atollic-eabi/6.3.1/../../../../arm-atollic-eabi/lib/armv7e-m/fpu\libc.a(lib_a-wsetup.o) (_free_r)
c:/program files (x86)/atollic/truestudio for stm32 9.3.0/armtools/bin/../lib/gcc/arm-atollic-eabi/6.3.1/../../../../arm-atollic-eabi/lib/armv7e-m/fpu\libc.a(lib_a-fwalk.o)
                              c:/program files (x86)/atollic/truestudio for stm32 9.3.0/armtools/bin/../lib/gcc/arm-atollic-eabi/6.3.1/../../../../arm-atollic-eabi/lib/armv7e-m/fpu\libc.a(lib_a-findfp.o) (_fwalk)
c:/program files (x86)/atollic/truestudio for stm32 9.3.0/armtools/bin/../lib/gcc/arm-atollic-eabi/6.3.1/../../../../arm-atollic-eabi/lib/armv7e-m/fpu\libc.a(lib_a-localeconv.o)
                              c:/program files (x86)/atollic/truestudio for stm32 9.3.0/armtools/bin/../lib/gcc/arm-atollic-eabi/6.3.1/../../../../arm-atollic-eabi/lib/armv7e-m/fpu\libc.a(lib_a-vfprintf.o) (_localeconv_r)
[...]
Memory Configuration

Name             Origin             Length             Attributes
RAM              0x20000000         0x00008000         xrw
CCMRAM           0x10000000         0x00002000         xrw
FLASH            0x08000000         0x00020000         xr
*default*        0x00000000         0xffffffff

Linker script and memory map

LOAD c:/program files (x86)/atollic/truestudio for stm32 9.3.0/armtools/bin/../lib/gcc/arm-atollic-eabi/6.3.1/armv7e-m/fpu/crti.o
LOAD c:/program files (x86)/atollic/truestudio for stm32 9.3.0/armtools/bin/../lib/gcc/arm-atollic-eabi/6.3.1/armv7e-m/fpu/crtbegin.o
LOAD Application\src\Controler.o
LOAD Application\src\L6206.o
LOAD Application\src\UartCommunication.o
LOAD Drivers\STM32F3xx_HAL_Driver\Src\stm32f3xx_hal.o
LOAD Drivers\STM32F3xx_HAL_Driver\Src\stm32f3xx_hal_adc.o
LOAD Drivers\STM32F3xx_HAL_Driver\Src\stm32f3xx_hal_adc_ex.o
LOAD Drivers\STM32F3xx_HAL_Driver\Src\stm32f3xx_hal_cortex.o
LOAD Drivers\STM32F3xx_HAL_Driver\Src\stm32f3xx_hal_dma.o
LOAD Drivers\STM32F3xx_HAL_Driver\Src\stm32f3xx_hal_exti.o
LOAD Drivers\STM32F3xx_HAL_Driver\Src\stm32f3xx_hal_flash.o
LOAD Drivers\STM32F3xx_HAL_Driver\Src\stm32f3xx_hal_flash_ex.o
LOAD Drivers\STM32F3xx_HAL_Driver\Src\stm32f3xx_hal_gpio.o
LOAD Drivers\STM32F3xx_HAL_Driver\Src\stm32f3xx_hal_i2c.o
LOAD Drivers\STM32F3xx_HAL_Driver\Src\stm32f3xx_hal_i2c_ex.o
LOAD Drivers\STM32F3xx_HAL_Driver\Src\stm32f3xx_hal_pwr.o
LOAD Drivers\STM32F3xx_HAL_Driver\Src\stm32f3xx_hal_pwr_ex.o
LOAD Drivers\STM32F3xx_HAL_Driver\Src\stm32f3xx_hal_rcc.o
LOAD Drivers\STM32F3xx_HAL_Driver\Src\stm32f3xx_hal_rcc_ex.o
LOAD Drivers\STM32F3xx_HAL_Driver\Src\stm32f3xx_hal_tim.o
LOAD Drivers\STM32F3xx_HAL_Driver\Src\stm32f3xx_hal_tim_ex.o
LOAD Drivers\STM32F3xx_HAL_Driver\Src\stm32f3xx_hal_uart.o
LOAD Drivers\STM32F3xx_HAL_Driver\Src\stm32f3xx_hal_uart_ex.o
LOAD Middlewares\Third_Party\FreeRTOS\Source\CMSIS_RTOS\cmsis_os.o
LOAD Middlewares\Third_Party\FreeRTOS\Source\croutine.o
LOAD Middlewares\Third_Party\FreeRTOS\Source\event_groups.o
LOAD Middlewares\Third_Party\FreeRTOS\Source\list.o
LOAD Middlewares\Third_Party\FreeRTOS\Source\portable\GCC\ARM_CM4F\port.o
LOAD Middlewares\Third_Party\FreeRTOS\Source\portable\MemMang\heap_1.o
LOAD Middlewares\Third_Party\FreeRTOS\Source\queue.o
LOAD Middlewares\Third_Party\FreeRTOS\Source\stream_buffer.o
LOAD Middlewares\Third_Party\FreeRTOS\Source\tasks.o
LOAD Middlewares\Third_Party\FreeRTOS\Source\timers.o
LOAD Src\adc.o
LOAD Src\dma.o
LOAD Src\freertos.o
LOAD Src\gpio.o
LOAD Src\main.o
LOAD Src\stm32f3xx_hal_msp.o
LOAD Src\stm32f3xx_hal_timebase_tim.o
LOAD Src\stm32f3xx_it.o
LOAD Src\syscalls.o
LOAD Src\system_stm32f3xx.o
LOAD Src\tim.o
LOAD Src\usart.o
LOAD startup\startup_stm32f303xc.o
                0x00000080                malloc_getpagesize_P = 0x80
START GROUP
LOAD c:/program files (x86)/atollic/truestudio for stm32 9.3.0/armtools/bin/../lib/gcc/arm-atollic-eabi/6.3.1/../../../../arm-atollic-eabi/lib/armv7e-m/fpu\libc.a
LOAD c:/program files (x86)/atollic/truestudio for stm32 9.3.0/armtools/bin/../lib/gcc/arm-atollic-eabi/6.3.1/../../../../arm-atollic-eabi/lib/armv7e-m/fpu\libm.a
END GROUP
START GROUP
LOAD c:/program files (x86)/atollic/truestudio for stm32 9.3.0/armtools/bin/../lib/gcc/arm-atollic-eabi/6.3.1/armv7e-m/fpu\libgcc.a
LOAD c:/program files (x86)/atollic/truestudio for stm32 9.3.0/armtools/bin/../lib/gcc/arm-atollic-eabi/6.3.1/../../../../arm-atollic-eabi/lib/armv7e-m/fpu\libc.a
END GROUP
START GROUP
LOAD c:/program files (x86)/atollic/truestudio for stm32 9.3.0/armtools/bin/../lib/gcc/arm-atollic-eabi/6.3.1/armv7e-m/fpu\libgcc.a
LOAD c:/program files (x86)/atollic/truestudio for stm32 9.3.0/armtools/bin/../lib/gcc/arm-atollic-eabi/6.3.1/../../../../arm-atollic-eabi/lib/armv7e-m/fpu\libc.a
LOAD c:/program files (x86)/atollic/truestudio for stm32 9.3.0/armtools/bin/../lib/gcc/arm-atollic-eabi/6.3.1/../../../../arm-atollic-eabi/lib/armv7e-m/fpu\libnosys.a
END GROUP
LOAD c:/program files (x86)/atollic/truestudio for stm32 9.3.0/armtools/bin/../lib/gcc/arm-atollic-eabi/6.3.1/armv7e-m/fpu/crtend.o
LOAD c:/program files (x86)/atollic/truestudio for stm32 9.3.0/armtools/bin/../lib/gcc/arm-atollic-eabi/6.3.1/armv7e-m/fpu/crtn.o
                0x20008000                _estack = 0x20008000
                0x00000200                _Min_Heap_Size = 0x200
                0x00000400                _Min_Stack_Size = 0x400

.isr_vector     0x08000000      0x188
                0x08000000                . = ALIGN (0x4)
 *(.isr_vector)
 .isr_vector    0x08000000      0x188 startup\startup_stm32f303xc.o
                0x08000000                g_pfnVectors
                0x08000188                . = ALIGN (0x4)

.text           0x08000190     0x9ea0
                0x08000190                . = ALIGN (0x4)
 *(.text)
 .text          0x08000190       0x40 c:/program files (x86)/atollic/truestudio for stm32 9.3.0/armtools/bin/../lib/gcc/arm-atollic-eabi/6.3.1/armv7e-m/fpu/crtbegin.o
 .text          0x080001d0       0xa0 c:/program files (x86)/atollic/truestudio for stm32 9.3.0/armtools/bin/../lib/gcc/arm-atollic-eabi/6.3.1/../../../../arm-atollic-eabi/lib/armv7e-m/fpu\libc.a(lib_a-memchr.o)
                0x080001d0                memchr
 .text          0x08000270       0x10 c:/program files (x86)/atollic/truestudio for stm32 9.3.0/armtools/bin/../lib/gcc/arm-atollic-eabi/6.3.1/../../../../arm-atollic-eabi/lib/armv7e-m/fpu\libc.a(lib_a-strlen.o)
                0x08000270                strlen
 .text          0x08000280      0x370 c:/program files (x86)/atollic/truestudio for stm32 9.3.0/armtools/bin/../lib/gcc/arm-atollic-eabi/6.3.1/armv7e-m/fpu\libgcc.a(_arm_addsubdf3.o)
                0x08000280                __aeabi_drsub
                0x08000288                __aeabi_dsub
                0x08000288                __subdf3
                0x0800028c                __aeabi_dadd
                0x0800028c                __adddf3
                0x08000504                __floatunsidf
                0x08000504                __aeabi_ui2d
                0x08000524                __floatsidf
                0x08000524                __aeabi_i2d
                0x08000548                __aeabi_f2d
                0x08000548                __extendsfdf2
                0x08000584                __floatundidf
                0x08000584                __aeabi_ul2d
                0x08000594                __floatdidf
                0x08000594                __aeabi_l2d
 .text          0x080005f0      0x424 c:/program files (x86)/atollic/truestudio for stm32 9.3.0/armtools/bin/../lib/gcc/arm-atollic-eabi/6.3.1/armv7e-m/fpu\libgcc.a(_arm_muldivdf3.o)
                0x080005f0                __aeabi_dmul
                0x080005f0                __muldf3
                0x08000844                __divdf3
                0x08000844                __aeabi_ddiv
 .text          0x08000a14      0x110 c:/program files (x86)/atollic/truestudio for stm32 9.3.0/armtools/bin/../lib/gcc/arm-atollic-eabi/6.3.1/armv7e-m/fpu\libgcc.a(_arm_cmpdf2.o)
                0x08000a14                __gtdf2
                0x08000a14                __gedf2
                0x08000a1c                __ltdf2
                0x08000a1c                __ledf2
                0x08000a24                __nedf2
                0x08000a24                __eqdf2
                0x08000a24                __cmpdf2
                0x08000aa0                __aeabi_cdrcmple
                0x08000ab0                __aeabi_cdcmpeq
                0x08000ab0                __aeabi_cdcmple
                0x08000ac0                __aeabi_dcmpeq
                0x08000ad4                __aeabi_dcmplt
                0x08000ae8                __aeabi_dcmple
                0x08000afc                __aeabi_dcmpge
                0x08000b10                __aeabi_dcmpgt
 .text          0x08000b24       0x2c c:/program files (x86)/atollic/truestudio for stm32 9.3.0/armtools/bin/../lib/gcc/arm-atollic-eabi/6.3.1/armv7e-m/fpu\libgcc.a(_arm_unorddf2.o)
                0x08000b24                __unorddf2
                0x08000b24                __aeabi_dcmpun
 .text          0x08000b50       0x50 c:/program files (x86)/atollic/truestudio for stm32 9.3.0/armtools/bin/../lib/gcc/arm-atollic-eabi/6.3.1/armv7e-m/fpu\libgcc.a(_arm_fixdfsi.o)
                0x08000b50                __aeabi_d2iz
                0x08000b50                __fixdfsi
 .text          0x08000ba0       0xa0 c:/program files (x86)/atollic/truestudio for stm32 9.3.0/armtools/bin/../lib/gcc/arm-atollic-eabi/6.3.1/armv7e-m/fpu\libgcc.a(_arm_truncdfsf2.o)
                0x08000ba0                __truncdfsf2
                0x08000ba0                __aeabi_d2f
 .text          0x08000c40       0x30 c:/program files (x86)/atollic/truestudio for stm32 9.3.0/armtools/bin/../lib/gcc/arm-atollic-eabi/6.3.1/armv7e-m/fpu\libgcc.a(_aeabi_uldivmod.o)
                0x08000c40                __aeabi_uldivmod
 .text          0x08000c70      0x2dc c:/program files (x86)/atollic/truestudio for stm32 9.3.0/armtools/bin/../lib/gcc/arm-atollic-eabi/6.3.1/armv7e-m/fpu\libgcc.a(_udivmoddi4.o)
                0x08000c70                __udivmoddi4
 .text          0x08000f4c        0x4 c:/program files (x86)/atollic/truestudio for stm32 9.3.0/armtools/bin/../lib/gcc/arm-atollic-eabi/6.3.1/armv7e-m/fpu\libgcc.a(_dvmd_tls.o)
                0x08000f4c                __aeabi_idiv0
                0x08000f4c                __aeabi_ldiv0
 *(.text*)
 .text.ControlerTask
                0x08000f50       0xb0 Application\src\Controler.o
                0x08000f50                ControlerTask
 .text.Controler_Init
                0x08001000       0x94 Application\src\Controler.o
                0x08001000                Controler_Init
 .text.UartCommunication_NewFrame
                0x08001094       0x94 Application\src\Controler.o
                0x08001094                UartCommunication_NewFrame
 .text.Controler_SendFrame
                0x08001128       0x34 Application\src\Controler.o
                0x08001128                Controler_SendFrame
 .text.ControlerSpervisorTask
                0x0800115c       0x40 Application\src\Controler.o
                0x0800115c                ControlerSpervisorTask
 .text.TIM7_IRQHandler
                0x0800119c       0x5c Application\src\Controler.o
                0x0800119c                TIM7_IRQHandler
 .text.L6206_init
                0x080011f8       0x78 Application\src\L6206.o
                0x080011f8                L6206_init
 .text.L6206_enable
                0x08001270       0x3c Application\src\L6206.o
                0x08001270                L6206_enable
 .text.L6206_setDuty
                0x080012ac       0x48 Application\src\L6206.o
                0x080012ac                L6206_setDuty
 .text.HAL_UART_RxCpltCallback
                0x080012f4       0x74 Application\src\UartCommunication.o
                0x080012f4                HAL_UART_RxCpltCallback
 .text.UartCommunication_Init
                0x08001368       0x44 Application\src\UartCommunication.o
                0x08001368                UartCommunication_Init
 .text.UartCommunication_Send
                0x080013ac       0x4c Application\src\UartCommunication.o
                0x080013ac                UartCommunication_Send
 .text.UartCommunication_Thread
                0x080013f8       0xa0 Application\src\UartCommunication.o
                0x080013f8                UartCommunication_Thread
 .text.HAL_Init
                0x08001498       0x24 Drivers\STM32F3xx_HAL_Driver\Src\stm32f3xx_hal.o
                0x08001498                HAL_Init
 .text.HAL_IncTick
                0x080014bc       0x18 Drivers\STM32F3xx_HAL_Driver\Src\stm32f3xx_hal.o
                0x080014bc                HAL_IncTick
 .text.HAL_GetTick
                0x080014d4        0xc Drivers\STM32F3xx_HAL_Driver\Src\stm32f3xx_hal.o
                0x080014d4                HAL_GetTick
 .text.ADC_Disable
                0x080014e0       0x88 Drivers\STM32F3xx_HAL_Driver\Src\stm32f3xx_hal_adc_ex.o
 .text.HAL_ADC_Init
                0x08001568      0x29c Drivers\STM32F3xx_HAL_Driver\Src\stm32f3xx_hal_adc_ex.o
                0x08001568                HAL_ADC_Init
 .text.HAL_ADC_ConfigChannel
                0x08001804      0x3c8 Drivers\STM32F3xx_HAL_Driver\Src\stm32f3xx_hal_adc_ex.o
                0x08001804                HAL_ADC_ConfigChannel
 .text.HAL_NVIC_SetPriorityGrouping
                0x08001bcc       0x24 Drivers\STM32F3xx_HAL_Driver\Src\stm32f3xx_hal_cortex.o
                0x08001bcc                HAL_NVIC_SetPriorityGrouping
 .text.HAL_NVIC_SetPriority
                0x08001bf0       0x64 Drivers\STM32F3xx_HAL_Driver\Src\stm32f3xx_hal_cortex.o
                0x08001bf0                HAL_NVIC_SetPriority
 .text.HAL_NVIC_EnableIRQ
                0x08001c54       0x1c Drivers\STM32F3xx_HAL_Driver\Src\stm32f3xx_hal_cortex.o
                0x08001c54                HAL_NVIC_EnableIRQ
 .text.DMA_CalcBaseAndBitshift
                0x08001c70       0x4c Drivers\STM32F3xx_HAL_Driver\Src\stm32f3xx_hal_dma.o
 .text.HAL_DMA_Init
                0x08001cbc       0x50 Drivers\STM32F3xx_HAL_Driver\Src\stm32f3xx_hal_dma.o
                0x08001cbc                HAL_DMA_Init
 .text.HAL_DMA_Abort_IT
                0x08001d0c       0x4a Drivers\STM32F3xx_HAL_Driver\Src\stm32f3xx_hal_dma.o
                0x08001d0c                HAL_DMA_Abort_IT
 .text.HAL_DMA_IRQHandler
                0x08001d56       0xb2 Drivers\STM32F3xx_HAL_Driver\Src\stm32f3xx_hal_dma.o
                0x08001d56                HAL_DMA_IRQHandler
 .text.HAL_GPIO_Init
                0x08001e08      0x1a0 Drivers\STM32F3xx_HAL_Driver\Src\stm32f3xx_hal_gpio.o
                0x08001e08                HAL_GPIO_Init
 .text.HAL_GPIO_WritePin
                0x08001fa8        0xa Drivers\STM32F3xx_HAL_Driver\Src\stm32f3xx_hal_gpio.o
                0x08001fa8                HAL_GPIO_WritePin
 *fill*         0x08001fb2        0x2 
 .text.HAL_RCC_OscConfig
                0x08001fb4      0x640 Drivers\STM32F3xx_HAL_Driver\Src\stm32f3xx_hal_rcc.o
                0x08001fb4                HAL_RCC_OscConfig
 .text.HAL_RCC_GetSysClockFreq
                0x080025f4       0x70 Drivers\STM32F3xx_HAL_Driver\Src\stm32f3xx_hal_rcc.o
                0x080025f4                HAL_RCC_GetSysClockFreq
 .text.HAL_RCC_ClockConfig
                0x08002664      0x1a4 Drivers\STM32F3xx_HAL_Driver\Src\stm32f3xx_hal_rcc.o
                0x08002664                HAL_RCC_ClockConfig
 .text.HAL_RCC_GetHCLKFreq
                0x08002808        0xc Drivers\STM32F3xx_HAL_Driver\Src\stm32f3xx_hal_rcc.o
                0x08002808                HAL_RCC_GetHCLKFreq
 .text.HAL_RCC_GetPCLK1Freq
                0x08002814       0x2c Drivers\STM32F3xx_HAL_Driver\Src\stm32f3xx_hal_rcc.o
                0x08002814                HAL_RCC_GetPCLK1Freq
 .text.HAL_RCC_GetPCLK2Freq
                0x08002840       0x2c Drivers\STM32F3xx_HAL_Driver\Src\stm32f3xx_hal_rcc.o
                0x08002840                HAL_RCC_GetPCLK2Freq
 .text.HAL_RCC_GetClockConfig
                0x0800286c       0x3c Drivers\STM32F3xx_HAL_Driver\Src\stm32f3xx_hal_rcc.o
                0x0800286c                HAL_RCC_GetClockConfig
 .text.HAL_RCCEx_PeriphCLKConfig
                0x080028a8      0x268 Drivers\STM32F3xx_HAL_Driver\Src\stm32f3xx_hal_rcc_ex.o
                0x080028a8                HAL_RCCEx_PeriphCLKConfig
 .text.TIM_OC1_SetConfig
                0x08002b10       0x9c Drivers\STM32F3xx_HAL_Driver\Src\stm32f3xx_hal_tim.o
 .text.TIM_OC3_SetConfig
                0x08002bac       0x8c Drivers\STM32F3xx_HAL_Driver\Src\stm32f3xx_hal_tim.o
 .text.TIM_OC4_SetConfig
                0x08002c38       0x6c Drivers\STM32F3xx_HAL_Driver\Src\stm32f3xx_hal_tim.o
 .text.TIM_OC5_SetConfig
                0x08002ca4       0x68 Drivers\STM32F3xx_HAL_Driver\Src\stm32f3xx_hal_tim.o
 .text.TIM_OC6_SetConfig
                0x08002d0c       0x6c Drivers\STM32F3xx_HAL_Driver\Src\stm32f3xx_hal_tim.o
 .text.TIM_TI1_ConfigInputStage
                0x08002d78       0x26 Drivers\STM32F3xx_HAL_Driver\Src\stm32f3xx_hal_tim.o
 .text.TIM_TI2_ConfigInputStage
                0x08002d9e       0x28 Drivers\STM32F3xx_HAL_Driver\Src\stm32f3xx_hal_tim.o
 .text.TIM_ITRx_SetConfig
                0x08002dc6       0x10 Drivers\STM32F3xx_HAL_Driver\Src\stm32f3xx_hal_tim.o
 *fill*         0x08002dd6        0x2 
 .text.HAL_TIM_Base_Start
                0x08002dd8       0x30 Drivers\STM32F3xx_HAL_Driver\Src\stm32f3xx_hal_tim.o
                0x08002dd8                HAL_TIM_Base_Start
 .text.HAL_TIM_Base_Start_IT
                0x08002e08       0x2c Drivers\STM32F3xx_HAL_Driver\Src\stm32f3xx_hal_tim.o
                0x08002e08                HAL_TIM_Base_Start_IT
 .text.HAL_TIM_PWM_MspInit
                0x08002e34        0x2 Drivers\STM32F3xx_HAL_Driver\Src\stm32f3xx_hal_tim.o
                0x08002e34                HAL_TIM_PWM_MspInit
 .text.HAL_TIM_OC_DelayElapsedCallback
                0x08002e36        0x2 Drivers\STM32F3xx_HAL_Driver\Src\stm32f3xx_hal_tim.o
                0x08002e36                HAL_TIM_OC_DelayElapsedCallback
 .text.HAL_TIM_IC_CaptureCallback
                0x08002e38        0x2 Drivers\STM32F3xx_HAL_Driver\Src\stm32f3xx_hal_tim.o
                0x08002e38                HAL_TIM_IC_CaptureCallback
 .text.HAL_TIM_PWM_PulseFinishedCallback
                0x08002e3a        0x2 Drivers\STM32F3xx_HAL_Driver\Src\stm32f3xx_hal_tim.o
                0x08002e3a                HAL_TIM_PWM_PulseFinishedCallback
 .text.HAL_TIM_TriggerCallback
                0x08002e3c        0x2 Drivers\STM32F3xx_HAL_Driver\Src\stm32f3xx_hal_tim.o
                0x08002e3c                HAL_TIM_TriggerCallback
 .text.HAL_TIM_IRQHandler
                0x08002e3e      0x19a Drivers\STM32F3xx_HAL_Driver\Src\stm32f3xx_hal_tim.o
                0x08002e3e                HAL_TIM_IRQHandler
 .text.TIM_Base_SetConfig
                0x08002fd8       0xb8 Drivers\STM32F3xx_HAL_Driver\Src\stm32f3xx_hal_tim.o
                0x08002fd8                TIM_Base_SetConfig
 .text.HAL_TIM_Base_Init
                0x08003090       0x32 Drivers\STM32F3xx_HAL_Driver\Src\stm32f3xx_hal_tim.o
                0x08003090                HAL_TIM_Base_Init
 .text.HAL_TIM_PWM_Init
                0x080030c2       0x32 Drivers\STM32F3xx_HAL_Driver\Src\stm32f3xx_hal_tim.o
                0x080030c2                HAL_TIM_PWM_Init
 .text.HAL_TIM_Encoder_Init
                0x080030f4       0x9c Drivers\STM32F3xx_HAL_Driver\Src\stm32f3xx_hal_tim.o
                0x080030f4                HAL_TIM_Encoder_Init
 .text.TIM_OC2_SetConfig
                0x08003190       0x90 Drivers\STM32F3xx_HAL_Driver\Src\stm32f3xx_hal_tim.o
                0x08003190                TIM_OC2_SetConfig
 .text.HAL_TIM_PWM_ConfigChannel
                0x08003220      0x134 Drivers\STM32F3xx_HAL_Driver\Src\stm32f3xx_hal_tim.o
                0x08003220                HAL_TIM_PWM_ConfigChannel
 .text.TIM_ETR_SetConfig
                0x08003354       0x18 Drivers\STM32F3xx_HAL_Driver\Src\stm32f3xx_hal_tim.o
                0x08003354                TIM_ETR_SetConfig
 .text.HAL_TIM_ConfigClockSource
                0x0800336c       0xdc Drivers\STM32F3xx_HAL_Driver\Src\stm32f3xx_hal_tim.o
                0x0800336c                HAL_TIM_ConfigClockSource
 .text.TIM_CCxChannelCmd
                0x08003448       0x22 Drivers\STM32F3xx_HAL_Driver\Src\stm32f3xx_hal_tim.o
                0x08003448                TIM_CCxChannelCmd
 *fill*         0x0800346a        0x2 
 .text.HAL_TIM_PWM_Start
                0x0800346c       0x7c Drivers\STM32F3xx_HAL_Driver\Src\stm32f3xx_hal_tim.o
                0x0800346c                HAL_TIM_PWM_Start
 .text.HAL_TIM_Encoder_Start
                0x080034e8       0x44 Drivers\STM32F3xx_HAL_Driver\Src\stm32f3xx_hal_tim.o
                0x080034e8                HAL_TIM_Encoder_Start
 .text.HAL_TIMEx_MasterConfigSynchronization
                0x0800352c       0x90 Drivers\STM32F3xx_HAL_Driver\Src\stm32f3xx_hal_tim_ex.o
                0x0800352c                HAL_TIMEx_MasterConfigSynchronization
 .text.HAL_TIMEx_ConfigBreakDeadTime
                0x080035bc       0x90 Drivers\STM32F3xx_HAL_Driver\Src\stm32f3xx_hal_tim_ex.o
                0x080035bc                HAL_TIMEx_ConfigBreakDeadTime
 .text.HAL_TIMEx_CommutCallback
                0x0800364c        0x2 Drivers\STM32F3xx_HAL_Driver\Src\stm32f3xx_hal_tim_ex.o
                0x0800364c                HAL_TIMEx_CommutCallback
 .text.HAL_TIMEx_BreakCallback
                0x0800364e        0x2 Drivers\STM32F3xx_HAL_Driver\Src\stm32f3xx_hal_tim_ex.o
                0x0800364e                HAL_TIMEx_BreakCallback
 .text.HAL_TIMEx_Break2Callback
                0x08003650        0x2 Drivers\STM32F3xx_HAL_Driver\Src\stm32f3xx_hal_tim_ex.o
                0x08003650                HAL_TIMEx_Break2Callback
 .text.UART_EndRxTransfer
                0x08003652       0x1e Drivers\STM32F3xx_HAL_Driver\Src\stm32f3xx_hal_uart.o
 .text.UART_TxISR_8BIT
                0x08003670       0x44 Drivers\STM32F3xx_HAL_Driver\Src\stm32f3xx_hal_uart.o
 .text.UART_TxISR_16BIT
                0x080036b4       0x48 Drivers\STM32F3xx_HAL_Driver\Src\stm32f3xx_hal_uart.o
 .text.HAL_UART_Transmit_IT
                0x080036fc       0x70 Drivers\STM32F3xx_HAL_Driver\Src\stm32f3xx_hal_uart.o
                0x080036fc                HAL_UART_Transmit_IT
 .text.HAL_UART_TxCpltCallback
                0x0800376c        0x2 Drivers\STM32F3xx_HAL_Driver\Src\stm32f3xx_hal_uart.o
                0x0800376c                HAL_UART_TxCpltCallback
 .text.UART_EndTransmit_IT
                0x0800376e       0x1a Drivers\STM32F3xx_HAL_Driver\Src\stm32f3xx_hal_uart.o
 .text.HAL_UART_ErrorCallback
                0x08003788        0x2 Drivers\STM32F3xx_HAL_Driver\Src\stm32f3xx_hal_uart.o
                0x08003788                HAL_UART_ErrorCallback
 *fill*         0x0800378a        0x2 
 .text.HAL_UART_IRQHandler
                0x0800378c      0x178 Drivers\STM32F3xx_HAL_Driver\Src\stm32f3xx_hal_uart.o
                0x0800378c                HAL_UART_IRQHandler
 .text.UART_DMAAbortOnError
                0x08003904       0x14 Drivers\STM32F3xx_HAL_Driver\Src\stm32f3xx_hal_uart.o
 .text.UART_SetConfig
                0x08003918      0x2b8 Drivers\STM32F3xx_HAL_Driver\Src\stm32f3xx_hal_uart.o
                0x08003918                UART_SetConfig
 .text.UART_AdvFeatureConfig
                0x08003bd0       0xca Drivers\STM32F3xx_HAL_Driver\Src\stm32f3xx_hal_uart.o
                0x08003bd0                UART_AdvFeatureConfig
 .text.UART_WaitOnFlagUntilTimeout
                0x08003c9a       0xa0 Drivers\STM32F3xx_HAL_Driver\Src\stm32f3xx_hal_uart.o
                0x08003c9a                UART_WaitOnFlagUntilTimeout
 .text.UART_CheckIdleState
                0x08003d3a       0x6c Drivers\STM32F3xx_HAL_Driver\Src\stm32f3xx_hal_uart.o
                0x08003d3a                UART_CheckIdleState
 .text.HAL_UART_Init
                0x08003da6       0x64 Drivers\STM32F3xx_HAL_Driver\Src\stm32f3xx_hal_uart.o
                0x08003da6                HAL_UART_Init
 .text.HAL_UARTEx_WakeupCallback
                0x08003e0a        0x2 Drivers\STM32F3xx_HAL_Driver\Src\stm32f3xx_hal_uart_ex.o
                0x08003e0a                HAL_UARTEx_WakeupCallback
 .text.makeFreeRtosPriority
                0x08003e0c        0xc Middlewares\Third_Party\FreeRTOS\Source\CMSIS_RTOS\cmsis_os.o
 .text.osKernelStart
                0x08003e18        0xa Middlewares\Third_Party\FreeRTOS\Source\CMSIS_RTOS\cmsis_os.o
                0x08003e18                osKernelStart
 .text.osThreadCreate
                0x08003e22       0x6a Middlewares\Third_Party\FreeRTOS\Source\CMSIS_RTOS\cmsis_os.o
                0x08003e22                osThreadCreate
 .text.osDelay  0x08003e8c       0x12 Middlewares\Third_Party\FreeRTOS\Source\CMSIS_RTOS\cmsis_os.o
                0x08003e8c                osDelay
 .text.vListInitialise
                0x08003e9e       0x16 Middlewares\Third_Party\FreeRTOS\Source\list.o
                0x08003e9e                vListInitialise
 .text.vListInitialiseItem
                0x08003eb4        0x6 Middlewares\Third_Party\FreeRTOS\Source\list.o
                0x08003eb4                vListInitialiseItem
 .text.vListInsertEnd
                0x08003eba       0x18 Middlewares\Third_Party\FreeRTOS\Source\list.o
                0x08003eba                vListInsertEnd
 .text.vListInsert
                0x08003ed2       0x34 Middlewares\Third_Party\FreeRTOS\Source\list.o
                0x08003ed2                vListInsert
 .text.uxListRemove
                0x08003f06       0x28 Middlewares\Third_Party\FreeRTOS\Source\list.o
                0x08003f06                uxListRemove
 *fill*         0x08003f2e        0x2 
 .text.prvTaskExitError
                0x08003f30       0x40 Middlewares\Third_Party\FreeRTOS\Source\portable\GCC\ARM_CM4F\port.o
 .text.prvPortStartFirstTask
                0x08003f70       0x28 Middlewares\Third_Party\FreeRTOS\Source\portable\GCC\ARM_CM4F\port.o
 .text.vPortEnableVFP
                0x08003f98       0x14 Middlewares\Third_Party\FreeRTOS\Source\portable\GCC\ARM_CM4F\port.o
 .text.pxPortInitialiseStack
                0x08003fac       0x2c Middlewares\Third_Party\FreeRTOS\Source\portable\GCC\ARM_CM4F\port.o
                0x08003fac                pxPortInitialiseStack
 *fill*         0x08003fd8        0x8 
 .text.SVC_Handler
                0x08003fe0       0x24 Middlewares\Third_Party\FreeRTOS\Source\portable\GCC\ARM_CM4F\port.o
                0x08003fe0                SVC_Handler
 .text.vPortEnterCritical
                0x08004004       0x44 Middlewares\Third_Party\FreeRTOS\Source\portable\GCC\ARM_CM4F\port.o
                0x08004004                vPortEnterCritical
 .text.vPortExitCritical
                0x08004048       0x2c Middlewares\Third_Party\FreeRTOS\Source\portable\GCC\ARM_CM4F\port.o
                0x08004048                vPortExitCritical
 *fill*         0x08004074        0xc 
 .text.PendSV_Handler
                0x08004080       0x64 Middlewares\Third_Party\FreeRTOS\Source\portable\GCC\ARM_CM4F\port.o
                0x08004080                PendSV_Handler
 .text.SysTick_Handler
                0x080040e4       0x2c Middlewares\Third_Party\FreeRTOS\Source\portable\GCC\ARM_CM4F\port.o
                0x080040e4                SysTick_Handler
 .text.vPortSetupTimerInterrupt
                0x08004110       0x38 Middlewares\Third_Party\FreeRTOS\Source\portable\GCC\ARM_CM4F\port.o
                0x08004110                vPortSetupTimerInterrupt
 .text.xPortStartScheduler
                0x08004148      0x110 Middlewares\Third_Party\FreeRTOS\Source\portable\GCC\ARM_CM4F\port.o
                0x08004148                xPortStartScheduler
 .text.vPortValidateInterruptPriority
                0x08004258       0x5c Middlewares\Third_Party\FreeRTOS\Source\portable\GCC\ARM_CM4F\port.o
                0x08004258                vPortValidateInterruptPriority
 .text.pvPortMalloc
                0x080042b4       0x68 Middlewares\Third_Party\FreeRTOS\Source\portable\MemMang\heap_1.o
                0x080042b4                pvPortMalloc
 .text.vPortFree
                0x0800431c       0x16 Middlewares\Third_Party\FreeRTOS\Source\portable\MemMang\heap_1.o
                0x0800431c                vPortFree
 .text.prvIsQueueFull
                0x08004332       0x1e Middlewares\Third_Party\FreeRTOS\Source\queue.o
 .text.prvIsQueueEmpty
                0x08004350       0x1a Middlewares\Third_Party\FreeRTOS\Source\queue.o
 .text.prvCopyDataToQueue
                0x0800436a       0x76 Middlewares\Third_Party\FreeRTOS\Source\queue.o
 .text.prvCopyDataFromQueue
                0x080043e0       0x24 Middlewares\Third_Party\FreeRTOS\Source\queue.o
 .text.prvUnlockQueue
                0x08004404       0x6e Middlewares\Third_Party\FreeRTOS\Source\queue.o
 *fill*         0x08004472        0x2 
 .text.xQueueGenericReset
                0x08004474       0x80 Middlewares\Third_Party\FreeRTOS\Source\queue.o
                0x08004474                xQueueGenericReset
 .text.prvInitialiseNewQueue
                0x080044f4       0x1c Middlewares\Third_Party\FreeRTOS\Source\queue.o
 .text.xQueueGenericCreateStatic
                0x08004510       0xa0 Middlewares\Third_Party\FreeRTOS\Source\queue.o
                0x08004510                xQueueGenericCreateStatic
 .text.xQueueGenericCreate
                0x080045b0       0x4e Middlewares\Third_Party\FreeRTOS\Source\queue.o
                0x080045b0                xQueueGenericCreate
 *fill*         0x080045fe        0x2 
 .text.xQueueGenericSend
                0x08004600      0x188 Middlewares\Third_Party\FreeRTOS\Source\queue.o
                0x08004600                xQueueGenericSend
 .text.xQueueGenericSendFromISR
                0x08004788       0xde Middlewares\Third_Party\FreeRTOS\Source\queue.o
                0x08004788                xQueueGenericSendFromISR
 *fill*         0x08004866        0x2 
 .text.xQueueReceive
                0x08004868      0x15c Middlewares\Third_Party\FreeRTOS\Source\queue.o
                0x08004868                xQueueReceive
 .text.vQueueAddToRegistry
                0x080049c4       0x28 Middlewares\Third_Party\FreeRTOS\Source\queue.o
                0x080049c4                vQueueAddToRegistry
 .text.vQueueWaitForMessageRestricted
                0x080049ec       0x52 Middlewares\Third_Party\FreeRTOS\Source\queue.o
                0x080049ec                vQueueWaitForMessageRestricted
 *fill*         0x08004a3e        0x2 
 .text.prvResetNextTaskUnblockTime
                0x08004a40       0x34 Middlewares\Third_Party\FreeRTOS\Source\tasks.o
 .text.prvInitialiseNewTask
                0x08004a74       0x80 Middlewares\Third_Party\FreeRTOS\Source\tasks.o
 .text.prvInitialiseTaskLists
                0x08004af4       0x68 Middlewares\Third_Party\FreeRTOS\Source\tasks.o
 .text.prvAddNewTaskToReadyList
                0x08004b5c       0xa8 Middlewares\Third_Party\FreeRTOS\Source\tasks.o
 .text.prvDeleteTCB
                0x08004c04       0x3a Middlewares\Third_Party\FreeRTOS\Source\tasks.o
 *fill*         0x08004c3e        0x2 
 .text.prvCheckTasksWaitingTermination
                0x08004c40       0x4c Middlewares\Third_Party\FreeRTOS\Source\tasks.o
 .text.prvIdleTask
                0x08004c8c       0x28 Middlewares\Third_Party\FreeRTOS\Source\tasks.o
 .text.prvAddCurrentTaskToDelayedList
                0x08004cb4       0x98 Middlewares\Third_Party\FreeRTOS\Source\tasks.o
 .text.xTaskCreateStatic
                0x08004d4c       0x72 Middlewares\Third_Party\FreeRTOS\Source\tasks.o
                0x08004d4c                xTaskCreateStatic
 .text.xTaskCreate
                0x08004dbe       0x66 Middlewares\Third_Party\FreeRTOS\Source\tasks.o
                0x08004dbe                xTaskCreate
 .text.vTaskStartScheduler
                0x08004e24       0x9c Middlewares\Third_Party\FreeRTOS\Source\tasks.o
                0x08004e24                vTaskStartScheduler
 .text.vTaskSuspendAll
                0x08004ec0       0x10 Middlewares\Third_Party\FreeRTOS\Source\tasks.o
                0x08004ec0                vTaskSuspendAll
 .text.xTaskGetTickCount
                0x08004ed0        0xc Middlewares\Third_Party\FreeRTOS\Source\tasks.o
                0x08004ed0                xTaskGetTickCount
 .text.xTaskIncrementTick
                0x08004edc      0x120 Middlewares\Third_Party\FreeRTOS\Source\tasks.o
                0x08004edc                xTaskIncrementTick
 .text.xTaskResumeAll
                0x08004ffc       0xfc Middlewares\Third_Party\FreeRTOS\Source\tasks.o
                0x08004ffc                xTaskResumeAll
 .text.vTaskDelay
                0x080050f8       0x50 Middlewares\Third_Party\FreeRTOS\Source\tasks.o
                0x080050f8                vTaskDelay
 .text.vTaskSwitchContext
                0x08005148       0x9c Middlewares\Third_Party\FreeRTOS\Source\tasks.o
                0x08005148                vTaskSwitchContext
 .text.vTaskPlaceOnEventList
                0x080051e4       0x30 Middlewares\Third_Party\FreeRTOS\Source\tasks.o
                0x080051e4                vTaskPlaceOnEventList
 .text.vTaskPlaceOnEventListRestricted
                0x08005214       0x38 Middlewares\Third_Party\FreeRTOS\Source\tasks.o
                0x08005214                vTaskPlaceOnEventListRestricted
 .text.xTaskRemoveFromEventList
                0x0800524c       0x8c Middlewares\Third_Party\FreeRTOS\Source\tasks.o
                0x0800524c                xTaskRemoveFromEventList
 .text.vTaskInternalSetTimeOutState
                0x080052d8       0x18 Middlewares\Third_Party\FreeRTOS\Source\tasks.o
                0x080052d8                vTaskInternalSetTimeOutState
 .text.xTaskCheckForTimeOut
                0x080052f0       0x80 Middlewares\Third_Party\FreeRTOS\Source\tasks.o
                0x080052f0                xTaskCheckForTimeOut
 .text.vTaskMissedYield
                0x08005370        0xc Middlewares\Third_Party\FreeRTOS\Source\tasks.o
                0x08005370                vTaskMissedYield
 .text.xTaskGetSchedulerState
                0x0800537c       0x20 Middlewares\Third_Party\FreeRTOS\Source\tasks.o
                0x0800537c                xTaskGetSchedulerState
 .text.xTaskPriorityDisinherit
                0x0800539c       0xb4 Middlewares\Third_Party\FreeRTOS\Source\tasks.o
                0x0800539c                xTaskPriorityDisinherit
 .text.prvGetNextExpireTime
                0x08005450       0x20 Middlewares\Third_Party\FreeRTOS\Source\timers.o
 .text.prvInsertTimerInActiveList
                0x08005470       0x48 Middlewares\Third_Party\FreeRTOS\Source\timers.o
 .text.prvCheckForValidListAndQueue
                0x080054b8       0x70 Middlewares\Third_Party\FreeRTOS\Source\timers.o
 .text.xTimerCreateTimerTask
                0x08005528       0x70 Middlewares\Third_Party\FreeRTOS\Source\timers.o
                0x08005528                xTimerCreateTimerTask
 .text.xTimerGenericCommand
                0x08005598       0x6c Middlewares\Third_Party\FreeRTOS\Source\timers.o
                0x08005598                xTimerGenericCommand
 .text.prvSwitchTimerLists
                0x08005604       0x78 Middlewares\Third_Party\FreeRTOS\Source\timers.o
 .text.prvSampleTimeNow
                0x0800567c       0x2c Middlewares\Third_Party\FreeRTOS\Source\timers.o
 .text.prvProcessExpiredTimer
                0x080056a8       0x60 Middlewares\Third_Party\FreeRTOS\Source\timers.o
 .text.prvProcessTimerOrBlockTask
                0x08005708       0x74 Middlewares\Third_Party\FreeRTOS\Source\timers.o
 .text.prvProcessReceivedCommands
                0x0800577c       0xe8 Middlewares\Third_Party\FreeRTOS\Source\timers.o
 .text.prvTimerTask
                0x08005864       0x16 Middlewares\Third_Party\FreeRTOS\Source\timers.o
 *fill*         0x0800587a        0x2 
 .text.MX_ADC2_Init
                0x0800587c       0x74 Src\adc.o
                0x0800587c                MX_ADC2_Init
 .text.HAL_ADC_MspInit
                0x080058f0       0x9c Src\adc.o
                0x080058f0                HAL_ADC_MspInit
 .text.MX_DMA_Init
                0x0800598c       0x54 Src\dma.o
                0x0800598c                MX_DMA_Init
 .text.StartDefaultTask
                0x080059e0       0x1c Src\freertos.o
                0x080059e0                StartDefaultTask
 .text.vApplicationMallocFailedHook
                0x080059fc        0x2 Src\freertos.o
                0x080059fc                vApplicationMallocFailedHook
 *fill*         0x080059fe        0x2 
 .text.vApplicationGetIdleTaskMemory
                0x08005a00       0x18 Src\freertos.o
                0x08005a00                vApplicationGetIdleTaskMemory
 .text.vApplicationGetTimerTaskMemory
                0x08005a18       0x18 Src\freertos.o
                0x08005a18                vApplicationGetTimerTaskMemory
 .text.MX_FREERTOS_Init
                0x08005a30       0x2c Src\freertos.o
                0x08005a30                MX_FREERTOS_Init
 .text.MX_GPIO_Init
                0x08005a5c       0xe8 Src\gpio.o
                0x08005a5c                MX_GPIO_Init
 .text.SystemClock_Config
                0x08005b44       0x76 Src\main.o
                0x08005b44                SystemClock_Config
 .text.main     0x08005bba       0x40 Src\main.o
                0x08005bba                main
 *fill*         0x08005bfa        0x2 
 .text.HAL_TIM_PeriodElapsedCallback
                0x08005bfc       0x18 Src\main.o
                0x08005bfc                HAL_TIM_PeriodElapsedCallback
 .text.Error_Handler
                0x08005c14        0x2 Src\main.o
                0x08005c14                Error_Handler
 *fill*         0x08005c16        0x2 
 .text.HAL_MspInit
                0x08005c18       0x40 Src\stm32f3xx_hal_msp.o
                0x08005c18                HAL_MspInit
 .text.HAL_InitTick
                0x08005c58       0x7c Src\stm32f3xx_hal_timebase_tim.o
                0x08005c58                HAL_InitTick
 .text.NMI_Handler
                0x08005cd4        0x2 Src\stm32f3xx_it.o
                0x08005cd4                NMI_Handler
 .text.HardFault_Handler
                0x08005cd6        0x2 Src\stm32f3xx_it.o
                0x08005cd6                HardFault_Handler
 .text.MemManage_Handler
                0x08005cd8        0x2 Src\stm32f3xx_it.o
                0x08005cd8                MemManage_Handler
 .text.BusFault_Handler
                0x08005cda        0x2 Src\stm32f3xx_it.o
                0x08005cda                BusFault_Handler
 .text.UsageFault_Handler
                0x08005cdc        0x2 Src\stm32f3xx_it.o
                0x08005cdc                UsageFault_Handler
 .text.DebugMon_Handler
                0x08005cde        0x2 Src\stm32f3xx_it.o
                0x08005cde                DebugMon_Handler
 .text.DMA1_Channel7_IRQHandler
                0x08005ce0       0x10 Src\stm32f3xx_it.o
                0x08005ce0                DMA1_Channel7_IRQHandler
 .text.USART1_IRQHandler
                0x08005cf0       0x10 Src\stm32f3xx_it.o
                0x08005cf0                USART1_IRQHandler
 .text.USART2_IRQHandler
                0x08005d00       0x10 Src\stm32f3xx_it.o
                0x08005d00                USART2_IRQHandler
 .text.TIM6_DAC_IRQHandler
                0x08005d10       0x10 Src\stm32f3xx_it.o
                0x08005d10                TIM6_DAC_IRQHandler
 .text.DMA2_Channel1_IRQHandler
                0x08005d20       0x10 Src\stm32f3xx_it.o
                0x08005d20                DMA2_Channel1_IRQHandler
 .text.__io_putchar
                0x08005d30       0x34 Src\syscalls.o
                0x08005d30                __io_putchar
 .text._read    0x08005d64       0x1e Src\syscalls.o
                0x08005d64                _read
 .text._write   0x08005d82       0x1c Src\syscalls.o
                0x08005d82                _write
 *fill*         0x08005d9e        0x2 
 .text._sbrk    0x08005da0       0x3c Src\syscalls.o
                0x08005da0                _sbrk
 .text._close   0x08005ddc        0x6 Src\syscalls.o
                0x08005ddc                _close
 .text._fstat   0x08005de2        0xa Src\syscalls.o
                0x08005de2                _fstat
 .text._isatty  0x08005dec        0x4 Src\syscalls.o
                0x08005dec                _isatty
 .text._lseek   0x08005df0        0x4 Src\syscalls.o
                0x08005df0                _lseek
 .text.SystemInit
                0x08005df4       0x1c Src\system_stm32f3xx.o
                0x08005df4                SystemInit
 .text.MX_TIM1_Init
                0x08005e10       0x70 Src\tim.o
                0x08005e10                MX_TIM1_Init
 .text.MX_TIM4_Init
                0x08005e80       0x6c Src\tim.o
                0x08005e80                MX_TIM4_Init
 .text.MX_TIM7_Init
                0x08005eec       0x50 Src\tim.o
                0x08005eec                MX_TIM7_Init
 .text.HAL_TIM_Encoder_MspInit
                0x08005f3c       0xb0 Src\tim.o
                0x08005f3c                HAL_TIM_Encoder_MspInit
 .text.HAL_TIM_Base_MspInit
                0x08005fec       0xa0 Src\tim.o
                0x08005fec                HAL_TIM_Base_MspInit
 .text.HAL_TIM_MspPostInit
                0x0800608c       0xbc Src\tim.o
                0x0800608c                HAL_TIM_MspPostInit
 .text.MX_TIM2_Init
                0x08006148       0xc4 Src\tim.o
                0x08006148                MX_TIM2_Init
 .text.MX_TIM16_Init
                0x0800620c       0xac Src\tim.o
                0x0800620c                MX_TIM16_Init
 .text.MX_TIM17_Init
                0x080062b8       0xac Src\tim.o
                0x080062b8                MX_TIM17_Init
 .text.MX_USART1_UART_Init
                0x08006364       0x38 Src\usart.o
                0x08006364                MX_USART1_UART_Init
 .text.MX_USART2_UART_Init
                0x0800639c       0x38 Src\usart.o
                0x0800639c                MX_USART2_UART_Init
 .text.HAL_UART_MspInit
                0x080063d4      0x10c Src\usart.o
                0x080063d4                HAL_UART_MspInit
 .text.Reset_Handler
                0x080064e0       0x50 startup\startup_stm32f303xc.o
                0x080064e0                Reset_Handler
 .text.Default_Handler
                0x08006530        0x2 startup\startup_stm32f303xc.o
                0x08006530                RTC_Alarm_IRQHandler
                0x08006530                TIM8_TRG_COM_IRQHandler
                0x08006530                TIM8_CC_IRQHandler
                0x08006530                TIM1_CC_IRQHandler
                0x08006530                USB_HP_IRQHandler
                0x08006530                PVD_IRQHandler
                0x08006530                TAMP_STAMP_IRQHandler
                0x08006530                EXTI3_IRQHandler
                0x08006530                USB_HP_CAN_TX_IRQHandler
                0x08006530                EXTI0_IRQHandler
                0x08006530                I2C2_EV_IRQHandler
                0x08006530                FPU_IRQHandler
                0x08006530                TIM1_UP_TIM16_IRQHandler
                0x08006530                ADC1_2_IRQHandler
                0x08006530                SPI1_IRQHandler
                0x08006530                CAN_SCE_IRQHandler
                0x08006530                TIM8_UP_IRQHandler
                0x08006530                DMA2_Channel2_IRQHandler
                0x08006530                DMA1_Channel4_IRQHandler
                0x08006530                USART3_IRQHandler
                0x08006530                UART5_IRQHandler
                0x08006530                ADC3_IRQHandler
                0x08006530                TIM4_IRQHandler
                0x08006530                CAN_RX1_IRQHandler
                0x08006530                I2C1_EV_IRQHandler
                0x08006530                DMA1_Channel6_IRQHandler
                0x08006530                UART4_IRQHandler
                0x08006530                DMA2_Channel4_IRQHandler
                0x08006530                TIM3_IRQHandler
                0x08006530                RCC_IRQHandler
                0x08006530                DMA1_Channel1_IRQHandler
                0x08006530                Default_Handler
                0x08006530                USBWakeUp_RMP_IRQHandler
                0x08006530                EXTI15_10_IRQHandler
                0x08006530                EXTI9_5_IRQHandler
                0x08006530                RTC_WKUP_IRQHandler
                0x08006530                SPI2_IRQHandler
                0x08006530                USB_LP_CAN_RX0_IRQHandler
                0x08006530                DMA2_Channel5_IRQHandler
                0x08006530                DMA1_Channel5_IRQHandler
                0x08006530                USB_LP_IRQHandler
                0x08006530                EXTI4_IRQHandler
                0x08006530                TIM1_TRG_COM_TIM17_IRQHandler
                0x08006530                DMA1_Channel3_IRQHandler
                0x08006530                ADC4_IRQHandler
                0x08006530                WWDG_IRQHandler
                0x08006530                TIM2_IRQHandler
                0x08006530                COMP7_IRQHandler
                0x08006530                COMP1_2_3_IRQHandler
                0x08006530                EXTI1_IRQHandler
                0x08006530                COMP4_5_6_IRQHandler
                0x08006530                I2C2_ER_IRQHandler
                0x08006530                DMA1_Channel2_IRQHandler
                0x08006530                TIM8_BRK_IRQHandler
                0x08006530                FLASH_IRQHandler
                0x08006530                SPI3_IRQHandler
                0x08006530                I2C1_ER_IRQHandler
                0x08006530                USBWakeUp_IRQHandler
                0x08006530                DMA2_Channel3_IRQHandler
                0x08006530                EXTI2_TSC_IRQHandler
                0x08006530                TIM1_BRK_TIM15_IRQHandler
 *fill*         0x08006532        0x2 
 .text.__errno  0x08006534        0xc c:/program files (x86)/atollic/truestudio for stm32 9.3.0/armtools/bin/../lib/gcc/arm-atollic-eabi/6.3.1/../../../../arm-atollic-eabi/lib/armv7e-m/fpu\libc.a(lib_a-errno.o)
                0x08006534                __errno
 .text.__libc_init_array
                0x08006540       0x48 c:/program files (x86)/atollic/truestudio for stm32 9.3.0/armtools/bin/../lib/gcc/arm-atollic-eabi/6.3.1/../../../../arm-atollic-eabi/lib/armv7e-m/fpu\libc.a(lib_a-init.o)
                0x08006540                __libc_init_array
 .text.memcpy   0x08006588       0x16 c:/program files (x86)/atollic/truestudio for stm32 9.3.0/armtools/bin/../lib/gcc/arm-atollic-eabi/6.3.1/../../../../arm-atollic-eabi/lib/armv7e-m/fpu\libc.a(lib_a-memcpy-stub.o)
                0x08006588                memcpy
 .text.memset   0x0800659e       0x10 c:/program files (x86)/atollic/truestudio for stm32 9.3.0/armtools/bin/../lib/gcc/arm-atollic-eabi/6.3.1/../../../../arm-atollic-eabi/lib/armv7e-m/fpu\libc.a(lib_a-memset.o)
                0x0800659e                memset
 *fill*         0x080065ae        0x2 
 .text.printf   0x080065b0       0x30 c:/program files (x86)/atollic/truestudio for stm32 9.3.0/armtools/bin/../lib/gcc/arm-atollic-eabi/6.3.1/../../../../arm-atollic-eabi/lib/armv7e-m/fpu\libc.a(lib_a-printf.o)
                0x080065b0                printf
 .text._vfprintf_r
                0x080065e0     0x1078 c:/program files (x86)/atollic/truestudio for stm32 9.3.0/armtools/bin/../lib/gcc/arm-atollic-eabi/6.3.1/../../../../arm-atollic-eabi/lib/armv7e-m/fpu\libc.a(lib_a-vfprintf.o)
                0x080065e0                _vfprintf_r
 .text.__sbprintf
                0x08007658       0x80 c:/program files (x86)/atollic/truestudio for stm32 9.3.0/armtools/bin/../lib/gcc/arm-atollic-eabi/6.3.1/../../../../arm-atollic-eabi/lib/armv7e-m/fpu\libc.a(lib_a-vfprintf.o)
 .text.__swsetup_r
                0x080076d8       0xdc c:/program files (x86)/atollic/truestudio for stm32 9.3.0/armtools/bin/../lib/gcc/arm-atollic-eabi/6.3.1/../../../../arm-atollic-eabi/lib/armv7e-m/fpu\libc.a(lib_a-wsetup.o)
                0x080076d8                __swsetup_r
 .text.quorem   0x080077b4      0x118 c:/program files (x86)/atollic/truestudio for stm32 9.3.0/armtools/bin/../lib/gcc/arm-atollic-eabi/6.3.1/../../../../arm-atollic-eabi/lib/armv7e-m/fpu\libc.a(lib_a-dtoa.o)
 *fill*         0x080078cc        0x4 
 .text._dtoa_r  0x080078d0      0xb9c c:/program files (x86)/atollic/truestudio for stm32 9.3.0/armtools/bin/../lib/gcc/arm-atollic-eabi/6.3.1/../../../../arm-atollic-eabi/lib/armv7e-m/fpu\libc.a(lib_a-dtoa.o)
                0x080078d0                _dtoa_r
 .text.__sflush_r
                0x0800846c      0x124 c:/program files (x86)/atollic/truestudio for stm32 9.3.0/armtools/bin/../lib/gcc/arm-atollic-eabi/6.3.1/../../../../arm-atollic-eabi/lib/armv7e-m/fpu\libc.a(lib_a-fflush.o)
                0x0800846c                __sflush_r
 .text._fflush_r
                0x08008590       0x78 c:/program files (x86)/atollic/truestudio for stm32 9.3.0/armtools/bin/../lib/gcc/arm-atollic-eabi/6.3.1/../../../../arm-atollic-eabi/lib/armv7e-m/fpu\libc.a(lib_a-fflush.o)
                0x08008590                _fflush_r
 .text._cleanup_r
                0x08008608        0xc c:/program files (x86)/atollic/truestudio for stm32 9.3.0/armtools/bin/../lib/gcc/arm-atollic-eabi/6.3.1/../../../../arm-atollic-eabi/lib/armv7e-m/fpu\libc.a(lib_a-findfp.o)
                0x08008608                _cleanup_r
 .text.std.isra.0
                0x08008614       0x48 c:/program files (x86)/atollic/truestudio for stm32 9.3.0/armtools/bin/../lib/gcc/arm-atollic-eabi/6.3.1/../../../../arm-atollic-eabi/lib/armv7e-m/fpu\libc.a(lib_a-findfp.o)
 .text.__sfmoreglue
                0x0800865c       0x2c c:/program files (x86)/atollic/truestudio for stm32 9.3.0/armtools/bin/../lib/gcc/arm-atollic-eabi/6.3.1/../../../../arm-atollic-eabi/lib/armv7e-m/fpu\libc.a(lib_a-findfp.o)
                0x0800865c                __sfmoreglue
 .text.__sfp_lock_acquire
                0x08008688        0xc c:/program files (x86)/atollic/truestudio for stm32 9.3.0/armtools/bin/../lib/gcc/arm-atollic-eabi/6.3.1/../../../../arm-atollic-eabi/lib/armv7e-m/fpu\libc.a(lib_a-findfp.o)
                0x08008688                __sfp_lock_acquire
 .text.__sfp_lock_release
                0x08008694        0xc c:/program files (x86)/atollic/truestudio for stm32 9.3.0/armtools/bin/../lib/gcc/arm-atollic-eabi/6.3.1/../../../../arm-atollic-eabi/lib/armv7e-m/fpu\libc.a(lib_a-findfp.o)
                0x08008694                __sfp_lock_release
 .text.__sinit_lock_acquire
                0x080086a0        0xc c:/program files (x86)/atollic/truestudio for stm32 9.3.0/armtools/bin/../lib/gcc/arm-atollic-eabi/6.3.1/../../../../arm-atollic-eabi/lib/armv7e-m/fpu\libc.a(lib_a-findfp.o)
                0x080086a0                __sinit_lock_acquire
 .text.__sinit_lock_release
                0x080086ac        0xc c:/program files (x86)/atollic/truestudio for stm32 9.3.0/armtools/bin/../lib/gcc/arm-atollic-eabi/6.3.1/../../../../arm-atollic-eabi/lib/armv7e-m/fpu\libc.a(lib_a-findfp.o)
                0x080086ac                __sinit_lock_release
 .text.__sinit  0x080086b8       0x74 c:/program files (x86)/atollic/truestudio for stm32 9.3.0/armtools/bin/../lib/gcc/arm-atollic-eabi/6.3.1/../../../../arm-atollic-eabi/lib/armv7e-m/fpu\libc.a(lib_a-findfp.o)
                0x080086b8                __sinit
 .text.__sfp    0x0800872c       0x8c c:/program files (x86)/atollic/truestudio for stm32 9.3.0/armtools/bin/../lib/gcc/arm-atollic-eabi/6.3.1/../../../../arm-atollic-eabi/lib/armv7e-m/fpu\libc.a(lib_a-findfp.o)
                0x0800872c                __sfp
 .text._malloc_trim_r
                0x080087b8       0xac c:/program files (x86)/atollic/truestudio for stm32 9.3.0/armtools/bin/../lib/gcc/arm-atollic-eabi/6.3.1/../../../../arm-atollic-eabi/lib/armv7e-m/fpu\libc.a(lib_a-freer.o)
                0x080087b8                _malloc_trim_r
 .text._free_r  0x08008864      0x178 c:/program files (x86)/atollic/truestudio for stm32 9.3.0/armtools/bin/../lib/gcc/arm-atollic-eabi/6.3.1/../../../../arm-atollic-eabi/lib/armv7e-m/fpu\libc.a(lib_a-freer.o)
                0x08008864                _free_r
 .text._fwalk_reent
                0x080089dc       0x3c c:/program files (x86)/atollic/truestudio for stm32 9.3.0/armtools/bin/../lib/gcc/arm-atollic-eabi/6.3.1/../../../../arm-atollic-eabi/lib/armv7e-m/fpu\libc.a(lib_a-fwalk.o)
                0x080089dc                _fwalk_reent
 .text._localeconv_r
                0x08008a18       0x1c c:/program files (x86)/atollic/truestudio for stm32 9.3.0/armtools/bin/../lib/gcc/arm-atollic-eabi/6.3.1/../../../../arm-atollic-eabi/lib/armv7e-m/fpu\libc.a(lib_a-localeconv.o)
                0x08008a18                _localeconv_r
 .text.__retarget_lock_init_recursive
                0x08008a34        0x2 c:/program files (x86)/atollic/truestudio for stm32 9.3.0/armtools/bin/../lib/gcc/arm-atollic-eabi/6.3.1/../../../../arm-atollic-eabi/lib/armv7e-m/fpu\libc.a(lib_a-lock.o)
                0x08008a34                __retarget_lock_init_recursive
 .text.__retarget_lock_close_recursive
                0x08008a36        0x2 c:/program files (x86)/atollic/truestudio for stm32 9.3.0/armtools/bin/../lib/gcc/arm-atollic-eabi/6.3.1/../../../../arm-atollic-eabi/lib/armv7e-m/fpu\libc.a(lib_a-lock.o)
                0x08008a36                __retarget_lock_close_recursive
 .text.__retarget_lock_acquire_recursive
                0x08008a38        0x2 c:/program files (x86)/atollic/truestudio for stm32 9.3.0/armtools/bin/../lib/gcc/arm-atollic-eabi/6.3.1/../../../../arm-atollic-eabi/lib/armv7e-m/fpu\libc.a(lib_a-lock.o)
                0x08008a38                __retarget_lock_acquire_recursive
 .text.__retarget_lock_release_recursive
                0x08008a3a        0x2 c:/program files (x86)/atollic/truestudio for stm32 9.3.0/armtools/bin/../lib/gcc/arm-atollic-eabi/6.3.1/../../../../arm-atollic-eabi/lib/armv7e-m/fpu\libc.a(lib_a-lock.o)
                0x08008a3a                __retarget_lock_release_recursive
 .text.__swhatbuf_r
                0x08008a3c       0x56 c:/program files (x86)/atollic/truestudio for stm32 9.3.0/armtools/bin/../lib/gcc/arm-atollic-eabi/6.3.1/../../../../arm-atollic-eabi/lib/armv7e-m/fpu\libc.a(lib_a-makebuf.o)
                0x08008a3c                __swhatbuf_r
 *fill*         0x08008a92        0x2 
 .text.__smakebuf_r
                0x08008a94       0x80 c:/program files (x86)/atollic/truestudio for stm32 9.3.0/armtools/bin/../lib/gcc/arm-atollic-eabi/6.3.1/../../../../arm-atollic-eabi/lib/armv7e-m/fpu\libc.a(lib_a-makebuf.o)
                0x08008a94                __smakebuf_r
 .text.malloc   0x08008b14       0x10 c:/program files (x86)/atollic/truestudio for stm32 9.3.0/armtools/bin/../lib/gcc/arm-atollic-eabi/6.3.1/../../../../arm-atollic-eabi/lib/armv7e-m/fpu\libc.a(lib_a-malloc.o)
                0x08008b14                malloc
 .text._malloc_r
                0x08008b24      0x41c c:/program files (x86)/atollic/truestudio for stm32 9.3.0/armtools/bin/../lib/gcc/arm-atollic-eabi/6.3.1/../../../../arm-atollic-eabi/lib/armv7e-m/fpu\libc.a(lib_a-mallocr.o)
                0x08008b24                _malloc_r
 .text.__malloc_lock
                0x08008f40        0xc c:/program files (x86)/atollic/truestudio for stm32 9.3.0/armtools/bin/../lib/gcc/arm-atollic-eabi/6.3.1/../../../../arm-atollic-eabi/lib/armv7e-m/fpu\libc.a(lib_a-mlock.o)
                0x08008f40                __malloc_lock
 .text.__malloc_unlock
                0x08008f4c        0xc c:/program files (x86)/atollic/truestudio for stm32 9.3.0/armtools/bin/../lib/gcc/arm-atollic-eabi/6.3.1/../../../../arm-atollic-eabi/lib/armv7e-m/fpu\libc.a(lib_a-mlock.o)
                0x08008f4c                __malloc_unlock
 .text._Balloc  0x08008f58       0x68 c:/program files (x86)/atollic/truestudio for stm32 9.3.0/armtools/bin/../lib/gcc/arm-atollic-eabi/6.3.1/../../../../arm-atollic-eabi/lib/armv7e-m/fpu\libc.a(lib_a-mprec.o)
                0x08008f58                _Balloc
 .text._Bfree   0x08008fc0       0x2e c:/program files (x86)/atollic/truestudio for stm32 9.3.0/armtools/bin/../lib/gcc/arm-atollic-eabi/6.3.1/../../../../arm-atollic-eabi/lib/armv7e-m/fpu\libc.a(lib_a-mprec.o)
                0x08008fc0                _Bfree
 .text.__multadd
                0x08008fee       0x76 c:/program files (x86)/atollic/truestudio for stm32 9.3.0/armtools/bin/../lib/gcc/arm-atollic-eabi/6.3.1/../../../../arm-atollic-eabi/lib/armv7e-m/fpu\libc.a(lib_a-mprec.o)
                0x08008fee                __multadd
 .text.__hi0bits
                0x08009064       0x3e c:/program files (x86)/atollic/truestudio for stm32 9.3.0/armtools/bin/../lib/gcc/arm-atollic-eabi/6.3.1/../../../../arm-atollic-eabi/lib/armv7e-m/fpu\libc.a(lib_a-mprec.o)
                0x08009064                __hi0bits
 .text.__lo0bits
                0x080090a2       0x5e c:/program files (x86)/atollic/truestudio for stm32 9.3.0/armtools/bin/../lib/gcc/arm-atollic-eabi/6.3.1/../../../../arm-atollic-eabi/lib/armv7e-m/fpu\libc.a(lib_a-mprec.o)
                0x080090a2                __lo0bits
 .text.__i2b    0x08009100       0x12 c:/program files (x86)/atollic/truestudio for stm32 9.3.0/armtools/bin/../lib/gcc/arm-atollic-eabi/6.3.1/../../../../arm-atollic-eabi/lib/armv7e-m/fpu\libc.a(lib_a-mprec.o)
                0x08009100                __i2b
 .text.__multiply
                0x08009112      0x11a c:/program files (x86)/atollic/truestudio for stm32 9.3.0/armtools/bin/../lib/gcc/arm-atollic-eabi/6.3.1/../../../../arm-atollic-eabi/lib/armv7e-m/fpu\libc.a(lib_a-mprec.o)
                0x08009112                __multiply
 .text.__pow5mult
                0x0800922c       0x9c c:/program files (x86)/atollic/truestudio for stm32 9.3.0/armtools/bin/../lib/gcc/arm-atollic-eabi/6.3.1/../../../../arm-atollic-eabi/lib/armv7e-m/fpu\libc.a(lib_a-mprec.o)
                0x0800922c                __pow5mult
 .text.__lshift
                0x080092c8       0xa2 c:/program files (x86)/atollic/truestudio for stm32 9.3.0/armtools/bin/../lib/gcc/arm-atollic-eabi/6.3.1/../../../../arm-atollic-eabi/lib/armv7e-m/fpu\libc.a(lib_a-mprec.o)
                0x080092c8                __lshift
 .text.__mcmp   0x0800936a       0x34 c:/program files (x86)/atollic/truestudio for stm32 9.3.0/armtools/bin/../lib/gcc/arm-atollic-eabi/6.3.1/../../../../arm-atollic-eabi/lib/armv7e-m/fpu\libc.a(lib_a-mprec.o)
                0x0800936a                __mcmp
 .text.__mdiff  0x0800939e       0xbc c:/program files (x86)/atollic/truestudio for stm32 9.3.0/armtools/bin/../lib/gcc/arm-atollic-eabi/6.3.1/../../../../arm-atollic-eabi/lib/armv7e-m/fpu\libc.a(lib_a-mprec.o)
                0x0800939e                __mdiff
 .text.__d2b    0x0800945a       0x9e c:/program files (x86)/atollic/truestudio for stm32 9.3.0/armtools/bin/../lib/gcc/arm-atollic-eabi/6.3.1/../../../../arm-atollic-eabi/lib/armv7e-m/fpu\libc.a(lib_a-mprec.o)
                0x0800945a                __d2b
 .text._sbrk_r  0x080094f8       0x20 c:/program files (x86)/atollic/truestudio for stm32 9.3.0/armtools/bin/../lib/gcc/arm-atollic-eabi/6.3.1/../../../../arm-atollic-eabi/lib/armv7e-m/fpu\libc.a(lib_a-sbrkr.o)
                0x080094f8                _sbrk_r
 .text.__sread  0x08009518       0x22 c:/program files (x86)/atollic/truestudio for stm32 9.3.0/armtools/bin/../lib/gcc/arm-atollic-eabi/6.3.1/../../../../arm-atollic-eabi/lib/armv7e-m/fpu\libc.a(lib_a-stdio.o)
                0x08009518                __sread
 .text.__swrite
                0x0800953a       0x38 c:/program files (x86)/atollic/truestudio for stm32 9.3.0/armtools/bin/../lib/gcc/arm-atollic-eabi/6.3.1/../../../../arm-atollic-eabi/lib/armv7e-m/fpu\libc.a(lib_a-stdio.o)
                0x0800953a                __swrite
 .text.__sseek  0x08009572       0x24 c:/program files (x86)/atollic/truestudio for stm32 9.3.0/armtools/bin/../lib/gcc/arm-atollic-eabi/6.3.1/../../../../arm-atollic-eabi/lib/armv7e-m/fpu\libc.a(lib_a-stdio.o)
                0x08009572                __sseek
 .text.__sclose
                0x08009596        0x8 c:/program files (x86)/atollic/truestudio for stm32 9.3.0/armtools/bin/../lib/gcc/arm-atollic-eabi/6.3.1/../../../../arm-atollic-eabi/lib/armv7e-m/fpu\libc.a(lib_a-stdio.o)
                0x08009596                __sclose
 .text.__sprint_r
                0x0800959e       0x6a c:/program files (x86)/atollic/truestudio for stm32 9.3.0/armtools/bin/../lib/gcc/arm-atollic-eabi/6.3.1/../../../../arm-atollic-eabi/lib/armv7e-m/fpu\libc.a(lib_a-vfiprintf.o)
                0x0800959e                __sprint_r
 .text._write_r
                0x08009608       0x24 c:/program files (x86)/atollic/truestudio for stm32 9.3.0/armtools/bin/../lib/gcc/arm-atollic-eabi/6.3.1/../../../../arm-atollic-eabi/lib/armv7e-m/fpu\libc.a(lib_a-writer.o)
                0x08009608                _write_r
 .text._calloc_r
                0x0800962c       0x5a c:/program files (x86)/atollic/truestudio for stm32 9.3.0/armtools/bin/../lib/gcc/arm-atollic-eabi/6.3.1/../../../../arm-atollic-eabi/lib/armv7e-m/fpu\libc.a(lib_a-callocr.o)
                0x0800962c                _calloc_r
 *fill*         0x08009686        0x2 
 .text._close_r
                0x08009688       0x20 c:/program files (x86)/atollic/truestudio for stm32 9.3.0/armtools/bin/../lib/gcc/arm-atollic-eabi/6.3.1/../../../../arm-atollic-eabi/lib/armv7e-m/fpu\libc.a(lib_a-closer.o)
                0x08009688                _close_r
 .text._fclose_r
                0x080096a8       0xd8 c:/program files (x86)/atollic/truestudio for stm32 9.3.0/armtools/bin/../lib/gcc/arm-atollic-eabi/6.3.1/../../../../arm-atollic-eabi/lib/armv7e-m/fpu\libc.a(lib_a-fclose.o)
                0x080096a8                _fclose_r
 .text.__fputwc
                0x08009780       0x82 c:/program files (x86)/atollic/truestudio for stm32 9.3.0/armtools/bin/../lib/gcc/arm-atollic-eabi/6.3.1/../../../../arm-atollic-eabi/lib/armv7e-m/fpu\libc.a(lib_a-fputwc.o)
                0x08009780                __fputwc
 .text._fputwc_r
                0x08009802       0x52 c:/program files (x86)/atollic/truestudio for stm32 9.3.0/armtools/bin/../lib/gcc/arm-atollic-eabi/6.3.1/../../../../arm-atollic-eabi/lib/armv7e-m/fpu\libc.a(lib_a-fputwc.o)
                0x08009802                _fputwc_r
 .text._fstat_r
                0x08009854       0x24 c:/program files (x86)/atollic/truestudio for stm32 9.3.0/armtools/bin/../lib/gcc/arm-atollic-eabi/6.3.1/../../../../arm-atollic-eabi/lib/armv7e-m/fpu\libc.a(lib_a-fstatr.o)
                0x08009854                _fstat_r
 .text.__sfvwrite_r
                0x08009878      0x29c c:/program files (x86)/atollic/truestudio for stm32 9.3.0/armtools/bin/../lib/gcc/arm-atollic-eabi/6.3.1/../../../../arm-atollic-eabi/lib/armv7e-m/fpu\libc.a(lib_a-fvwrite.o)
                0x08009878                __sfvwrite_r
 .text._isatty_r
                0x08009b14       0x20 c:/program files (x86)/atollic/truestudio for stm32 9.3.0/armtools/bin/../lib/gcc/arm-atollic-eabi/6.3.1/../../../../arm-atollic-eabi/lib/armv7e-m/fpu\libc.a(lib_a-isattyr.o)
                0x08009b14                _isatty_r
 .text.__locale_mb_cur_max
                0x08009b34       0x1c c:/program files (x86)/atollic/truestudio for stm32 9.3.0/armtools/bin/../lib/gcc/arm-atollic-eabi/6.3.1/../../../../arm-atollic-eabi/lib/armv7e-m/fpu\libc.a(lib_a-locale.o)
                0x08009b34                __locale_mb_cur_max
 .text._lseek_r
                0x08009b50       0x24 c:/program files (x86)/atollic/truestudio for stm32 9.3.0/armtools/bin/../lib/gcc/arm-atollic-eabi/6.3.1/../../../../arm-atollic-eabi/lib/armv7e-m/fpu\libc.a(lib_a-lseekr.o)
                0x08009b50                _lseek_r
 .text.__ascii_mbtowc
                0x08009b74       0x24 c:/program files (x86)/atollic/truestudio for stm32 9.3.0/armtools/bin/../lib/gcc/arm-atollic-eabi/6.3.1/../../../../arm-atollic-eabi/lib/armv7e-m/fpu\libc.a(lib_a-mbtowc_r.o)
                0x08009b74                __ascii_mbtowc
 .text.memmove  0x08009b98       0x34 c:/program files (x86)/atollic/truestudio for stm32 9.3.0/armtools/bin/../lib/gcc/arm-atollic-eabi/6.3.1/../../../../arm-atollic-eabi/lib/armv7e-m/fpu\libc.a(lib_a-memmove.o)
                0x08009b98                memmove
 .text._read_r  0x08009bcc       0x24 c:/program files (x86)/atollic/truestudio for stm32 9.3.0/armtools/bin/../lib/gcc/arm-atollic-eabi/6.3.1/../../../../arm-atollic-eabi/lib/armv7e-m/fpu\libc.a(lib_a-readr.o)
                0x08009bcc                _read_r
 .text._realloc_r
                0x08009bf0      0x300 c:/program files (x86)/atollic/truestudio for stm32 9.3.0/armtools/bin/../lib/gcc/arm-atollic-eabi/6.3.1/../../../../arm-atollic-eabi/lib/armv7e-m/fpu\libc.a(lib_a-reallocr.o)
                0x08009bf0                _realloc_r
 .text.__swbuf_r
                0x08009ef0       0xbc c:/program files (x86)/atollic/truestudio for stm32 9.3.0/armtools/bin/../lib/gcc/arm-atollic-eabi/6.3.1/../../../../arm-atollic-eabi/lib/armv7e-m/fpu\libc.a(lib_a-wbuf.o)
                0x08009ef0                __swbuf_r
 .text._wcrtomb_r
                0x08009fac       0x50 c:/program files (x86)/atollic/truestudio for stm32 9.3.0/armtools/bin/../lib/gcc/arm-atollic-eabi/6.3.1/../../../../arm-atollic-eabi/lib/armv7e-m/fpu\libc.a(lib_a-wcrtomb.o)
                0x08009fac                _wcrtomb_r
 .text.__ascii_wctomb
                0x08009ffc       0x1a c:/program files (x86)/atollic/truestudio for stm32 9.3.0/armtools/bin/../lib/gcc/arm-atollic-eabi/6.3.1/../../../../arm-atollic-eabi/lib/armv7e-m/fpu\libc.a(lib_a-wctomb_r.o)
                0x08009ffc                __ascii_wctomb
 *(.glue_7)
 .glue_7        0x0800a016        0x0 linker stubs
 *(.glue_7t)
 .glue_7t       0x0800a016        0x0 linker stubs
 *(.eh_frame)
 *fill*         0x0800a016        0x2 
 .eh_frame      0x0800a018        0x0 c:/program files (x86)/atollic/truestudio for stm32 9.3.0/armtools/bin/../lib/gcc/arm-atollic-eabi/6.3.1/armv7e-m/fpu/crtbegin.o
 *(.init)
 .init          0x0800a018        0x4 c:/program files (x86)/atollic/truestudio for stm32 9.3.0/armtools/bin/../lib/gcc/arm-atollic-eabi/6.3.1/armv7e-m/fpu/crti.o
                0x0800a018                _init
 .init          0x0800a01c        0x8 c:/program files (x86)/atollic/truestudio for stm32 9.3.0/armtools/bin/../lib/gcc/arm-atollic-eabi/6.3.1/armv7e-m/fpu/crtn.o
 *(.fini)
 .fini          0x0800a024        0x4 c:/program files (x86)/atollic/truestudio for stm32 9.3.0/armtools/bin/../lib/gcc/arm-atollic-eabi/6.3.1/armv7e-m/fpu/crti.o
                0x0800a024                _fini
 .fini          0x0800a028        0x8 c:/program files (x86)/atollic/truestudio for stm32 9.3.0/armtools/bin/../lib/gcc/arm-atollic-eabi/6.3.1/armv7e-m/fpu/crtn.o
                0x0800a030                . = ALIGN (0x4)
                0x0800a030                _etext = .

.vfp11_veneer   0x0800a030        0x0
 .vfp11_veneer  0x0800a030        0x0 linker stubs

.v4_bx          0x0800a030        0x0
 .v4_bx         0x0800a030        0x0 linker stubs

.iplt           0x0800a030        0x0
 .iplt          0x0800a030        0x0 c:/program files (x86)/atollic/truestudio for stm32 9.3.0/armtools/bin/../lib/gcc/arm-atollic-eabi/6.3.1/armv7e-m/fpu/crtbegin.o

.rodata         0x0800a030      0x388
                0x0800a030                . = ALIGN (0x4)
 *(.rodata)
 .rodata        0x0800a030       0x1c Src\freertos.o
 *(.rodata*)
 .rodata.Controler_Init.str1.4
                0x0800a04c       0x15 Application\src\Controler.o
 *fill*         0x0800a061        0x3 
 .rodata.UartCommunication_Init.str1.4
                0x0800a064        0x5 Application\src\UartCommunication.o
 *fill*         0x0800a069        0x3 
 .rodata.UartCommunication_Thread.str1.4
                0x0800a06c       0x20 Application\src\UartCommunication.o
 .rodata.aPLLMULFactorTable
                0x0800a08c       0x10 Drivers\STM32F3xx_HAL_Driver\Src\stm32f3xx_hal_rcc.o
                0x0800a08c                aPLLMULFactorTable
 .rodata.aPredivFactorTable
                0x0800a09c       0x10 Drivers\STM32F3xx_HAL_Driver\Src\stm32f3xx_hal_rcc.o
                0x0800a09c                aPredivFactorTable
 .rodata.vTaskStartScheduler.str1.4
                0x0800a0ac        0x5 Middlewares\Third_Party\FreeRTOS\Source\tasks.o
 *fill*         0x0800a0b1        0x3 
 .rodata.prvCheckForValidListAndQueue.str1.4
                0x0800a0b4        0x5 Middlewares\Third_Party\FreeRTOS\Source\timers.o
 *fill*         0x0800a0b9        0x3 
 .rodata.xTimerCreateTimerTask.str1.4
                0x0800a0bc        0x8 Middlewares\Third_Party\FreeRTOS\Source\timers.o
 .rodata.str1.4
                0x0800a0c4        0xc Src\freertos.o
 .rodata.AHBPrescTable
                0x0800a0d0       0x10 Src\system_stm32f3xx.o
                0x0800a0d0                AHBPrescTable
 .rodata.APBPrescTable
                0x0800a0e0        0x8 Src\system_stm32f3xx.o
                0x0800a0e0                APBPrescTable
 .rodata._global_impure_ptr
                0x0800a0e8        0x4 c:/program files (x86)/atollic/truestudio for stm32 9.3.0/armtools/bin/../lib/gcc/arm-atollic-eabi/6.3.1/../../../../arm-atollic-eabi/lib/armv7e-m/fpu\libc.a(lib_a-impure.o)
                0x0800a0e8                _global_impure_ptr
 .rodata._vfprintf_r.str1.1
                0x0800a0ec       0x34 c:/program files (x86)/atollic/truestudio for stm32 9.3.0/armtools/bin/../lib/gcc/arm-atollic-eabi/6.3.1/../../../../arm-atollic-eabi/lib/armv7e-m/fpu\libc.a(lib_a-vfprintf.o)
 .rodata.blanks.8374
                0x0800a120       0x10 c:/program files (x86)/atollic/truestudio for stm32 9.3.0/armtools/bin/../lib/gcc/arm-atollic-eabi/6.3.1/../../../../arm-atollic-eabi/lib/armv7e-m/fpu\libc.a(lib_a-vfprintf.o)
 .rodata.zeroes.8375
                0x0800a130       0x10 c:/program files (x86)/atollic/truestudio for stm32 9.3.0/armtools/bin/../lib/gcc/arm-atollic-eabi/6.3.1/../../../../arm-atollic-eabi/lib/armv7e-m/fpu\libc.a(lib_a-vfprintf.o)
 .rodata._dtoa_r.str1.1
                0x0800a140        0xd c:/program files (x86)/atollic/truestudio for stm32 9.3.0/armtools/bin/../lib/gcc/arm-atollic-eabi/6.3.1/../../../../arm-atollic-eabi/lib/armv7e-m/fpu\libc.a(lib_a-dtoa.o)
                                  0xf (size before relaxing)
 *fill*         0x0800a14d        0x3 
 .rodata.__sf_fake_stderr
                0x0800a150       0x20 c:/program files (x86)/atollic/truestudio for stm32 9.3.0/armtools/bin/../lib/gcc/arm-atollic-eabi/6.3.1/../../../../arm-atollic-eabi/lib/armv7e-m/fpu\libc.a(lib_a-findfp.o)
                0x0800a150                __sf_fake_stderr
 .rodata.__sf_fake_stdin
                0x0800a170       0x20 c:/program files (x86)/atollic/truestudio for stm32 9.3.0/armtools/bin/../lib/gcc/arm-atollic-eabi/6.3.1/../../../../arm-atollic-eabi/lib/armv7e-m/fpu\libc.a(lib_a-findfp.o)
                0x0800a170                __sf_fake_stdin
 .rodata.__sf_fake_stdout
                0x0800a190       0x20 c:/program files (x86)/atollic/truestudio for stm32 9.3.0/armtools/bin/../lib/gcc/arm-atollic-eabi/6.3.1/../../../../arm-atollic-eabi/lib/armv7e-m/fpu\libc.a(lib_a-findfp.o)
                0x0800a190                __sf_fake_stdout
 .rodata.__mprec_bigtens
                0x0800a1b0       0x28 c:/program files (x86)/atollic/truestudio for stm32 9.3.0/armtools/bin/../lib/gcc/arm-atollic-eabi/6.3.1/../../../../arm-atollic-eabi/lib/armv7e-m/fpu\libc.a(lib_a-mprec.o)
                0x0800a1b0                __mprec_bigtens
 .rodata.__mprec_tens
                0x0800a1d8       0xc8 c:/program files (x86)/atollic/truestudio for stm32 9.3.0/armtools/bin/../lib/gcc/arm-atollic-eabi/6.3.1/../../../../arm-atollic-eabi/lib/armv7e-m/fpu\libc.a(lib_a-mprec.o)
                0x0800a1d8                __mprec_tens
 .rodata.p05.7196
                0x0800a2a0        0xc c:/program files (x86)/atollic/truestudio for stm32 9.3.0/armtools/bin/../lib/gcc/arm-atollic-eabi/6.3.1/../../../../arm-atollic-eabi/lib/armv7e-m/fpu\libc.a(lib_a-mprec.o)
 .rodata._setlocale_r.str1.1
                0x0800a2ac        0x8 c:/program files (x86)/atollic/truestudio for stm32 9.3.0/armtools/bin/../lib/gcc/arm-atollic-eabi/6.3.1/../../../../arm-atollic-eabi/lib/armv7e-m/fpu\libc.a(lib_a-locale.o)
                                  0x9 (size before relaxing)
 .rodata.str1.1
                0x0800a2b4        0x2 c:/program files (x86)/atollic/truestudio for stm32 9.3.0/armtools/bin/../lib/gcc/arm-atollic-eabi/6.3.1/../../../../arm-atollic-eabi/lib/armv7e-m/fpu\libc.a(lib_a-locale.o)
 .rodata._ctype_
                0x0800a2b6      0x101 c:/program files (x86)/atollic/truestudio for stm32 9.3.0/armtools/bin/../lib/gcc/arm-atollic-eabi/6.3.1/../../../../arm-atollic-eabi/lib/armv7e-m/fpu\libc.a(lib_a-ctype_.o)
                0x0800a2b6                _ctype_
                0x0800a3b8                . = ALIGN (0x4)
 *fill*         0x0800a3b7        0x1 

.ARM.extab
 *(.ARM.extab* .gnu.linkonce.armextab.*)

.ARM            0x0800a3b8        0x8
                0x0800a3b8                __exidx_start = .
 *(.ARM.exidx*)
 .ARM.exidx     0x0800a3b8        0x8 c:/program files (x86)/atollic/truestudio for stm32 9.3.0/armtools/bin/../lib/gcc/arm-atollic-eabi/6.3.1/armv7e-m/fpu\libgcc.a(_udivmoddi4.o)
                0x0800a3c0                __exidx_end = .

.rel.dyn        0x0800a3c0        0x0
 .rel.iplt      0x0800a3c0        0x0 c:/program files (x86)/atollic/truestudio for stm32 9.3.0/armtools/bin/../lib/gcc/arm-atollic-eabi/6.3.1/armv7e-m/fpu/crtbegin.o

.preinit_array  0x0800a3c0        0x0
                0x0800a3c0                PROVIDE (__preinit_array_start, .)
 *(.preinit_array*)
                0x0800a3c0                PROVIDE (__preinit_array_end, .)

.init_array     0x0800a3c0        0x4
                0x0800a3c0                PROVIDE (__init_array_start, .)
 *(SORT(.init_array.*))
 *(.init_array*)
 .init_array    0x0800a3c0        0x4 c:/program files (x86)/atollic/truestudio for stm32 9.3.0/armtools/bin/../lib/gcc/arm-atollic-eabi/6.3.1/armv7e-m/fpu/crtbegin.o
                0x0800a3c4                PROVIDE (__init_array_end, .)

.fini_array     0x0800a3c4        0x4
                [!provide]                PROVIDE (__fini_array_start, .)
 *(SORT(.fini_array.*))
 *(.fini_array*)
 .fini_array    0x0800a3c4        0x4 c:/program files (x86)/atollic/truestudio for stm32 9.3.0/armtools/bin/../lib/gcc/arm-atollic-eabi/6.3.1/armv7e-m/fpu/crtbegin.o
                [!provide]                PROVIDE (__fini_array_end, .)
                0x0800a3c8                _sidata = LOADADDR (.data)

.data           0x20000000      0x680 load address 0x0800a3c8
                0x20000000                . = ALIGN (0x4)
                0x20000000                _sdata = .
 *(.data)
 *(.data*)
 .data.uwTickFreq
                0x20000000        0x1 Drivers\STM32F3xx_HAL_Driver\Src\stm32f3xx_hal.o
                0x20000000                uwTickFreq
 *fill*         0x20000001        0x3 
 .data.uwTickPrio
                0x20000004        0x4 Drivers\STM32F3xx_HAL_Driver\Src\stm32f3xx_hal.o
                0x20000004                uwTickPrio
 .data.uxCriticalNesting
                0x20000008        0x4 Middlewares\Third_Party\FreeRTOS\Source\portable\GCC\ARM_CM4F\port.o
 .data.SystemCoreClock
                0x2000000c        0x4 Src\system_stm32f3xx.o
                0x2000000c                SystemCoreClock
 .data._impure_ptr
                0x20000010        0x4 c:/program files (x86)/atollic/truestudio for stm32 9.3.0/armtools/bin/../lib/gcc/arm-atollic-eabi/6.3.1/../../../../arm-atollic-eabi/lib/armv7e-m/fpu\libc.a(lib_a-impure.o)
                0x20000010                _impure_ptr
 .data.impure_data
                0x20000014       0xf0 c:/program files (x86)/atollic/truestudio for stm32 9.3.0/armtools/bin/../lib/gcc/arm-atollic-eabi/6.3.1/../../../../arm-atollic-eabi/lib/armv7e-m/fpu\libc.a(lib_a-impure.o)
 .data.__malloc_av_
                0x20000104      0x408 c:/program files (x86)/atollic/truestudio for stm32 9.3.0/armtools/bin/../lib/gcc/arm-atollic-eabi/6.3.1/../../../../arm-atollic-eabi/lib/armv7e-m/fpu\libc.a(lib_a-mallocr.o)
                0x20000104                __malloc_av_
 .data.__malloc_sbrk_base
                0x2000050c        0x4 c:/program files (x86)/atollic/truestudio for stm32 9.3.0/armtools/bin/../lib/gcc/arm-atollic-eabi/6.3.1/../../../../arm-atollic-eabi/lib/armv7e-m/fpu\libc.a(lib_a-mallocr.o)
                0x2000050c                __malloc_sbrk_base
 .data.__malloc_trim_threshold
                0x20000510        0x4 c:/program files (x86)/atollic/truestudio for stm32 9.3.0/armtools/bin/../lib/gcc/arm-atollic-eabi/6.3.1/../../../../arm-atollic-eabi/lib/armv7e-m/fpu\libc.a(lib_a-mallocr.o)
                0x20000510                __malloc_trim_threshold
 .data.__global_locale
                0x20000514      0x16c c:/program files (x86)/atollic/truestudio for stm32 9.3.0/armtools/bin/../lib/gcc/arm-atollic-eabi/6.3.1/../../../../arm-atollic-eabi/lib/armv7e-m/fpu\libc.a(lib_a-locale.o)
                0x20000514                __global_locale
                0x20000680                . = ALIGN (0x4)
                0x20000680                _edata = .
                0x0800aa48                _siccmram = LOADADDR (.ccmram)

.igot.plt       0x20000680        0x0 load address 0x0800aa48
 .igot.plt      0x20000680        0x0 c:/program files (x86)/atollic/truestudio for stm32 9.3.0/armtools/bin/../lib/gcc/arm-atollic-eabi/6.3.1/armv7e-m/fpu/crtbegin.o

.ccmram         0x10000000        0x0 load address 0x0800aa48
                0x10000000                . = ALIGN (0x4)
                0x10000000                _sccmram = .
 *(.ccmram)
 *(.ccmram*)
                0x10000000                . = ALIGN (0x4)
                0x10000000                _eccmram = .
                0x10000000                . = ALIGN (0x4)

.bss            0x20000680     0x4db8
                0x20000680                _sbss = .
                0x20000680                __bss_start__ = _sbss
 *(.bss)
 .bss           0x20000680       0x1c c:/program files (x86)/atollic/truestudio for stm32 9.3.0/armtools/bin/../lib/gcc/arm-atollic-eabi/6.3.1/armv7e-m/fpu/crtbegin.o
 *(.bss*)
 .bss.ucMaxSysCallPriority
                0x2000069c        0x1 Middlewares\Third_Party\FreeRTOS\Source\portable\GCC\ARM_CM4F\port.o
 *fill*         0x2000069d        0x3 
 .bss.ulMaxPRIGROUPValue
                0x200006a0        0x4 Middlewares\Third_Party\FreeRTOS\Source\portable\GCC\ARM_CM4F\port.o
 .bss.pucAlignedHeap.6293
                0x200006a4        0x4 Middlewares\Third_Party\FreeRTOS\Source\portable\MemMang\heap_1.o
 .bss.ucHeap    0x200006a8     0x4000 Middlewares\Third_Party\FreeRTOS\Source\portable\MemMang\heap_1.o
 .bss.xNextFreeByte
                0x200046a8        0x4 Middlewares\Third_Party\FreeRTOS\Source\portable\MemMang\heap_1.o
 .bss.pxCurrentTCB
                0x200046ac        0x4 Middlewares\Third_Party\FreeRTOS\Source\tasks.o
                0x200046ac                pxCurrentTCB
 .bss.pxDelayedTaskList
                0x200046b0        0x4 Middlewares\Third_Party\FreeRTOS\Source\tasks.o
 .bss.pxOverflowDelayedTaskList
                0x200046b4        0x4 Middlewares\Third_Party\FreeRTOS\Source\tasks.o
 .bss.pxReadyTasksLists
                0x200046b8       0x8c Middlewares\Third_Party\FreeRTOS\Source\tasks.o
 .bss.uxCurrentNumberOfTasks
                0x20004744        0x4 Middlewares\Third_Party\FreeRTOS\Source\tasks.o
 .bss.uxDeletedTasksWaitingCleanUp
                0x20004748        0x4 Middlewares\Third_Party\FreeRTOS\Source\tasks.o
 .bss.uxPendedTicks
                0x2000474c        0x4 Middlewares\Third_Party\FreeRTOS\Source\tasks.o
 .bss.uxSchedulerSuspended
                0x20004750        0x4 Middlewares\Third_Party\FreeRTOS\Source\tasks.o
 .bss.uxTaskNumber
                0x20004754        0x4 Middlewares\Third_Party\FreeRTOS\Source\tasks.o
 .bss.uxTopReadyPriority
                0x20004758        0x4 Middlewares\Third_Party\FreeRTOS\Source\tasks.o
 .bss.xDelayedTaskList1
                0x2000475c       0x14 Middlewares\Third_Party\FreeRTOS\Source\tasks.o
 .bss.xDelayedTaskList2
                0x20004770       0x14 Middlewares\Third_Party\FreeRTOS\Source\tasks.o
 .bss.xNextTaskUnblockTime
                0x20004784        0x4 Middlewares\Third_Party\FreeRTOS\Source\tasks.o
 .bss.xNumOfOverflows
                0x20004788        0x4 Middlewares\Third_Party\FreeRTOS\Source\tasks.o
 .bss.xPendingReadyList
                0x2000478c       0x14 Middlewares\Third_Party\FreeRTOS\Source\tasks.o
 .bss.xSchedulerRunning
                0x200047a0        0x4 Middlewares\Third_Party\FreeRTOS\Source\tasks.o
 .bss.xSuspendedTaskList
                0x200047a4       0x14 Middlewares\Third_Party\FreeRTOS\Source\tasks.o
 .bss.xTasksWaitingTermination
                0x200047b8       0x14 Middlewares\Third_Party\FreeRTOS\Source\tasks.o
 .bss.xTickCount
                0x200047cc        0x4 Middlewares\Third_Party\FreeRTOS\Source\tasks.o
 .bss.xYieldPending
                0x200047d0        0x4 Middlewares\Third_Party\FreeRTOS\Source\tasks.o
 .bss.pxCurrentTimerList
                0x200047d4        0x4 Middlewares\Third_Party\FreeRTOS\Source\timers.o
 .bss.pxOverflowTimerList
                0x200047d8        0x4 Middlewares\Third_Party\FreeRTOS\Source\timers.o
 .bss.ucStaticTimerQueueStorage.6674
                0x200047dc       0x78 Middlewares\Third_Party\FreeRTOS\Source\timers.o
 .bss.xActiveTimerList1
                0x20004854       0x14 Middlewares\Third_Party\FreeRTOS\Source\timers.o
 .bss.xActiveTimerList2
                0x20004868       0x14 Middlewares\Third_Party\FreeRTOS\Source\timers.o
 .bss.xLastTime.6625
                0x2000487c        0x4 Middlewares\Third_Party\FreeRTOS\Source\timers.o
 .bss.xStaticTimerQueue.6673
                0x20004880       0x48 Middlewares\Third_Party\FreeRTOS\Source\timers.o
 .bss.xTimerQueue
                0x200048c8        0x4 Middlewares\Third_Party\FreeRTOS\Source\timers.o
 .bss.xTimerTaskHandle
                0x200048cc        0x4 Middlewares\Third_Party\FreeRTOS\Source\timers.o
 .bss.xIdleStack
                0x200048d0      0x200 Src\freertos.o
 .bss.xIdleTaskTCBBuffer
                0x20004ad0       0x54 Src\freertos.o
 .bss.xTimerStack
                0x20004b24      0x400 Src\freertos.o
 .bss.xTimerTaskTCBBuffer
                0x20004f24       0x54 Src\freertos.o
 .bss.heap_end.8351
                0x20004f78        0x4 Src\syscalls.o
 .bss.__malloc_current_mallinfo
                0x20004f7c       0x28 c:/program files (x86)/atollic/truestudio for stm32 9.3.0/armtools/bin/../lib/gcc/arm-atollic-eabi/6.3.1/../../../../arm-atollic-eabi/lib/armv7e-m/fpu\libc.a(lib_a-mallocr.o)
                0x20004f7c                __malloc_current_mallinfo
 .bss.__malloc_max_sbrked_mem
                0x20004fa4        0x4 c:/program files (x86)/atollic/truestudio for stm32 9.3.0/armtools/bin/../lib/gcc/arm-atollic-eabi/6.3.1/../../../../arm-atollic-eabi/lib/armv7e-m/fpu\libc.a(lib_a-mallocr.o)
                0x20004fa4                __malloc_max_sbrked_mem
 .bss.__malloc_max_total_mem
                0x20004fa8        0x4 c:/program files (x86)/atollic/truestudio for stm32 9.3.0/armtools/bin/../lib/gcc/arm-atollic-eabi/6.3.1/../../../../arm-atollic-eabi/lib/armv7e-m/fpu\libc.a(lib_a-mallocr.o)
                0x20004fa8                __malloc_max_total_mem
 .bss.__malloc_top_pad
                0x20004fac        0x4 c:/program files (x86)/atollic/truestudio for stm32 9.3.0/armtools/bin/../lib/gcc/arm-atollic-eabi/6.3.1/../../../../arm-atollic-eabi/lib/armv7e-m/fpu\libc.a(lib_a-mallocr.o)
                0x20004fac                __malloc_top_pad
 *(COMMON)
 COMMON         0x20004fb0       0x34 Application\src\Controler.o
                0x20004fb0                controler
                0x20004fd8                tim4cnt
                0x20004fdc                tim1cnt
                0x20004fe0                rpm_a
 COMMON         0x20004fe4       0x64 Application\src\UartCommunication.o
                0x20004fe4                uart
 COMMON         0x20005048        0x4 Drivers\STM32F3xx_HAL_Driver\Src\stm32f3xx_hal.o
                0x20005048                uwTick
 COMMON         0x2000504c       0x40 Middlewares\Third_Party\FreeRTOS\Source\queue.o
                0x2000504c                xQueueRegistry
 COMMON         0x2000508c       0x94 Src\adc.o
                0x2000508c                hadc2
                0x200050dc                hdma_adc2
 COMMON         0x20005120        0x4 Src\freertos.o
                0x20005120                defaultTaskHandle
 COMMON         0x20005124       0x40 Src\stm32f3xx_hal_timebase_tim.o
                0x20005124                htim6
 COMMON         0x20005164      0x180 Src\tim.o
                0x20005164                htim4
                0x200051a4                htim17
                0x200051e4                htim1
                0x20005224                htim2
                0x20005264                htim16
                0x200052a4                htim7
 COMMON         0x200052e4      0x144 Src\usart.o
                0x200052e4                hdma_usart2_tx
                0x20005328                huart1
                0x200053a8                huart2
 COMMON         0x20005428        0x9 c:/program files (x86)/atollic/truestudio for stm32 9.3.0/armtools/bin/../lib/gcc/arm-atollic-eabi/6.3.1/../../../../arm-atollic-eabi/lib/armv7e-m/fpu\libc.a(lib_a-lock.o)
                0x20005428                __lock___atexit_recursive_mutex
                0x20005429                __lock___arc4random_mutex
                0x2000542a                __lock___env_recursive_mutex
                0x2000542b                __lock___sinit_recursive_mutex
                0x2000542c                __lock___malloc_recursive_mutex
                0x2000542d                __lock___at_quick_exit_mutex
                0x2000542e                __lock___dd_hash_mutex
                0x2000542f                __lock___tz_mutex
                0x20005430                __lock___sfp_recursive_mutex
 *fill*         0x20005431        0x3 
 COMMON         0x20005434        0x4 c:/program files (x86)/atollic/truestudio for stm32 9.3.0/armtools/bin/../lib/gcc/arm-atollic-eabi/6.3.1/../../../../arm-atollic-eabi/lib/armv7e-m/fpu\libc.a(lib_a-reent.o)
                0x20005434                errno
                0x20005438                . = ALIGN (0x4)
                0x20005438                _ebss = .
                0x20005438                __bss_end__ = _ebss

._user_heap_stack
                0x20005438      0x600
                0x20005438                . = ALIGN (0x4)
                0x20005438                PROVIDE (end, .)
                [!provide]                PROVIDE (_end, .)
                0x20005638                . = (. + _Min_Heap_Size)
 *fill*         0x20005438      0x200 
                0x20005a38                . = (. + _Min_Stack_Size)
 *fill*         0x20005638      0x400 
                0x20005a38                . = ALIGN (0x4)

/DISCARD/
 libc.a(*)
 libm.a(*)
 libgcc.a(*)

.ARM.attributes
                0x00000000       0x30
 *(.ARM.attributes)
 .ARM.attributes
                0x00000000       0x22 c:/program files (x86)/atollic/truestudio for stm32 9.3.0/armtools/bin/../lib/gcc/arm-atollic-eabi/6.3.1/armv7e-m/fpu/crti.o
 .ARM.attributes
                0x00000022       0x34 c:/program files (x86)/atollic/truestudio for stm32 9.3.0/armtools/bin/../lib/gcc/arm-atollic-eabi/6.3.1/armv7e-m/fpu/crtbegin.o
 .ARM.attributes
                0x00000056       0x39 Application\src\Controler.o
 .ARM.attributes
                0x0000008f       0x39 Application\src\L6206.o
 .ARM.attributes
                0x000000c8       0x39 Application\src\UartCommunication.o
 .ARM.attributes
                0x00000101       0x39 Drivers\STM32F3xx_HAL_Driver\Src\stm32f3xx_hal.o
 .ARM.attributes
                0x0000013a       0x39 Drivers\STM32F3xx_HAL_Driver\Src\stm32f3xx_hal_adc_ex.o
 .ARM.attributes
                0x00000173       0x39 Drivers\STM32F3xx_HAL_Driver\Src\stm32f3xx_hal_cortex.o
 .ARM.attributes
                0x000001ac       0x39 Drivers\STM32F3xx_HAL_Driver\Src\stm32f3xx_hal_dma.o
 .ARM.attributes
                0x000001e5       0x39 Drivers\STM32F3xx_HAL_Driver\Src\stm32f3xx_hal_gpio.o
 .ARM.attributes
                0x0000021e       0x39 Drivers\STM32F3xx_HAL_Driver\Src\stm32f3xx_hal_rcc.o
 .ARM.attributes
                0x00000257       0x39 Drivers\STM32F3xx_HAL_Driver\Src\stm32f3xx_hal_rcc_ex.o
 .ARM.attributes
                0x00000290       0x39 Drivers\STM32F3xx_HAL_Driver\Src\stm32f3xx_hal_tim.o
 .ARM.attributes
                0x000002c9       0x39 Drivers\STM32F3xx_HAL_Driver\Src\stm32f3xx_hal_tim_ex.o
 .ARM.attributes
                0x00000302       0x39 Drivers\STM32F3xx_HAL_Driver\Src\stm32f3xx_hal_uart.o
 .ARM.attributes
                0x0000033b       0x39 Drivers\STM32F3xx_HAL_Driver\Src\stm32f3xx_hal_uart_ex.o
 .ARM.attributes
                0x00000374       0x39 Middlewares\Third_Party\FreeRTOS\Source\CMSIS_RTOS\cmsis_os.o
 .ARM.attributes
                0x000003ad       0x39 Middlewares\Third_Party\FreeRTOS\Source\list.o
 .ARM.attributes
                0x000003e6       0x39 Middlewares\Third_Party\FreeRTOS\Source\portable\GCC\ARM_CM4F\port.o
 .ARM.attributes
                0x0000041f       0x39 Middlewares\Third_Party\FreeRTOS\Source\portable\MemMang\heap_1.o
 .ARM.attributes
                0x00000458       0x39 Middlewares\Third_Party\FreeRTOS\Source\queue.o
 .ARM.attributes
                0x00000491       0x39 Middlewares\Third_Party\FreeRTOS\Source\tasks.o
 .ARM.attributes
                0x000004ca       0x39 Middlewares\Third_Party\FreeRTOS\Source\timers.o
 .ARM.attributes
                0x00000503       0x39 Src\adc.o
 .ARM.attributes
                0x0000053c       0x39 Src\dma.o
 .ARM.attributes
                0x00000575       0x39 Src\freertos.o
 .ARM.attributes
                0x000005ae       0x39 Src\gpio.o
 .ARM.attributes
                0x000005e7       0x39 Src\main.o
 .ARM.attributes
                0x00000620       0x39 Src\stm32f3xx_hal_msp.o
 .ARM.attributes
                0x00000659       0x39 Src\stm32f3xx_hal_timebase_tim.o
 .ARM.attributes
                0x00000692       0x39 Src\stm32f3xx_it.o
 .ARM.attributes
                0x000006cb       0x39 Src\syscalls.o
 .ARM.attributes
                0x00000704       0x39 Src\system_stm32f3xx.o
 .ARM.attributes
                0x0000073d       0x39 Src\tim.o
 .ARM.attributes
                0x00000776       0x39 Src\usart.o
 .ARM.attributes
                0x000007af       0x21 startup\startup_stm32f303xc.o
 .ARM.attributes
                0x000007d0       0x34 c:/program files (x86)/atollic/truestudio for stm32 9.3.0/armtools/bin/../lib/gcc/arm-atollic-eabi/6.3.1/../../../../arm-atollic-eabi/lib/armv7e-m/fpu\libc.a(lib_a-errno.o)
 .ARM.attributes
                0x00000804       0x34 c:/program files (x86)/atollic/truestudio for stm32 9.3.0/armtools/bin/../lib/gcc/arm-atollic-eabi/6.3.1/../../../../arm-atollic-eabi/lib/armv7e-m/fpu\libc.a(lib_a-impure.o)
 .ARM.attributes
                0x00000838       0x34 c:/program files (x86)/atollic/truestudio for stm32 9.3.0/armtools/bin/../lib/gcc/arm-atollic-eabi/6.3.1/../../../../arm-atollic-eabi/lib/armv7e-m/fpu\libc.a(lib_a-init.o)
 .ARM.attributes
                0x0000086c       0x34 c:/program files (x86)/atollic/truestudio for stm32 9.3.0/armtools/bin/../lib/gcc/arm-atollic-eabi/6.3.1/../../../../arm-atollic-eabi/lib/armv7e-m/fpu\libc.a(lib_a-memcpy-stub.o)
 .ARM.attributes
                0x000008a0       0x34 c:/program files (x86)/atollic/truestudio for stm32 9.3.0/armtools/bin/../lib/gcc/arm-atollic-eabi/6.3.1/../../../../arm-atollic-eabi/lib/armv7e-m/fpu\libc.a(lib_a-memset.o)
 .ARM.attributes
                0x000008d4       0x34 c:/program files (x86)/atollic/truestudio for stm32 9.3.0/armtools/bin/../lib/gcc/arm-atollic-eabi/6.3.1/../../../../arm-atollic-eabi/lib/armv7e-m/fpu\libc.a(lib_a-printf.o)
 .ARM.attributes
                0x00000908       0x34 c:/program files (x86)/atollic/truestudio for stm32 9.3.0/armtools/bin/../lib/gcc/arm-atollic-eabi/6.3.1/../../../../arm-atollic-eabi/lib/armv7e-m/fpu\libc.a(lib_a-vfprintf.o)
 .ARM.attributes
                0x0000093c       0x34 c:/program files (x86)/atollic/truestudio for stm32 9.3.0/armtools/bin/../lib/gcc/arm-atollic-eabi/6.3.1/../../../../arm-atollic-eabi/lib/armv7e-m/fpu\libc.a(lib_a-wsetup.o)
 .ARM.attributes
                0x00000970       0x34 c:/program files (x86)/atollic/truestudio for stm32 9.3.0/armtools/bin/../lib/gcc/arm-atollic-eabi/6.3.1/../../../../arm-atollic-eabi/lib/armv7e-m/fpu\libc.a(lib_a-dtoa.o)
 .ARM.attributes
                0x000009a4       0x34 c:/program files (x86)/atollic/truestudio for stm32 9.3.0/armtools/bin/../lib/gcc/arm-atollic-eabi/6.3.1/../../../../arm-atollic-eabi/lib/armv7e-m/fpu\libc.a(lib_a-fflush.o)
 .ARM.attributes
                0x000009d8       0x34 c:/program files (x86)/atollic/truestudio for stm32 9.3.0/armtools/bin/../lib/gcc/arm-atollic-eabi/6.3.1/../../../../arm-atollic-eabi/lib/armv7e-m/fpu\libc.a(lib_a-findfp.o)
 .ARM.attributes
                0x00000a0c       0x34 c:/program files (x86)/atollic/truestudio for stm32 9.3.0/armtools/bin/../lib/gcc/arm-atollic-eabi/6.3.1/../../../../arm-atollic-eabi/lib/armv7e-m/fpu\libc.a(lib_a-freer.o)