Archive member included to satisfy reference by file (symbol)

c:/program files (x86)/atollic/truestudio for stm32 9.3.0/armtools/bin/../lib/gcc/arm-atollic-eabi/6.3.1/../../../../arm-atollic-eabi/lib/armv7e-m/fpu\libc.a(lib_a-errno.o)
                              Src\syscalls.o (__errno)
c:/program files (x86)/atollic/truestudio for stm32 9.3.0/armtools/bin/../lib/gcc/arm-atollic-eabi/6.3.1/../../../../arm-atollic-eabi/lib/armv7e-m/fpu\libc.a(lib_a-impure.o)
                              c:/program files (x86)/atollic/truestudio for stm32 9.3.0/armtools/bin/../lib/gcc/arm-atollic-eabi/6.3.1/../../../../arm-atollic-eabi/lib/armv7e-m/fpu\libc.a(lib_a-errno.o) (_impure_ptr)
c:/program files (x86)/atollic/truestudio for stm32 9.3.0/armtools/bin/../lib/gcc/arm-atollic-eabi/6.3.1/../../../../arm-atollic-eabi/lib/armv7e-m/fpu\libc.a(lib_a-init.o)
                              startup\startup_stm32f303xc.o (__libc_init_array)
c:/program files (x86)/atollic/truestudio for stm32 9.3.0/armtools/bin/../lib/gcc/arm-atollic-eabi/6.3.1/../../../../arm-atollic-eabi/lib/armv7e-m/fpu\libc.a(lib_a-memcpy-stub.o)
                              Application\src\UartCommunication.o (memcpy)
c:/program files (x86)/atollic/truestudio for stm32 9.3.0/armtools/bin/../lib/gcc/arm-atollic-eabi/6.3.1/../../../../arm-atollic-eabi/lib/armv7e-m/fpu\libc.a(lib_a-memset.o)
                              Drivers\STM32F3xx_HAL_Driver\Src\stm32f3xx_hal_adc_ex.o (memset)
c:/program files (x86)/atollic/truestudio for stm32 9.3.0/armtools/bin/../lib/gcc/arm-atollic-eabi/6.3.1/../../../../arm-atollic-eabi/lib/armv7e-m/fpu\libc.a(lib_a-printf.o)
                              Application\src\UartCommunication.o (printf)
c:/program files (x86)/atollic/truestudio for stm32 9.3.0/armtools/bin/../lib/gcc/arm-atollic-eabi/6.3.1/../../../../arm-atollic-eabi/lib/armv7e-m/fpu\libc.a(lib_a-vfprintf.o)
                              c:/program files (x86)/atollic/truestudio for stm32 9.3.0/armtools/bin/../lib/gcc/arm-atollic-eabi/6.3.1/../../../../arm-atollic-eabi/lib/armv7e-m/fpu\libc.a(lib_a-printf.o) (_vfprintf_r)
c:/program files (x86)/atollic/truestudio for stm32 9.3.0/armtools/bin/../lib/gcc/arm-atollic-eabi/6.3.1/../../../../arm-atollic-eabi/lib/armv7e-m/fpu\libc.a(lib_a-wsetup.o)
                              c:/program files (x86)/atollic/truestudio for stm32 9.3.0/armtools/bin/../lib/gcc/arm-atollic-eabi/6.3.1/../../../../arm-atollic-eabi/lib/armv7e-m/fpu\libc.a(lib_a-vfprintf.o) (__swsetup_r)
c:/program files (x86)/atollic/truestudio for stm32 9.3.0/armtools/bin/../lib/gcc/arm-atollic-eabi/6.3.1/../../../../arm-atollic-eabi/lib/armv7e-m/fpu\libc.a(lib_a-dtoa.o)
                              c:/program files (x86)/atollic/truestudio for stm32 9.3.0/armtools/bin/../lib/gcc/arm-atollic-eabi/6.3.1/../../../../arm-atollic-eabi/lib/armv7e-m/fpu\libc.a(lib_a-vfprintf.o) (_dtoa_r)
c:/program files (x86)/atollic/truestudio for stm32 9.3.0/armtools/bin/../lib/gcc/arm-atollic-eabi/6.3.1/../../../../arm-atollic-eabi/lib/armv7e-m/fpu\libc.a(lib_a-fflush.o)
                              c:/program files (x86)/atollic/truestudio for stm32 9.3.0/armtools/bin/../lib/gcc/arm-atollic-eabi/6.3.1/../../../../arm-atollic-eabi/lib/armv7e-m/fpu\libc.a(lib_a-vfprintf.o) (_fflush_r)
c:/program files (x86)/atollic/truestudio for stm32 9.3.0/armtools/bin/../lib/gcc/arm-atollic-eabi/6.3.1/../../../../arm-atollic-eabi/lib/armv7e-m/fpu\libc.a(lib_a-findfp.o)
                              c:/program files (x86)/atollic/truestudio for stm32 9.3.0/armtools/bin/../lib/gcc/arm-atollic-eabi/6.3.1/../../../../arm-atollic-eabi/lib/armv7e-m/fpu\libc.a(lib_a-printf.o) (__sinit)
c:/program files (x86)/atollic/truestudio for stm32 9.3.0/armtools/bin/../lib/gcc/arm-atollic-eabi/6.3.1/../../../../arm-atollic-eabi/lib/armv7e-m/fpu\libc.a(lib_a-freer.o)
                              c:/program files (x86)/atollic/truestudio for stm32 9.3.0/armtools/bin/../lib/gcc/arm-atollic-eabi/6.3.1/../../../../arm-atollic-eabi/lib/armv7e-m/fpu\libc.a(lib_a-wsetup.o) (_free_r)
c:/program files (x86)/atollic/truestudio for stm32 9.3.0/armtools/bin/../lib/gcc/arm-atollic-eabi/6.3.1/../../../../arm-atollic-eabi/lib/armv7e-m/fpu\libc.a(lib_a-fwalk.o)
                              c:/program files (x86)/atollic/truestudio for stm32 9.3.0/armtools/bin/../lib/gcc/arm-atollic-eabi/6.3.1/../../../../arm-atollic-eabi/lib/armv7e-m/fpu\libc.a(lib_a-findfp.o) (_fwalk)
c:/program files (x86)/atollic/truestudio for stm32 9.3.0/armtools/bin/../lib/gcc/arm-atollic-eabi/6.3.1/../../../../arm-atollic-eabi/lib/armv7e-m/fpu\libc.a(lib_a-localeconv.o)
                              c:/program files (x86)/atollic/truestudio for stm32 9.3.0/armtools/bin/../lib/gcc/arm-atollic-eabi/6.3.1/../../../../arm-atollic-eabi/lib/armv7e-m/fpu\libc.a(lib_a-vfprintf.o) (_localeconv_r)
[...]
Memory Configuration

Name             Origin             Length             Attributes
RAM              0x20000000         0x00008000         xrw
CCMRAM           0x10000000         0x00002000         xrw
FLASH            0x08000000         0x00020000         xr
*default*        0x00000000         0xffffffff

Linker script and memory map

LOAD c:/program files (x86)/atollic/truestudio for stm32 9.3.0/armtools/bin/../lib/gcc/arm-atollic-eabi/6.3.1/armv7e-m/fpu/crti.o
LOAD c:/program files (x86)/atollic/truestudio for stm32 9.3.0/armtools/bin/../lib/gcc/arm-atollic-eabi/6.3.1/armv7e-m/fpu/crtbegin.o
LOAD Application\src\Controler.o
LOAD Application\src\L6206.o
LOAD Application\src\LinearModules.o
LOAD Application\src\UartCommunication.o
LOAD Application\src\delay.o
LOAD Drivers\STM32F3xx_HAL_Driver\Src\stm32f3xx_hal.o
LOAD Drivers\STM32F3xx_HAL_Driver\Src\stm32f3xx_hal_adc.o
LOAD Drivers\STM32F3xx_HAL_Driver\Src\stm32f3xx_hal_adc_ex.o
LOAD Drivers\STM32F3xx_HAL_Driver\Src\stm32f3xx_hal_cortex.o
LOAD Drivers\STM32F3xx_HAL_Driver\Src\stm32f3xx_hal_dma.o
LOAD Drivers\STM32F3xx_HAL_Driver\Src\stm32f3xx_hal_exti.o
LOAD Drivers\STM32F3xx_HAL_Driver\Src\stm32f3xx_hal_flash.o
LOAD Drivers\STM32F3xx_HAL_Driver\Src\stm32f3xx_hal_flash_ex.o
LOAD Drivers\STM32F3xx_HAL_Driver\Src\stm32f3xx_hal_gpio.o
LOAD Drivers\STM32F3xx_HAL_Driver\Src\stm32f3xx_hal_i2c.o
LOAD Drivers\STM32F3xx_HAL_Driver\Src\stm32f3xx_hal_i2c_ex.o
LOAD Drivers\STM32F3xx_HAL_Driver\Src\stm32f3xx_hal_pwr.o
LOAD Drivers\STM32F3xx_HAL_Driver\Src\stm32f3xx_hal_pwr_ex.o
LOAD Drivers\STM32F3xx_HAL_Driver\Src\stm32f3xx_hal_rcc.o
LOAD Drivers\STM32F3xx_HAL_Driver\Src\stm32f3xx_hal_rcc_ex.o
LOAD Drivers\STM32F3xx_HAL_Driver\Src\stm32f3xx_hal_tim.o
LOAD Drivers\STM32F3xx_HAL_Driver\Src\stm32f3xx_hal_tim_ex.o
LOAD Drivers\STM32F3xx_HAL_Driver\Src\stm32f3xx_hal_uart.o
LOAD Drivers\STM32F3xx_HAL_Driver\Src\stm32f3xx_hal_uart_ex.o
LOAD Middlewares\Third_Party\FreeRTOS\Source\CMSIS_RTOS\cmsis_os.o
LOAD Middlewares\Third_Party\FreeRTOS\Source\croutine.o
LOAD Middlewares\Third_Party\FreeRTOS\Source\event_groups.o
LOAD Middlewares\Third_Party\FreeRTOS\Source\list.o
LOAD Middlewares\Third_Party\FreeRTOS\Source\portable\GCC\ARM_CM4F\port.o
LOAD Middlewares\Third_Party\FreeRTOS\Source\portable\MemMang\heap_1.o
LOAD Middlewares\Third_Party\FreeRTOS\Source\queue.o
LOAD Middlewares\Third_Party\FreeRTOS\Source\stream_buffer.o
LOAD Middlewares\Third_Party\FreeRTOS\Source\tasks.o
LOAD Middlewares\Third_Party\FreeRTOS\Source\timers.o
LOAD Src\adc.o
LOAD Src\dma.o
LOAD Src\freertos.o
LOAD Src\gpio.o
LOAD Src\main.o
LOAD Src\stm32f3xx_hal_msp.o
LOAD Src\stm32f3xx_hal_timebase_tim.o
LOAD Src\stm32f3xx_it.o
LOAD Src\syscalls.o
LOAD Src\system_stm32f3xx.o
LOAD Src\tim.o
LOAD Src\usart.o
LOAD startup\startup_stm32f303xc.o
                0x00000080                malloc_getpagesize_P = 0x80
START GROUP
LOAD c:/program files (x86)/atollic/truestudio for stm32 9.3.0/armtools/bin/../lib/gcc/arm-atollic-eabi/6.3.1/../../../../arm-atollic-eabi/lib/armv7e-m/fpu\libc.a
LOAD c:/program files (x86)/atollic/truestudio for stm32 9.3.0/armtools/bin/../lib/gcc/arm-atollic-eabi/6.3.1/../../../../arm-atollic-eabi/lib/armv7e-m/fpu\libm.a
END GROUP
START GROUP
LOAD c:/program files (x86)/atollic/truestudio for stm32 9.3.0/armtools/bin/../lib/gcc/arm-atollic-eabi/6.3.1/armv7e-m/fpu\libgcc.a
LOAD c:/program files (x86)/atollic/truestudio for stm32 9.3.0/armtools/bin/../lib/gcc/arm-atollic-eabi/6.3.1/../../../../arm-atollic-eabi/lib/armv7e-m/fpu\libc.a
END GROUP
START GROUP
LOAD c:/program files (x86)/atollic/truestudio for stm32 9.3.0/armtools/bin/../lib/gcc/arm-atollic-eabi/6.3.1/armv7e-m/fpu\libgcc.a
LOAD c:/program files (x86)/atollic/truestudio for stm32 9.3.0/armtools/bin/../lib/gcc/arm-atollic-eabi/6.3.1/../../../../arm-atollic-eabi/lib/armv7e-m/fpu\libc.a
LOAD c:/program files (x86)/atollic/truestudio for stm32 9.3.0/armtools/bin/../lib/gcc/arm-atollic-eabi/6.3.1/../../../../arm-atollic-eabi/lib/armv7e-m/fpu\libnosys.a
END GROUP
LOAD c:/program files (x86)/atollic/truestudio for stm32 9.3.0/armtools/bin/../lib/gcc/arm-atollic-eabi/6.3.1/armv7e-m/fpu/crtend.o
LOAD c:/program files (x86)/atollic/truestudio for stm32 9.3.0/armtools/bin/../lib/gcc/arm-atollic-eabi/6.3.1/armv7e-m/fpu/crtn.o
                0x20008000                _estack = 0x20008000
                0x00000200                _Min_Heap_Size = 0x200
                0x00000400                _Min_Stack_Size = 0x400

.isr_vector     0x08000000      0x188
                0x08000000                . = ALIGN (0x4)
 *(.isr_vector)
 .isr_vector    0x08000000      0x188 startup\startup_stm32f303xc.o
                0x08000000                g_pfnVectors
                0x08000188                . = ALIGN (0x4)

.text           0x08000190     0x5f18
                0x08000190                . = ALIGN (0x4)
 *(.text)
 .text          0x08000190       0x40 c:/program files (x86)/atollic/truestudio for stm32 9.3.0/armtools/bin/../lib/gcc/arm-atollic-eabi/6.3.1/armv7e-m/fpu/crtbegin.o
 .text          0x080001d0      0x370 c:/program files (x86)/atollic/truestudio for stm32 9.3.0/armtools/bin/../lib/gcc/arm-atollic-eabi/6.3.1/armv7e-m/fpu\libgcc.a(_arm_addsubdf3.o)
                0x080001d0                __aeabi_drsub
                0x080001d8                __aeabi_dsub
                0x080001d8                __subdf3
                0x080001dc                __aeabi_dadd
                0x080001dc                __adddf3
                0x08000454                __floatunsidf
                0x08000454                __aeabi_ui2d
                0x08000474                __floatsidf
                0x08000474                __aeabi_i2d
                0x08000498                __aeabi_f2d
                0x08000498                __extendsfdf2
                0x080004d4                __floatundidf
                0x080004d4                __aeabi_ul2d
                0x080004e4                __floatdidf
                0x080004e4                __aeabi_l2d
 .text          0x08000540      0x424 c:/program files (x86)/atollic/truestudio for stm32 9.3.0/armtools/bin/../lib/gcc/arm-atollic-eabi/6.3.1/armv7e-m/fpu\libgcc.a(_arm_muldivdf3.o)
                0x08000540                __aeabi_dmul
                0x08000540                __muldf3
                0x08000794                __divdf3
                0x08000794                __aeabi_ddiv
 .text          0x08000964       0xa0 c:/program files (x86)/atollic/truestudio for stm32 9.3.0/armtools/bin/../lib/gcc/arm-atollic-eabi/6.3.1/armv7e-m/fpu\libgcc.a(_arm_truncdfsf2.o)
                0x08000964                __truncdfsf2
                0x08000964                __aeabi_d2f
 *(.text*)
 .text.Controler_SendFrame
                0x08000a04       0x38 Application\src\Controler.o
                0x08000a04                Controler_SendFrame
 .text.ControlerSpervisorTask
                0x08000a3c       0x2c Application\src\Controler.o
                0x08000a3c                ControlerSpervisorTask
 .text.Controler_RPMcontrolerExecute
                0x08000a68      0x100 Application\src\Controler.o
                0x08000a68                Controler_RPMcontrolerExecute
 .text.ControlerTask
                0x08000b68      0x194 Application\src\Controler.o
                0x08000b68                ControlerTask
 .text.Controler_RPMcontrolerInit
                0x08000cfc       0x36 Application\src\Controler.o
                0x08000cfc                Controler_RPMcontrolerInit
 *fill*         0x08000d32        0x2 
 .text.Controler_Init
                0x08000d34      0x10c Application\src\Controler.o
                0x08000d34                Controler_Init
 .text.TIM7_IRQHandler
                0x08000e40       0x5c Application\src\Controler.o
                0x08000e40                TIM7_IRQHandler
 .text.L6206_init
                0x08000e9c       0x78 Application\src\L6206.o
                0x08000e9c                L6206_init
 .text.L6206_enable
                0x08000f14       0x3c Application\src\L6206.o
                0x08000f14                L6206_enable
 .text.L6206_setDuty
                0x08000f50       0x48 Application\src\L6206.o
                0x08000f50                L6206_setDuty
 .text.Integrator_SetTime
                0x08000f98       0x14 Application\src\LinearModules.o
                0x08000f98                Integrator_SetTime
 .text.Integrator_Execute
                0x08000fac       0x50 Application\src\LinearModules.o
                0x08000fac                Integrator_Execute
 .text.UartCommunication_Send
                0x08000ffc       0x4c Application\src\UartCommunication.o
                0x08000ffc                UartCommunication_Send
 .text.HAL_Init
                0x08001048       0x24 Drivers\STM32F3xx_HAL_Driver\Src\stm32f3xx_hal.o
                0x08001048                HAL_Init
 .text.HAL_IncTick
                0x0800106c       0x18 Drivers\STM32F3xx_HAL_Driver\Src\stm32f3xx_hal.o
                0x0800106c                HAL_IncTick
 .text.HAL_GetTick
                0x08001084        0xc Drivers\STM32F3xx_HAL_Driver\Src\stm32f3xx_hal.o
                0x08001084                HAL_GetTick
 .text.ADC_Disable
                0x08001090       0x88 Drivers\STM32F3xx_HAL_Driver\Src\stm32f3xx_hal_adc_ex.o
 .text.HAL_ADC_Init
                0x08001118      0x29c Drivers\STM32F3xx_HAL_Driver\Src\stm32f3xx_hal_adc_ex.o
                0x08001118                HAL_ADC_Init
 .text.HAL_ADC_ConfigChannel
                0x080013b4      0x3c8 Drivers\STM32F3xx_HAL_Driver\Src\stm32f3xx_hal_adc_ex.o
                0x080013b4                HAL_ADC_ConfigChannel
 .text.HAL_NVIC_SetPriorityGrouping
                0x0800177c       0x24 Drivers\STM32F3xx_HAL_Driver\Src\stm32f3xx_hal_cortex.o
                0x0800177c                HAL_NVIC_SetPriorityGrouping
 .text.HAL_NVIC_SetPriority
                0x080017a0       0x64 Drivers\STM32F3xx_HAL_Driver\Src\stm32f3xx_hal_cortex.o
                0x080017a0                HAL_NVIC_SetPriority
 .text.HAL_NVIC_EnableIRQ
                0x08001804       0x1c Drivers\STM32F3xx_HAL_Driver\Src\stm32f3xx_hal_cortex.o
                0x08001804                HAL_NVIC_EnableIRQ
 .text.DMA_CalcBaseAndBitshift
                0x08001820       0x4c Drivers\STM32F3xx_HAL_Driver\Src\stm32f3xx_hal_dma.o
 .text.HAL_DMA_Init
                0x0800186c       0x50 Drivers\STM32F3xx_HAL_Driver\Src\stm32f3xx_hal_dma.o
                0x0800186c                HAL_DMA_Init
 .text.HAL_DMA_Abort_IT
                0x080018bc       0x4a Drivers\STM32F3xx_HAL_Driver\Src\stm32f3xx_hal_dma.o
                0x080018bc                HAL_DMA_Abort_IT
 .text.HAL_DMA_IRQHandler
                0x08001906       0xb2 Drivers\STM32F3xx_HAL_Driver\Src\stm32f3xx_hal_dma.o
                0x08001906                HAL_DMA_IRQHandler
 .text.HAL_GPIO_Init
                0x080019b8      0x1a0 Drivers\STM32F3xx_HAL_Driver\Src\stm32f3xx_hal_gpio.o
                0x080019b8                HAL_GPIO_Init
 .text.HAL_GPIO_WritePin
                0x08001b58        0xa Drivers\STM32F3xx_HAL_Driver\Src\stm32f3xx_hal_gpio.o
                0x08001b58                HAL_GPIO_WritePin
 *fill*         0x08001b62        0x2 
 .text.HAL_RCC_OscConfig
                0x08001b64      0x640 Drivers\STM32F3xx_HAL_Driver\Src\stm32f3xx_hal_rcc.o
                0x08001b64                HAL_RCC_OscConfig
 .text.HAL_RCC_GetSysClockFreq
                0x080021a4       0x70 Drivers\STM32F3xx_HAL_Driver\Src\stm32f3xx_hal_rcc.o
                0x080021a4                HAL_RCC_GetSysClockFreq
 .text.HAL_RCC_ClockConfig
                0x08002214      0x1a4 Drivers\STM32F3xx_HAL_Driver\Src\stm32f3xx_hal_rcc.o
                0x08002214                HAL_RCC_ClockConfig
 .text.HAL_RCC_GetHCLKFreq
                0x080023b8        0xc Drivers\STM32F3xx_HAL_Driver\Src\stm32f3xx_hal_rcc.o
                0x080023b8                HAL_RCC_GetHCLKFreq
 .text.HAL_RCC_GetPCLK1Freq
                0x080023c4       0x2c Drivers\STM32F3xx_HAL_Driver\Src\stm32f3xx_hal_rcc.o
                0x080023c4                HAL_RCC_GetPCLK1Freq
 .text.HAL_RCC_GetPCLK2Freq
                0x080023f0       0x2c Drivers\STM32F3xx_HAL_Driver\Src\stm32f3xx_hal_rcc.o
                0x080023f0                HAL_RCC_GetPCLK2Freq
 .text.HAL_RCC_GetClockConfig
                0x0800241c       0x3c Drivers\STM32F3xx_HAL_Driver\Src\stm32f3xx_hal_rcc.o
                0x0800241c                HAL_RCC_GetClockConfig
 .text.HAL_RCCEx_PeriphCLKConfig
                0x08002458      0x268 Drivers\STM32F3xx_HAL_Driver\Src\stm32f3xx_hal_rcc_ex.o
                0x08002458                HAL_RCCEx_PeriphCLKConfig
 .text.TIM_OC1_SetConfig
                0x080026c0       0x9c Drivers\STM32F3xx_HAL_Driver\Src\stm32f3xx_hal_tim.o
 .text.TIM_OC3_SetConfig
                0x0800275c       0x8c Drivers\STM32F3xx_HAL_Driver\Src\stm32f3xx_hal_tim.o
 .text.TIM_OC4_SetConfig
                0x080027e8       0x6c Drivers\STM32F3xx_HAL_Driver\Src\stm32f3xx_hal_tim.o
 .text.TIM_OC5_SetConfig
                0x08002854       0x68 Drivers\STM32F3xx_HAL_Driver\Src\stm32f3xx_hal_tim.o
 .text.TIM_OC6_SetConfig
                0x080028bc       0x6c Drivers\STM32F3xx_HAL_Driver\Src\stm32f3xx_hal_tim.o
 .text.TIM_TI1_ConfigInputStage
                0x08002928       0x26 Drivers\STM32F3xx_HAL_Driver\Src\stm32f3xx_hal_tim.o
 .text.TIM_TI2_ConfigInputStage
                0x0800294e       0x28 Drivers\STM32F3xx_HAL_Driver\Src\stm32f3xx_hal_tim.o
 .text.TIM_ITRx_SetConfig
                0x08002976       0x10 Drivers\STM32F3xx_HAL_Driver\Src\stm32f3xx_hal_tim.o
 *fill*         0x08002986        0x2 
 .text.HAL_TIM_Base_Start
                0x08002988       0x30 Drivers\STM32F3xx_HAL_Driver\Src\stm32f3xx_hal_tim.o
                0x08002988                HAL_TIM_Base_Start
 .text.HAL_TIM_Base_Start_IT
                0x080029b8       0x2c Drivers\STM32F3xx_HAL_Driver\Src\stm32f3xx_hal_tim.o
                0x080029b8                HAL_TIM_Base_Start_IT
 .text.HAL_TIM_PWM_MspInit
                0x080029e4        0x2 Drivers\STM32F3xx_HAL_Driver\Src\stm32f3xx_hal_tim.o
                0x080029e4                HAL_TIM_PWM_MspInit
 .text.HAL_TIM_OC_DelayElapsedCallback
                0x080029e6        0x2 Drivers\STM32F3xx_HAL_Driver\Src\stm32f3xx_hal_tim.o
                0x080029e6                HAL_TIM_OC_DelayElapsedCallback
 .text.HAL_TIM_IC_CaptureCallback
                0x080029e8        0x2 Drivers\STM32F3xx_HAL_Driver\Src\stm32f3xx_hal_tim.o
                0x080029e8                HAL_TIM_IC_CaptureCallback
 .text.HAL_TIM_PWM_PulseFinishedCallback
                0x080029ea        0x2 Drivers\STM32F3xx_HAL_Driver\Src\stm32f3xx_hal_tim.o
                0x080029ea                HAL_TIM_PWM_PulseFinishedCallback
 .text.HAL_TIM_TriggerCallback
                0x080029ec        0x2 Drivers\STM32F3xx_HAL_Driver\Src\stm32f3xx_hal_tim.o
                0x080029ec                HAL_TIM_TriggerCallback
 .text.HAL_TIM_IRQHandler
                0x080029ee      0x19a Drivers\STM32F3xx_HAL_Driver\Src\stm32f3xx_hal_tim.o
                0x080029ee                HAL_TIM_IRQHandler
 .text.TIM_Base_SetConfig
                0x08002b88       0xb8 Drivers\STM32F3xx_HAL_Driver\Src\stm32f3xx_hal_tim.o
                0x08002b88                TIM_Base_SetConfig
 .text.HAL_TIM_Base_Init
                0x08002c40       0x32 Drivers\STM32F3xx_HAL_Driver\Src\stm32f3xx_hal_tim.o
                0x08002c40                HAL_TIM_Base_Init
 .text.HAL_TIM_PWM_Init
                0x08002c72       0x32 Drivers\STM32F3xx_HAL_Driver\Src\stm32f3xx_hal_tim.o
                0x08002c72                HAL_TIM_PWM_Init
 .text.HAL_TIM_Encoder_Init
                0x08002ca4       0x9c Drivers\STM32F3xx_HAL_Driver\Src\stm32f3xx_hal_tim.o
                0x08002ca4                HAL_TIM_Encoder_Init
 .text.TIM_OC2_SetConfig
                0x08002d40       0x90 Drivers\STM32F3xx_HAL_Driver\Src\stm32f3xx_hal_tim.o
                0x08002d40                TIM_OC2_SetConfig
 .text.HAL_TIM_PWM_ConfigChannel
                0x08002dd0      0x134 Drivers\STM32F3xx_HAL_Driver\Src\stm32f3xx_hal_tim.o
                0x08002dd0                HAL_TIM_PWM_ConfigChannel
 .text.TIM_ETR_SetConfig
                0x08002f04       0x18 Drivers\STM32F3xx_HAL_Driver\Src\stm32f3xx_hal_tim.o
                0x08002f04                TIM_ETR_SetConfig
 .text.HAL_TIM_ConfigClockSource
                0x08002f1c       0xdc Drivers\STM32F3xx_HAL_Driver\Src\stm32f3xx_hal_tim.o
                0x08002f1c                HAL_TIM_ConfigClockSource
 .text.TIM_CCxChannelCmd
                0x08002ff8       0x22 Drivers\STM32F3xx_HAL_Driver\Src\stm32f3xx_hal_tim.o
                0x08002ff8                TIM_CCxChannelCmd
 *fill*         0x0800301a        0x2 
 .text.HAL_TIM_PWM_Start
                0x0800301c       0x7c Drivers\STM32F3xx_HAL_Driver\Src\stm32f3xx_hal_tim.o
                0x0800301c                HAL_TIM_PWM_Start
 .text.HAL_TIM_Encoder_Start
                0x08003098       0x44 Drivers\STM32F3xx_HAL_Driver\Src\stm32f3xx_hal_tim.o
                0x08003098                HAL_TIM_Encoder_Start
 .text.HAL_TIMEx_MasterConfigSynchronization
                0x080030dc       0x90 Drivers\STM32F3xx_HAL_Driver\Src\stm32f3xx_hal_tim_ex.o
                0x080030dc                HAL_TIMEx_MasterConfigSynchronization
 .text.HAL_TIMEx_ConfigBreakDeadTime
                0x0800316c       0x90 Drivers\STM32F3xx_HAL_Driver\Src\stm32f3xx_hal_tim_ex.o
                0x0800316c                HAL_TIMEx_ConfigBreakDeadTime
 .text.HAL_TIMEx_CommutCallback
                0x080031fc        0x2 Drivers\STM32F3xx_HAL_Driver\Src\stm32f3xx_hal_tim_ex.o
                0x080031fc                HAL_TIMEx_CommutCallback
 .text.HAL_TIMEx_BreakCallback
                0x080031fe        0x2 Drivers\STM32F3xx_HAL_Driver\Src\stm32f3xx_hal_tim_ex.o
                0x080031fe                HAL_TIMEx_BreakCallback
 .text.HAL_TIMEx_Break2Callback
                0x08003200        0x2 Drivers\STM32F3xx_HAL_Driver\Src\stm32f3xx_hal_tim_ex.o
                0x08003200                HAL_TIMEx_Break2Callback
 .text.UART_EndRxTransfer
                0x08003202       0x1e Drivers\STM32F3xx_HAL_Driver\Src\stm32f3xx_hal_uart.o
 .text.UART_TxISR_8BIT
                0x08003220       0x44 Drivers\STM32F3xx_HAL_Driver\Src\stm32f3xx_hal_uart.o
 .text.UART_TxISR_16BIT
                0x08003264       0x48 Drivers\STM32F3xx_HAL_Driver\Src\stm32f3xx_hal_uart.o
 .text.HAL_UART_Transmit_IT
                0x080032ac       0x70 Drivers\STM32F3xx_HAL_Driver\Src\stm32f3xx_hal_uart.o
                0x080032ac                HAL_UART_Transmit_IT
 .text.HAL_UART_TxCpltCallback
                0x0800331c        0x2 Drivers\STM32F3xx_HAL_Driver\Src\stm32f3xx_hal_uart.o
                0x0800331c                HAL_UART_TxCpltCallback
 .text.UART_EndTransmit_IT
                0x0800331e       0x1a Drivers\STM32F3xx_HAL_Driver\Src\stm32f3xx_hal_uart.o
 .text.HAL_UART_ErrorCallback
                0x08003338        0x2 Drivers\STM32F3xx_HAL_Driver\Src\stm32f3xx_hal_uart.o
                0x08003338                HAL_UART_ErrorCallback
 *fill*         0x0800333a        0x2 
 .text.HAL_UART_IRQHandler
                0x0800333c      0x178 Drivers\STM32F3xx_HAL_Driver\Src\stm32f3xx_hal_uart.o
                0x0800333c                HAL_UART_IRQHandler
 .text.UART_DMAAbortOnError
                0x080034b4       0x14 Drivers\STM32F3xx_HAL_Driver\Src\stm32f3xx_hal_uart.o
 .text.UART_SetConfig
                0x080034c8      0x2b8 Drivers\STM32F3xx_HAL_Driver\Src\stm32f3xx_hal_uart.o
                0x080034c8                UART_SetConfig
 .text.UART_AdvFeatureConfig
                0x08003780       0xca Drivers\STM32F3xx_HAL_Driver\Src\stm32f3xx_hal_uart.o
                0x08003780                UART_AdvFeatureConfig
 .text.UART_WaitOnFlagUntilTimeout
                0x0800384a       0xa0 Drivers\STM32F3xx_HAL_Driver\Src\stm32f3xx_hal_uart.o
                0x0800384a                UART_WaitOnFlagUntilTimeout
 .text.UART_CheckIdleState
                0x080038ea       0x6c Drivers\STM32F3xx_HAL_Driver\Src\stm32f3xx_hal_uart.o
                0x080038ea                UART_CheckIdleState
 .text.HAL_UART_Init
                0x08003956       0x64 Drivers\STM32F3xx_HAL_Driver\Src\stm32f3xx_hal_uart.o
                0x08003956                HAL_UART_Init
 .text.HAL_UARTEx_WakeupCallback
                0x080039ba        0x2 Drivers\STM32F3xx_HAL_Driver\Src\stm32f3xx_hal_uart_ex.o
                0x080039ba                HAL_UARTEx_WakeupCallback
 .text.makeFreeRtosPriority
                0x080039bc        0xc Middlewares\Third_Party\FreeRTOS\Source\CMSIS_RTOS\cmsis_os.o
 .text.osKernelStart
                0x080039c8        0xa Middlewares\Third_Party\FreeRTOS\Source\CMSIS_RTOS\cmsis_os.o
                0x080039c8                osKernelStart
 .text.osThreadCreate
                0x080039d2       0x6a Middlewares\Third_Party\FreeRTOS\Source\CMSIS_RTOS\cmsis_os.o
                0x080039d2                osThreadCreate
 .text.osDelay  0x08003a3c       0x12 Middlewares\Third_Party\FreeRTOS\Source\CMSIS_RTOS\cmsis_os.o
                0x08003a3c                osDelay
 .text.vListInitialise
                0x08003a4e       0x16 Middlewares\Third_Party\FreeRTOS\Source\list.o
                0x08003a4e                vListInitialise
 .text.vListInitialiseItem
                0x08003a64        0x6 Middlewares\Third_Party\FreeRTOS\Source\list.o
                0x08003a64                vListInitialiseItem
 .text.vListInsertEnd
                0x08003a6a       0x18 Middlewares\Third_Party\FreeRTOS\Source\list.o
                0x08003a6a                vListInsertEnd
 .text.vListInsert
                0x08003a82       0x34 Middlewares\Third_Party\FreeRTOS\Source\list.o
                0x08003a82                vListInsert
 .text.uxListRemove
                0x08003ab6       0x28 Middlewares\Third_Party\FreeRTOS\Source\list.o
                0x08003ab6                uxListRemove
 *fill*         0x08003ade        0x2 
 .text.prvTaskExitError
                0x08003ae0       0x40 Middlewares\Third_Party\FreeRTOS\Source\portable\GCC\ARM_CM4F\port.o
 .text.prvPortStartFirstTask
                0x08003b20       0x28 Middlewares\Third_Party\FreeRTOS\Source\portable\GCC\ARM_CM4F\port.o
 .text.vPortEnableVFP
                0x08003b48       0x14 Middlewares\Third_Party\FreeRTOS\Source\portable\GCC\ARM_CM4F\port.o
 .text.pxPortInitialiseStack
                0x08003b5c       0x2c Middlewares\Third_Party\FreeRTOS\Source\portable\GCC\ARM_CM4F\port.o
                0x08003b5c                pxPortInitialiseStack
 *fill*         0x08003b88        0x8 
 .text.SVC_Handler
                0x08003b90       0x24 Middlewares\Third_Party\FreeRTOS\Source\portable\GCC\ARM_CM4F\port.o
                0x08003b90                SVC_Handler
 .text.vPortEnterCritical
                0x08003bb4       0x44 Middlewares\Third_Party\FreeRTOS\Source\portable\GCC\ARM_CM4F\port.o
                0x08003bb4                vPortEnterCritical
 .text.vPortExitCritical
                0x08003bf8       0x2c Middlewares\Third_Party\FreeRTOS\Source\portable\GCC\ARM_CM4F\port.o
                0x08003bf8                vPortExitCritical
 *fill*         0x08003c24        0xc 
 .text.PendSV_Handler
                0x08003c30       0x64 Middlewares\Third_Party\FreeRTOS\Source\portable\GCC\ARM_CM4F\port.o
                0x08003c30                PendSV_Handler
 .text.SysTick_Handler
                0x08003c94       0x2c Middlewares\Third_Party\FreeRTOS\Source\portable\GCC\ARM_CM4F\port.o
                0x08003c94                SysTick_Handler
 .text.vPortSetupTimerInterrupt
                0x08003cc0       0x38 Middlewares\Third_Party\FreeRTOS\Source\portable\GCC\ARM_CM4F\port.o
                0x08003cc0                vPortSetupTimerInterrupt
 .text.xPortStartScheduler
                0x08003cf8      0x110 Middlewares\Third_Party\FreeRTOS\Source\portable\GCC\ARM_CM4F\port.o
                0x08003cf8                xPortStartScheduler
 .text.vPortValidateInterruptPriority
                0x08003e08       0x5c Middlewares\Third_Party\FreeRTOS\Source\portable\GCC\ARM_CM4F\port.o
                0x08003e08                vPortValidateInterruptPriority
 .text.pvPortMalloc
                0x08003e64       0x68 Middlewares\Third_Party\FreeRTOS\Source\portable\MemMang\heap_1.o
                0x08003e64                pvPortMalloc
 .text.vPortFree
                0x08003ecc       0x16 Middlewares\Third_Party\FreeRTOS\Source\portable\MemMang\heap_1.o
                0x08003ecc                vPortFree
 .text.prvIsQueueFull
                0x08003ee2       0x1e Middlewares\Third_Party\FreeRTOS\Source\queue.o
 .text.prvIsQueueEmpty
                0x08003f00       0x1a Middlewares\Third_Party\FreeRTOS\Source\queue.o
 .text.prvCopyDataToQueue
                0x08003f1a       0x76 Middlewares\Third_Party\FreeRTOS\Source\queue.o
 .text.prvCopyDataFromQueue
                0x08003f90       0x24 Middlewares\Third_Party\FreeRTOS\Source\queue.o
 .text.prvUnlockQueue
                0x08003fb4       0x6e Middlewares\Third_Party\FreeRTOS\Source\queue.o
 *fill*         0x08004022        0x2 
 .text.xQueueGenericReset
                0x08004024       0x80 Middlewares\Third_Party\FreeRTOS\Source\queue.o
                0x08004024                xQueueGenericReset
 .text.prvInitialiseNewQueue
                0x080040a4       0x1c Middlewares\Third_Party\FreeRTOS\Source\queue.o
 .text.xQueueGenericCreateStatic
                0x080040c0       0xa0 Middlewares\Third_Party\FreeRTOS\Source\queue.o
                0x080040c0                xQueueGenericCreateStatic
 .text.xQueueGenericCreate
                0x08004160       0x4e Middlewares\Third_Party\FreeRTOS\Source\queue.o
                0x08004160                xQueueGenericCreate
 *fill*         0x080041ae        0x2 
 .text.xQueueGenericSend
                0x080041b0      0x188 Middlewares\Third_Party\FreeRTOS\Source\queue.o
                0x080041b0                xQueueGenericSend
 .text.xQueueGenericSendFromISR
                0x08004338       0xde Middlewares\Third_Party\FreeRTOS\Source\queue.o
                0x08004338                xQueueGenericSendFromISR
 *fill*         0x08004416        0x2 
 .text.xQueueReceive
                0x08004418      0x15c Middlewares\Third_Party\FreeRTOS\Source\queue.o
                0x08004418                xQueueReceive
 .text.vQueueAddToRegistry
                0x08004574       0x28 Middlewares\Third_Party\FreeRTOS\Source\queue.o
                0x08004574                vQueueAddToRegistry
 .text.vQueueWaitForMessageRestricted
                0x0800459c       0x52 Middlewares\Third_Party\FreeRTOS\Source\queue.o
                0x0800459c                vQueueWaitForMessageRestricted
 *fill*         0x080045ee        0x2 
 .text.prvResetNextTaskUnblockTime
                0x080045f0       0x34 Middlewares\Third_Party\FreeRTOS\Source\tasks.o
 .text.prvInitialiseNewTask
                0x08004624       0x80 Middlewares\Third_Party\FreeRTOS\Source\tasks.o
 .text.prvInitialiseTaskLists
                0x080046a4       0x68 Middlewares\Third_Party\FreeRTOS\Source\tasks.o
 .text.prvAddNewTaskToReadyList
                0x0800470c       0xa8 Middlewares\Third_Party\FreeRTOS\Source\tasks.o
 .text.prvDeleteTCB
                0x080047b4       0x3a Middlewares\Third_Party\FreeRTOS\Source\tasks.o
 *fill*         0x080047ee        0x2 
 .text.prvCheckTasksWaitingTermination
                0x080047f0       0x4c Middlewares\Third_Party\FreeRTOS\Source\tasks.o
 .text.prvIdleTask
                0x0800483c       0x28 Middlewares\Third_Party\FreeRTOS\Source\tasks.o
 .text.prvAddCurrentTaskToDelayedList
                0x08004864       0x98 Middlewares\Third_Party\FreeRTOS\Source\tasks.o
 .text.xTaskCreateStatic
                0x080048fc       0x72 Middlewares\Third_Party\FreeRTOS\Source\tasks.o
                0x080048fc                xTaskCreateStatic
 .text.xTaskCreate
                0x0800496e       0x66 Middlewares\Third_Party\FreeRTOS\Source\tasks.o
                0x0800496e                xTaskCreate
 .text.vTaskStartScheduler
                0x080049d4       0x9c Middlewares\Third_Party\FreeRTOS\Source\tasks.o
                0x080049d4                vTaskStartScheduler
 .text.vTaskSuspendAll
                0x08004a70       0x10 Middlewares\Third_Party\FreeRTOS\Source\tasks.o
                0x08004a70                vTaskSuspendAll
 .text.xTaskGetTickCount
                0x08004a80        0xc Middlewares\Third_Party\FreeRTOS\Source\tasks.o
                0x08004a80                xTaskGetTickCount
 .text.xTaskIncrementTick
                0x08004a8c      0x120 Middlewares\Third_Party\FreeRTOS\Source\tasks.o
                0x08004a8c                xTaskIncrementTick
 .text.xTaskResumeAll
                0x08004bac       0xfc Middlewares\Third_Party\FreeRTOS\Source\tasks.o
                0x08004bac                xTaskResumeAll
 .text.vTaskDelay
                0x08004ca8       0x50 Middlewares\Third_Party\FreeRTOS\Source\tasks.o
                0x08004ca8                vTaskDelay
 .text.vTaskSwitchContext
                0x08004cf8       0x9c Middlewares\Third_Party\FreeRTOS\Source\tasks.o
                0x08004cf8                vTaskSwitchContext
 .text.vTaskPlaceOnEventList
                0x08004d94       0x30 Middlewares\Third_Party\FreeRTOS\Source\tasks.o
                0x08004d94                vTaskPlaceOnEventList
 .text.vTaskPlaceOnEventListRestricted
                0x08004dc4       0x38 Middlewares\Third_Party\FreeRTOS\Source\tasks.o
                0x08004dc4                vTaskPlaceOnEventListRestricted
 .text.xTaskRemoveFromEventList
                0x08004dfc       0x8c Middlewares\Third_Party\FreeRTOS\Source\tasks.o
                0x08004dfc                xTaskRemoveFromEventList
 .text.vTaskInternalSetTimeOutState
                0x08004e88       0x18 Middlewares\Third_Party\FreeRTOS\Source\tasks.o
                0x08004e88                vTaskInternalSetTimeOutState
 .text.xTaskCheckForTimeOut
                0x08004ea0       0x80 Middlewares\Third_Party\FreeRTOS\Source\tasks.o
                0x08004ea0                xTaskCheckForTimeOut
 .text.vTaskMissedYield
                0x08004f20        0xc Middlewares\Third_Party\FreeRTOS\Source\tasks.o
                0x08004f20                vTaskMissedYield
 .text.xTaskGetSchedulerState
                0x08004f2c       0x20 Middlewares\Third_Party\FreeRTOS\Source\tasks.o
                0x08004f2c                xTaskGetSchedulerState
 .text.xTaskPriorityDisinherit
                0x08004f4c       0xb4 Middlewares\Third_Party\FreeRTOS\Source\tasks.o
                0x08004f4c                xTaskPriorityDisinherit
 .text.prvGetNextExpireTime
                0x08005000       0x20 Middlewares\Third_Party\FreeRTOS\Source\timers.o
 .text.prvInsertTimerInActiveList
                0x08005020       0x48 Middlewares\Third_Party\FreeRTOS\Source\timers.o
 .text.prvCheckForValidListAndQueue
                0x08005068       0x70 Middlewares\Third_Party\FreeRTOS\Source\timers.o
 .text.xTimerCreateTimerTask
                0x080050d8       0x70 Middlewares\Third_Party\FreeRTOS\Source\timers.o
                0x080050d8                xTimerCreateTimerTask
 .text.xTimerGenericCommand
                0x08005148       0x6c Middlewares\Third_Party\FreeRTOS\Source\timers.o
                0x08005148                xTimerGenericCommand
 .text.prvSwitchTimerLists
                0x080051b4       0x78 Middlewares\Third_Party\FreeRTOS\Source\timers.o
 .text.prvSampleTimeNow
                0x0800522c       0x2c Middlewares\Third_Party\FreeRTOS\Source\timers.o
 .text.prvProcessExpiredTimer
                0x08005258       0x60 Middlewares\Third_Party\FreeRTOS\Source\timers.o
 .text.prvProcessTimerOrBlockTask
                0x080052b8       0x74 Middlewares\Third_Party\FreeRTOS\Source\timers.o
 .text.prvProcessReceivedCommands
                0x0800532c       0xe8 Middlewares\Third_Party\FreeRTOS\Source\timers.o
 .text.prvTimerTask
                0x08005414       0x16 Middlewares\Third_Party\FreeRTOS\Source\timers.o
 *fill*         0x0800542a        0x2 
 .text.MX_ADC2_Init
                0x0800542c       0x74 Src\adc.o
                0x0800542c                MX_ADC2_Init
 .text.HAL_ADC_MspInit
                0x080054a0       0x9c Src\adc.o
                0x080054a0                HAL_ADC_MspInit
 .text.MX_DMA_Init
                0x0800553c       0x54 Src\dma.o
                0x0800553c                MX_DMA_Init
 .text.StartDefaultTask
                0x08005590       0x1c Src\freertos.o
                0x08005590                StartDefaultTask
 .text.vApplicationMallocFailedHook
                0x080055ac        0x2 Src\freertos.o
                0x080055ac                vApplicationMallocFailedHook
 *fill*         0x080055ae        0x2 
 .text.vApplicationGetIdleTaskMemory
                0x080055b0       0x18 Src\freertos.o
                0x080055b0                vApplicationGetIdleTaskMemory
 .text.vApplicationGetTimerTaskMemory
                0x080055c8       0x18 Src\freertos.o
                0x080055c8                vApplicationGetTimerTaskMemory
 .text.MX_FREERTOS_Init
                0x080055e0       0x2c Src\freertos.o
                0x080055e0                MX_FREERTOS_Init
 .text.MX_GPIO_Init
                0x0800560c       0xe8 Src\gpio.o
                0x0800560c                MX_GPIO_Init
 .text.SystemClock_Config
                0x080056f4       0x76 Src\main.o
                0x080056f4                SystemClock_Config
 .text.main     0x0800576a       0x40 Src\main.o
                0x0800576a                main
 *fill*         0x080057aa        0x2 
 .text.HAL_TIM_PeriodElapsedCallback
                0x080057ac       0x18 Src\main.o
                0x080057ac                HAL_TIM_PeriodElapsedCallback
 .text.Error_Handler
                0x080057c4        0x2 Src\main.o
                0x080057c4                Error_Handler
 *fill*         0x080057c6        0x2 
 .text.HAL_MspInit
                0x080057c8       0x40 Src\stm32f3xx_hal_msp.o
                0x080057c8                HAL_MspInit
 .text.HAL_InitTick
                0x08005808       0x7c Src\stm32f3xx_hal_timebase_tim.o
                0x08005808                HAL_InitTick
 .text.NMI_Handler
                0x08005884        0x2 Src\stm32f3xx_it.o
                0x08005884                NMI_Handler
 .text.HardFault_Handler
                0x08005886        0x2 Src\stm32f3xx_it.o
                0x08005886                HardFault_Handler
 .text.MemManage_Handler
                0x08005888        0x2 Src\stm32f3xx_it.o
                0x08005888                MemManage_Handler
 .text.BusFault_Handler
                0x0800588a        0x2 Src\stm32f3xx_it.o
                0x0800588a                BusFault_Handler
 .text.UsageFault_Handler
                0x0800588c        0x2 Src\stm32f3xx_it.o
                0x0800588c                UsageFault_Handler
 .text.DebugMon_Handler
                0x0800588e        0x2 Src\stm32f3xx_it.o
                0x0800588e                DebugMon_Handler
 .text.DMA1_Channel7_IRQHandler
                0x08005890       0x10 Src\stm32f3xx_it.o
                0x08005890                DMA1_Channel7_IRQHandler
 .text.USART1_IRQHandler
                0x080058a0       0x10 Src\stm32f3xx_it.o
                0x080058a0                USART1_IRQHandler
 .text.USART2_IRQHandler
                0x080058b0       0x10 Src\stm32f3xx_it.o
                0x080058b0                USART2_IRQHandler
 .text.TIM6_DAC_IRQHandler
                0x080058c0       0x10 Src\stm32f3xx_it.o
                0x080058c0                TIM6_DAC_IRQHandler
 .text.DMA2_Channel1_IRQHandler
                0x080058d0       0x10 Src\stm32f3xx_it.o
                0x080058d0                DMA2_Channel1_IRQHandler
 .text.SystemInit
                0x080058e0       0x1c Src\system_stm32f3xx.o
                0x080058e0                SystemInit
 .text.MX_TIM1_Init
                0x080058fc       0x70 Src\tim.o
                0x080058fc                MX_TIM1_Init
 .text.MX_TIM4_Init
                0x0800596c       0x6c Src\tim.o
                0x0800596c                MX_TIM4_Init
 .text.MX_TIM7_Init
                0x080059d8       0x50 Src\tim.o
                0x080059d8                MX_TIM7_Init
 .text.HAL_TIM_Encoder_MspInit
                0x08005a28       0xb0 Src\tim.o
                0x08005a28                HAL_TIM_Encoder_MspInit
 .text.HAL_TIM_Base_MspInit
                0x08005ad8       0xa0 Src\tim.o
                0x08005ad8                HAL_TIM_Base_MspInit
 .text.HAL_TIM_MspPostInit
                0x08005b78       0xbc Src\tim.o
                0x08005b78                HAL_TIM_MspPostInit
 .text.MX_TIM2_Init
                0x08005c34       0xc4 Src\tim.o
                0x08005c34                MX_TIM2_Init
 .text.MX_TIM16_Init
                0x08005cf8       0xac Src\tim.o
                0x08005cf8                MX_TIM16_Init
 .text.MX_TIM17_Init
                0x08005da4       0xac Src\tim.o
                0x08005da4                MX_TIM17_Init
 .text.MX_USART1_UART_Init
                0x08005e50       0x38 Src\usart.o
                0x08005e50                MX_USART1_UART_Init
 .text.MX_USART2_UART_Init
                0x08005e88       0x38 Src\usart.o
                0x08005e88                MX_USART2_UART_Init
 .text.HAL_UART_MspInit
                0x08005ec0      0x10c Src\usart.o
                0x08005ec0                HAL_UART_MspInit
 .text.Reset_Handler
                0x08005fcc       0x50 startup\startup_stm32f303xc.o
                0x08005fcc                Reset_Handler
 .text.Default_Handler
                0x0800601c        0x2 startup\startup_stm32f303xc.o
                0x0800601c                RTC_Alarm_IRQHandler
                0x0800601c                TIM8_TRG_COM_IRQHandler
                0x0800601c                TIM8_CC_IRQHandler
                0x0800601c                TIM1_CC_IRQHandler
                0x0800601c                USB_HP_IRQHandler
                0x0800601c                PVD_IRQHandler
                0x0800601c                TAMP_STAMP_IRQHandler
                0x0800601c                EXTI3_IRQHandler
                0x0800601c                USB_HP_CAN_TX_IRQHandler
                0x0800601c                EXTI0_IRQHandler
                0x0800601c                I2C2_EV_IRQHandler
                0x0800601c                FPU_IRQHandler
                0x0800601c                TIM1_UP_TIM16_IRQHandler
                0x0800601c                ADC1_2_IRQHandler
                0x0800601c                SPI1_IRQHandler
                0x0800601c                CAN_SCE_IRQHandler
                0x0800601c                TIM8_UP_IRQHandler
                0x0800601c                DMA2_Channel2_IRQHandler
                0x0800601c                DMA1_Channel4_IRQHandler
                0x0800601c                USART3_IRQHandler
                0x0800601c                UART5_IRQHandler
                0x0800601c                ADC3_IRQHandler
                0x0800601c                TIM4_IRQHandler
                0x0800601c                CAN_RX1_IRQHandler
                0x0800601c                I2C1_EV_IRQHandler
                0x0800601c                DMA1_Channel6_IRQHandler
                0x0800601c                UART4_IRQHandler
                0x0800601c                DMA2_Channel4_IRQHandler
                0x0800601c                TIM3_IRQHandler
                0x0800601c                RCC_IRQHandler
                0x0800601c                DMA1_Channel1_IRQHandler
                0x0800601c                Default_Handler
                0x0800601c                USBWakeUp_RMP_IRQHandler
                0x0800601c                EXTI15_10_IRQHandler
                0x0800601c                EXTI9_5_IRQHandler
                0x0800601c                RTC_WKUP_IRQHandler
                0x0800601c                SPI2_IRQHandler
                0x0800601c                USB_LP_CAN_RX0_IRQHandler
                0x0800601c                DMA2_Channel5_IRQHandler
                0x0800601c                DMA1_Channel5_IRQHandler
                0x0800601c                USB_LP_IRQHandler
                0x0800601c                EXTI4_IRQHandler
                0x0800601c                TIM1_TRG_COM_TIM17_IRQHandler
                0x0800601c                DMA1_Channel3_IRQHandler
                0x0800601c                ADC4_IRQHandler
                0x0800601c                WWDG_IRQHandler
                0x0800601c                TIM2_IRQHandler
                0x0800601c                COMP7_IRQHandler
                0x0800601c                COMP1_2_3_IRQHandler
                0x0800601c                EXTI1_IRQHandler
                0x0800601c                COMP4_5_6_IRQHandler
                0x0800601c                I2C2_ER_IRQHandler
                0x0800601c                DMA1_Channel2_IRQHandler
                0x0800601c                TIM8_BRK_IRQHandler
                0x0800601c                FLASH_IRQHandler
                0x0800601c                SPI3_IRQHandler
                0x0800601c                I2C1_ER_IRQHandler
                0x0800601c                USBWakeUp_IRQHandler
                0x0800601c                DMA2_Channel3_IRQHandler
                0x0800601c                EXTI2_TSC_IRQHandler
                0x0800601c                TIM1_BRK_TIM15_IRQHandler
 *fill*         0x0800601e        0x2 
 .text.__libc_init_array
                0x08006020       0x48 c:/program files (x86)/atollic/truestudio for stm32 9.3.0/armtools/bin/../lib/gcc/arm-atollic-eabi/6.3.1/../../../../arm-atollic-eabi/lib/armv7e-m/fpu\libc.a(lib_a-init.o)
                0x08006020                __libc_init_array
 .text.memcpy   0x08006068       0x16 c:/program files (x86)/atollic/truestudio for stm32 9.3.0/armtools/bin/../lib/gcc/arm-atollic-eabi/6.3.1/../../../../arm-atollic-eabi/lib/armv7e-m/fpu\libc.a(lib_a-memcpy-stub.o)
                0x08006068                memcpy
 .text.memset   0x0800607e       0x10 c:/program files (x86)/atollic/truestudio for stm32 9.3.0/armtools/bin/../lib/gcc/arm-atollic-eabi/6.3.1/../../../../arm-atollic-eabi/lib/armv7e-m/fpu\libc.a(lib_a-memset.o)
                0x0800607e                memset
 *(.glue_7)
 .glue_7        0x0800608e        0x0 linker stubs
 *(.glue_7t)
 .glue_7t       0x0800608e        0x0 linker stubs
 *(.eh_frame)
 *fill*         0x0800608e        0x2 
 .eh_frame      0x08006090        0x0 c:/program files (x86)/atollic/truestudio for stm32 9.3.0/armtools/bin/../lib/gcc/arm-atollic-eabi/6.3.1/armv7e-m/fpu/crtbegin.o
 *(.init)
 .init          0x08006090        0x4 c:/program files (x86)/atollic/truestudio for stm32 9.3.0/armtools/bin/../lib/gcc/arm-atollic-eabi/6.3.1/armv7e-m/fpu/crti.o
                0x08006090                _init
 .init          0x08006094        0x8 c:/program files (x86)/atollic/truestudio for stm32 9.3.0/armtools/bin/../lib/gcc/arm-atollic-eabi/6.3.1/armv7e-m/fpu/crtn.o
 *(.fini)
 .fini          0x0800609c        0x4 c:/program files (x86)/atollic/truestudio for stm32 9.3.0/armtools/bin/../lib/gcc/arm-atollic-eabi/6.3.1/armv7e-m/fpu/crti.o
                0x0800609c                _fini
 .fini          0x080060a0        0x8 c:/program files (x86)/atollic/truestudio for stm32 9.3.0/armtools/bin/../lib/gcc/arm-atollic-eabi/6.3.1/armv7e-m/fpu/crtn.o
                0x080060a8                . = ALIGN (0x4)
                0x080060a8                _etext = .

.vfp11_veneer   0x080060a8        0x0
 .vfp11_veneer  0x080060a8        0x0 linker stubs

.v4_bx          0x080060a8        0x0
 .v4_bx         0x080060a8        0x0 linker stubs

.iplt           0x080060a8        0x0
 .iplt          0x080060a8        0x0 c:/program files (x86)/atollic/truestudio for stm32 9.3.0/armtools/bin/../lib/gcc/arm-atollic-eabi/6.3.1/armv7e-m/fpu/crtbegin.o

.rodata         0x080060a8       0x90
                0x080060a8                . = ALIGN (0x4)
 *(.rodata)
 .rodata        0x080060a8       0x1c Src\freertos.o
 *(.rodata*)
 .rodata.Controler_Init.str1.4
                0x080060c4       0x15 Application\src\Controler.o
 *fill*         0x080060d9        0x3 
 .rodata.aPLLMULFactorTable
                0x080060dc       0x10 Drivers\STM32F3xx_HAL_Driver\Src\stm32f3xx_hal_rcc.o
                0x080060dc                aPLLMULFactorTable
 .rodata.aPredivFactorTable
                0x080060ec       0x10 Drivers\STM32F3xx_HAL_Driver\Src\stm32f3xx_hal_rcc.o
                0x080060ec                aPredivFactorTable
 .rodata.vTaskStartScheduler.str1.4
                0x080060fc        0x5 Middlewares\Third_Party\FreeRTOS\Source\tasks.o
 *fill*         0x08006101        0x3 
 .rodata.prvCheckForValidListAndQueue.str1.4
                0x08006104        0x5 Middlewares\Third_Party\FreeRTOS\Source\timers.o
 *fill*         0x08006109        0x3 
 .rodata.xTimerCreateTimerTask.str1.4
                0x0800610c        0x8 Middlewares\Third_Party\FreeRTOS\Source\timers.o
 .rodata.str1.4
                0x08006114        0xc Src\freertos.o
 .rodata.AHBPrescTable
                0x08006120       0x10 Src\system_stm32f3xx.o
                0x08006120                AHBPrescTable
 .rodata.APBPrescTable
                0x08006130        0x8 Src\system_stm32f3xx.o
                0x08006130                APBPrescTable
                0x08006138                . = ALIGN (0x4)

.rel.dyn        0x08006138        0x0
 .rel.iplt      0x08006138        0x0 c:/program files (x86)/atollic/truestudio for stm32 9.3.0/armtools/bin/../lib/gcc/arm-atollic-eabi/6.3.1/armv7e-m/fpu/crtbegin.o

.ARM.extab
 *(.ARM.extab* .gnu.linkonce.armextab.*)

.ARM            0x08006138        0x0
                0x08006138                __exidx_start = .
 *(.ARM.exidx*)
                0x08006138                __exidx_end = .

.preinit_array  0x08006138        0x0
                0x08006138                PROVIDE (__preinit_array_start, .)
 *(.preinit_array*)
                0x08006138                PROVIDE (__preinit_array_end, .)

.init_array     0x08006138        0x4
                0x08006138                PROVIDE (__init_array_start, .)
 *(SORT(.init_array.*))
 *(.init_array*)
 .init_array    0x08006138        0x4 c:/program files (x86)/atollic/truestudio for stm32 9.3.0/armtools/bin/../lib/gcc/arm-atollic-eabi/6.3.1/armv7e-m/fpu/crtbegin.o
                0x0800613c                PROVIDE (__init_array_end, .)

.fini_array     0x0800613c        0x4
                [!provide]                PROVIDE (__fini_array_start, .)
 *(SORT(.fini_array.*))
 *(.fini_array*)
 .fini_array    0x0800613c        0x4 c:/program files (x86)/atollic/truestudio for stm32 9.3.0/armtools/bin/../lib/gcc/arm-atollic-eabi/6.3.1/armv7e-m/fpu/crtbegin.o
                [!provide]                PROVIDE (__fini_array_end, .)
                0x08006140                _sidata = LOADADDR (.data)

.data           0x20000000       0x10 load address 0x08006140
                0x20000000                . = ALIGN (0x4)
                0x20000000                _sdata = .
 *(.data)
 *(.data*)
 .data.uwTickFreq
                0x20000000        0x1 Drivers\STM32F3xx_HAL_Driver\Src\stm32f3xx_hal.o
                0x20000000                uwTickFreq
 *fill*         0x20000001        0x3 
 .data.uwTickPrio
                0x20000004        0x4 Drivers\STM32F3xx_HAL_Driver\Src\stm32f3xx_hal.o
                0x20000004                uwTickPrio
 .data.uxCriticalNesting
                0x20000008        0x4 Middlewares\Third_Party\FreeRTOS\Source\portable\GCC\ARM_CM4F\port.o
 .data.SystemCoreClock
                0x2000000c        0x4 Src\system_stm32f3xx.o
                0x2000000c                SystemCoreClock
                0x20000010                . = ALIGN (0x4)
                0x20000010                _edata = .
                0x08006150                _siccmram = LOADADDR (.ccmram)

.igot.plt       0x20000010        0x0 load address 0x08006150
 .igot.plt      0x20000010        0x0 c:/program files (x86)/atollic/truestudio for stm32 9.3.0/armtools/bin/../lib/gcc/arm-atollic-eabi/6.3.1/armv7e-m/fpu/crtbegin.o

.ccmram         0x10000000        0x0 load address 0x08006150
                0x10000000                . = ALIGN (0x4)
                0x10000000                _sccmram = .
 *(.ccmram)
 *(.ccmram*)
                0x10000000                . = ALIGN (0x4)
                0x10000000                _eccmram = .
                0x10000000                . = ALIGN (0x4)

.bss            0x20000010     0x4de0
                0x20000010                _sbss = .
                0x20000010                __bss_start__ = _sbss
 *(.bss)
 .bss           0x20000010       0x1c c:/program files (x86)/atollic/truestudio for stm32 9.3.0/armtools/bin/../lib/gcc/arm-atollic-eabi/6.3.1/armv7e-m/fpu/crtbegin.o
 *(.bss*)
 .bss.ucMaxSysCallPriority
                0x2000002c        0x1 Middlewares\Third_Party\FreeRTOS\Source\portable\GCC\ARM_CM4F\port.o
 *fill*         0x2000002d        0x3 
 .bss.ulMaxPRIGROUPValue
                0x20000030        0x4 Middlewares\Third_Party\FreeRTOS\Source\portable\GCC\ARM_CM4F\port.o
 .bss.pucAlignedHeap.6293
                0x20000034        0x4 Middlewares\Third_Party\FreeRTOS\Source\portable\MemMang\heap_1.o
 .bss.ucHeap    0x20000038     0x4000 Middlewares\Third_Party\FreeRTOS\Source\portable\MemMang\heap_1.o
 .bss.xNextFreeByte
                0x20004038        0x4 Middlewares\Third_Party\FreeRTOS\Source\portable\MemMang\heap_1.o
 .bss.pxCurrentTCB
                0x2000403c        0x4 Middlewares\Third_Party\FreeRTOS\Source\tasks.o
                0x2000403c                pxCurrentTCB
 .bss.pxDelayedTaskList
                0x20004040        0x4 Middlewares\Third_Party\FreeRTOS\Source\tasks.o
 .bss.pxOverflowDelayedTaskList
                0x20004044        0x4 Middlewares\Third_Party\FreeRTOS\Source\tasks.o
 .bss.pxReadyTasksLists
                0x20004048       0x8c Middlewares\Third_Party\FreeRTOS\Source\tasks.o
 .bss.uxCurrentNumberOfTasks
                0x200040d4        0x4 Middlewares\Third_Party\FreeRTOS\Source\tasks.o
 .bss.uxDeletedTasksWaitingCleanUp
                0x200040d8        0x4 Middlewares\Third_Party\FreeRTOS\Source\tasks.o
 .bss.uxPendedTicks
                0x200040dc        0x4 Middlewares\Third_Party\FreeRTOS\Source\tasks.o
 .bss.uxSchedulerSuspended
                0x200040e0        0x4 Middlewares\Third_Party\FreeRTOS\Source\tasks.o
 .bss.uxTaskNumber
                0x200040e4        0x4 Middlewares\Third_Party\FreeRTOS\Source\tasks.o
 .bss.uxTopReadyPriority
                0x200040e8        0x4 Middlewares\Third_Party\FreeRTOS\Source\tasks.o
 .bss.xDelayedTaskList1
                0x200040ec       0x14 Middlewares\Third_Party\FreeRTOS\Source\tasks.o
 .bss.xDelayedTaskList2
                0x20004100       0x14 Middlewares\Third_Party\FreeRTOS\Source\tasks.o
 .bss.xNextTaskUnblockTime
                0x20004114        0x4 Middlewares\Third_Party\FreeRTOS\Source\tasks.o
 .bss.xNumOfOverflows
                0x20004118        0x4 Middlewares\Third_Party\FreeRTOS\Source\tasks.o
 .bss.xPendingReadyList
                0x2000411c       0x14 Middlewares\Third_Party\FreeRTOS\Source\tasks.o
 .bss.xSchedulerRunning
                0x20004130        0x4 Middlewares\Third_Party\FreeRTOS\Source\tasks.o
 .bss.xSuspendedTaskList
                0x20004134       0x14 Middlewares\Third_Party\FreeRTOS\Source\tasks.o
 .bss.xTasksWaitingTermination
                0x20004148       0x14 Middlewares\Third_Party\FreeRTOS\Source\tasks.o
 .bss.xTickCount
                0x2000415c        0x4 Middlewares\Third_Party\FreeRTOS\Source\tasks.o
 .bss.xYieldPending
                0x20004160        0x4 Middlewares\Third_Party\FreeRTOS\Source\tasks.o
 .bss.pxCurrentTimerList
                0x20004164        0x4 Middlewares\Third_Party\FreeRTOS\Source\timers.o
 .bss.pxOverflowTimerList
                0x20004168        0x4 Middlewares\Third_Party\FreeRTOS\Source\timers.o
 .bss.ucStaticTimerQueueStorage.6674
                0x2000416c       0x78 Middlewares\Third_Party\FreeRTOS\Source\timers.o
 .bss.xActiveTimerList1
                0x200041e4       0x14 Middlewares\Third_Party\FreeRTOS\Source\timers.o
 .bss.xActiveTimerList2
                0x200041f8       0x14 Middlewares\Third_Party\FreeRTOS\Source\timers.o
 .bss.xLastTime.6625
                0x2000420c        0x4 Middlewares\Third_Party\FreeRTOS\Source\timers.o
 .bss.xStaticTimerQueue.6673
                0x20004210       0x48 Middlewares\Third_Party\FreeRTOS\Source\timers.o
 .bss.xTimerQueue
                0x20004258        0x4 Middlewares\Third_Party\FreeRTOS\Source\timers.o
 .bss.xTimerTaskHandle
                0x2000425c        0x4 Middlewares\Third_Party\FreeRTOS\Source\timers.o
 .bss.xIdleStack
                0x20004260      0x200 Src\freertos.o
 .bss.xIdleTaskTCBBuffer
                0x20004460       0x54 Src\freertos.o
 .bss.xTimerStack
                0x200044b4      0x400 Src\freertos.o
 .bss.xTimerTaskTCBBuffer
                0x200048b4       0x54 Src\freertos.o
 *(COMMON)
 COMMON         0x20004908       0xa4 Application\src\Controler.o
                0x20004908                controler
                0x200049a0                tim4cnt
                0x200049a4                tim1cnt
                0x200049a8                rpm_a
 COMMON         0x200049ac       0x64 Application\src\UartCommunication.o
                0x200049ac                uart
 COMMON         0x20004a10        0x4 Drivers\STM32F3xx_HAL_Driver\Src\stm32f3xx_hal.o
                0x20004a10                uwTick
 COMMON         0x20004a14       0x40 Middlewares\Third_Party\FreeRTOS\Source\queue.o
                0x20004a14                xQueueRegistry
 COMMON         0x20004a54       0x94 Src\adc.o
                0x20004a54                hadc2
                0x20004aa4                hdma_adc2
 COMMON         0x20004ae8        0x4 Src\freertos.o
                0x20004ae8                defaultTaskHandle
 COMMON         0x20004aec       0x40 Src\stm32f3xx_hal_timebase_tim.o
                0x20004aec                htim6
 COMMON         0x20004b2c      0x180 Src\tim.o
                0x20004b2c                htim4
                0x20004b6c                htim17
                0x20004bac                htim1
                0x20004bec                htim2
                0x20004c2c                htim16
                0x20004c6c                htim7
 COMMON         0x20004cac      0x144 Src\usart.o
                0x20004cac                hdma_usart2_tx
                0x20004cf0                huart1
                0x20004d70                huart2
                0x20004df0                . = ALIGN (0x4)
                0x20004df0                _ebss = .
                0x20004df0                __bss_end__ = _ebss

._user_heap_stack
                0x20004df0      0x600
                0x20004df0                . = ALIGN (0x4)
                0x20004df0                PROVIDE (end, .)
                [!provide]                PROVIDE (_end, .)
                0x20004ff0                . = (. + _Min_Heap_Size)
 *fill*         0x20004df0      0x200 
                0x200053f0                . = (. + _Min_Stack_Size)
 *fill*         0x20004ff0      0x400 
                0x200053f0                . = ALIGN (0x4)

/DISCARD/
 libc.a(*)
 libm.a(*)
 libgcc.a(*)

.ARM.attributes
                0x00000000       0x30
 *(.ARM.attributes)
 .ARM.attributes
                0x00000000       0x22 c:/program files (x86)/atollic/truestudio for stm32 9.3.0/armtools/bin/../lib/gcc/arm-atollic-eabi/6.3.1/armv7e-m/fpu/crti.o
 .ARM.attributes
                0x00000022       0x34 c:/program files (x86)/atollic/truestudio for stm32 9.3.0/armtools/bin/../lib/gcc/arm-atollic-eabi/6.3.1/armv7e-m/fpu/crtbegin.o
 .ARM.attributes
                0x00000056       0x39 Application\src\Controler.o
 .ARM.attributes
                0x0000008f       0x39 Application\src\L6206.o
 .ARM.attributes
                0x000000c8       0x39 Application\src\LinearModules.o
 .ARM.attributes
                0x00000101       0x39 Application\src\UartCommunication.o
 .ARM.attributes
                0x0000013a       0x39 Drivers\STM32F3xx_HAL_Driver\Src\stm32f3xx_hal.o
 .ARM.attributes
                0x00000173       0x39 Drivers\STM32F3xx_HAL_Driver\Src\stm32f3xx_hal_adc_ex.o
 .ARM.attributes
                0x000001ac       0x39 Drivers\STM32F3xx_HAL_Driver\Src\stm32f3xx_hal_cortex.o
 .ARM.attributes
                0x000001e5       0x39 Drivers\STM32F3xx_HAL_Driver\Src\stm32f3xx_hal_dma.o
 .ARM.attributes
                0x0000021e       0x39 Drivers\STM32F3xx_HAL_Driver\Src\stm32f3xx_hal_gpio.o
 .ARM.attributes
                0x00000257       0x39 Drivers\STM32F3xx_HAL_Driver\Src\stm32f3xx_hal_rcc.o
 .ARM.attributes
                0x00000290       0x39 Drivers\STM32F3xx_HAL_Driver\Src\stm32f3xx_hal_rcc_ex.o
 .ARM.attributes
                0x000002c9       0x39 Drivers\STM32F3xx_HAL_Driver\Src\stm32f3xx_hal_tim.o
 .ARM.attributes
                0x00000302       0x39 Drivers\STM32F3xx_HAL_Driver\Src\stm32f3xx_hal_tim_ex.o
 .ARM.attributes
                0x0000033b       0x39 Drivers\STM32F3xx_HAL_Driver\Src\stm32f3xx_hal_uart.o
 .ARM.attributes
                0x00000374       0x39 Drivers\STM32F3xx_HAL_Driver\Src\stm32f3xx_hal_uart_ex.o
 .ARM.attributes
                0x000003ad       0x39 Middlewares\Third_Party\FreeRTOS\Source\CMSIS_RTOS\cmsis_os.o
 .ARM.attributes
                0x000003e6       0x39 Middlewares\Third_Party\FreeRTOS\Source\list.o
 .ARM.attributes
                0x0000041f       0x39 Middlewares\Third_Party\FreeRTOS\Source\portable\GCC\ARM_CM4F\port.o
 .ARM.attributes
                0x00000458       0x39 Middlewares\Third_Party\FreeRTOS\Source\portable\MemMang\heap_1.o
 .ARM.attributes
                0x00000491       0x39 Middlewares\Third_Party\FreeRTOS\Source\queue.o
 .ARM.attributes
                0x000004ca       0x39 Middlewares\Third_Party\FreeRTOS\Source\tasks.o
 .ARM.attributes
                0x00000503       0x39 Middlewares\Third_Party\FreeRTOS\Source\timers.o
 .ARM.attributes
                0x0000053c       0x39 Src\adc.o
 .ARM.attributes
                0x00000575       0x39 Src\dma.o
 .ARM.attributes
                0x000005ae       0x39 Src\freertos.o
 .ARM.attributes
                0x000005e7       0x39 Src\gpio.o
 .ARM.attributes
                0x00000620       0x39 Src\main.o
 .ARM.attributes
                0x00000659       0x39 Src\stm32f3xx_hal_msp.o
 .ARM.attributes
                0x00000692       0x39 Src\stm32f3xx_hal_timebase_tim.o
 .ARM.attributes
                0x000006cb       0x39 Src\stm32f3xx_it.o
 .ARM.attributes
                0x00000704       0x39 Src\system_stm32f3xx.o
 .ARM.attributes
                0x0000073d       0x39 Src\tim.o
 .ARM.attributes
                0x00000776       0x39 Src\usart.o
 .ARM.attributes
                0x000007af       0x21 startup\startup_stm32f303xc.o
 .ARM.attributes
                0x000007d0       0x34 c:/program files (x86)/atollic/truestudio for stm32 9.3.0/armtools/bin/../lib/gcc/arm-atollic-eabi/6.3.1/../../../../arm-atollic-eabi/lib/armv7e-m/fpu\libc.a(lib_a-init.o)
 .ARM.attributes
                0x00000804       0x34 c:/program files (x86)/atollic/truestudio for stm32 9.3.0/armtools/bin/../lib/gcc/arm-atollic-eabi/6.3.1/../../../../arm-atollic-eabi/lib/armv7e-m/fpu\libc.a(lib_a-memcpy-stub.o)
 .ARM.attributes
                0x00000838       0x34 c:/program files (x86)/atollic/truestudio for stm32 9.3.0/armtools/bin/../lib/gcc/arm-atollic-eabi/6.3.1/../../../../arm-atollic-eabi/lib/armv7e-m/fpu\libc.a(lib_a-memset.o)
 .ARM.attributes
                0x0000086c       0x22 c:/program files (x86)/atollic/truestudio for stm32 9.3.0/armtools/bin/../lib/gcc/arm-atollic-eabi/6.3.1/armv7e-m/fpu\libgcc.a(_arm_addsubdf3.o)
 .ARM.attributes
                0x0000088e       0x22 c:/program files (x86)/atollic/truestudio for stm32 9.3.0/armtools/bin/../lib/gcc/arm-atollic-eabi/6.3.1/armv7e-m/fpu\libgcc.a(_arm_muldivdf3.o)
 .ARM.attributes
                0x000008b0       0x22 c:/program files (x86)/atollic/truestudio for stm32 9.3.0/armtools/bin/../lib/gcc/arm-atollic-eabi/6.3.1/armv7e-m/fpu\libgcc.a(_arm_truncdfsf2.o)
 .ARM.attributes
                0x000008d2       0x22 c:/program files (x86)/atollic/truestudio for stm32 9.3.0/armtools/bin/../lib/gcc/arm-atollic-eabi/6.3.1/armv7e-m/fpu/crtn.o
OUTPUT(Robot3W-DCMotorController.elf elf32-littlearm)

.debug_info     0x00000000    0x247f1
 .debug_info    0x00000000     0x1717 Application\src\Controler.o
 .debug_info    0x00001717      0x83f Application\src\L6206.o
 .debug_info    0x00001f56     0x1625 Application\src\LinearModules.o
 .debug_info    0x0000357b     0x1417 Application\src\UartCommunication.o
 .debug_info    0x00004992      0x88e Drivers\STM32F3xx_HAL_Driver\Src\stm32f3xx_hal.o
 .debug_info    0x00005220     0x1b54 Drivers\STM32F3xx_HAL_Driver\Src\stm32f3xx_hal_adc_ex.o
 .debug_info    0x00006d74      0xefe Drivers\STM32F3xx_HAL_Driver\Src\stm32f3xx_hal_cortex.o
 .debug_info    0x00007c72      0x87d Drivers\STM32F3xx_HAL_Driver\Src\stm32f3xx_hal_dma.o
 .debug_info    0x000084ef      0x705 Drivers\STM32F3xx_HAL_Driver\Src\stm32f3xx_hal_gpio.o
 .debug_info    0x00008bf4     0x1470 Drivers\STM32F3xx_HAL_Driver\Src\stm32f3xx_hal_rcc.o
 .debug_info    0x0000a064      0x7b2 Drivers\STM32F3xx_HAL_Driver\Src\stm32f3xx_hal_rcc_ex.o
 .debug_info    0x0000a816     0x33f1 Drivers\STM32F3xx_HAL_Driver\Src\stm32f3xx_hal_tim.o
 .debug_info    0x0000dc07     0x1568 Drivers\STM32F3xx_HAL_Driver\Src\stm32f3xx_hal_tim_ex.o
 .debug_info    0x0000f16f     0x1b74 Drivers\STM32F3xx_HAL_Driver\Src\stm32f3xx_hal_uart.o
 .debug_info    0x00010ce3      0x98b Drivers\STM32F3xx_HAL_Driver\Src\stm32f3xx_hal_uart_ex.o
 .debug_info    0x0001166e     0x28c9 Middlewares\Third_Party\FreeRTOS\Source\CMSIS_RTOS\cmsis_os.o
 .debug_info    0x00013f37      0xade Middlewares\Third_Party\FreeRTOS\Source\list.o
 .debug_info    0x00014a15      0x572 Middlewares\Third_Party\FreeRTOS\Source\portable\GCC\ARM_CM4F\port.o
 .debug_info    0x00014f87      0xa46 Middlewares\Third_Party\FreeRTOS\Source\portable\MemMang\heap_1.o
 .debug_info    0x000159cd     0x2878 Middlewares\Third_Party\FreeRTOS\Source\queue.o
 .debug_info    0x00018245     0x2ee9 Middlewares\Third_Party\FreeRTOS\Source\tasks.o
 .debug_info    0x0001b12e     0x1d0f Middlewares\Third_Party\FreeRTOS\Source\timers.o
 .debug_info    0x0001ce3d      0xb09 Src\adc.o
 .debug_info    0x0001d946      0x4c7 Src\dma.o
 .debug_info    0x0001de0d     0x12c4 Src\freertos.o
 .debug_info    0x0001f0d1      0x4d2 Src\gpio.o
 .debug_info    0x0001f5a3     0x1172 Src\main.o
 .debug_info    0x00020715      0x477 Src\stm32f3xx_hal_msp.o
 .debug_info    0x00020b8c      0xab1 Src\stm32f3xx_hal_timebase_tim.o
 .debug_info    0x0002163d      0xa8d Src\stm32f3xx_it.o
 .debug_info    0x000220ca      0x462 Src\system_stm32f3xx.o
 .debug_info    0x0002252c     0x1513 Src\tim.o
 .debug_info    0x00023a3f      0xd30 Src\usart.o
 .debug_info    0x0002476f       0x82 startup\startup_stm32f303xc.o

.debug_abbrev   0x00000000     0x4b11
 .debug_abbrev  0x00000000      0x355 Application\src\Controler.o
 .debug_abbrev  0x00000355      0x190 Application\src\L6206.o
 .debug_abbrev  0x000004e5      0x2fd Application\src\LinearModules.o
 .debug_abbrev  0x000007e2      0x2f4 Application\src\UartCommunication.o
 .debug_abbrev  0x00000ad6      0x1e8 Drivers\STM32F3xx_HAL_Driver\Src\stm32f3xx_hal.o
 .debug_abbrev  0x00000cbe      0x29e Drivers\STM32F3xx_HAL_Driver\Src\stm32f3xx_hal_adc_ex.o
 .debug_abbrev  0x00000f5c      0x323 Drivers\STM32F3xx_HAL_Driver\Src\stm32f3xx_hal_cortex.o
 .debug_abbrev  0x0000127f      0x228 Drivers\STM32F3xx_HAL_Driver\Src\stm32f3xx_hal_dma.o
 .debug_abbrev  0x000014a7      0x1d9 Drivers\STM32F3xx_HAL_Driver\Src\stm32f3xx_hal_gpio.o
 .debug_abbrev  0x00001680      0x2a4 Drivers\STM32F3xx_HAL_Driver\Src\stm32f3xx_hal_rcc.o
 .debug_abbrev  0x00001924      0x246 Drivers\STM32F3xx_HAL_Driver\Src\stm32f3xx_hal_rcc_ex.o
 .debug_abbrev  0x00001b6a      0x21f Drivers\STM32F3xx_HAL_Driver\Src\stm32f3xx_hal_tim.o
 .debug_abbrev  0x00001d89      0x230 Drivers\STM32F3xx_HAL_Driver\Src\stm32f3xx_hal_tim_ex.o
 .debug_abbrev  0x00001fb9      0x248 Drivers\STM32F3xx_HAL_Driver\Src\stm32f3xx_hal_uart.o
 .debug_abbrev  0x00002201      0x221 Drivers\STM32F3xx_HAL_Driver\Src\stm32f3xx_hal_uart_ex.o
 .debug_abbrev  0x00002422      0x3a0 Middlewares\Third_Party\FreeRTOS\Source\CMSIS_RTOS\cmsis_os.o
 .debug_abbrev  0x000027c2      0x1ea Middlewares\Third_Party\FreeRTOS\Source\list.o
 .debug_abbrev  0x000029ac      0x23a Middlewares\Third_Party\FreeRTOS\Source\portable\GCC\ARM_CM4F\port.o
 .debug_abbrev  0x00002be6      0x28c Middlewares\Third_Party\FreeRTOS\Source\portable\MemMang\heap_1.o
 .debug_abbrev  0x00002e72      0x39a Middlewares\Third_Party\FreeRTOS\Source\queue.o
 .debug_abbrev  0x0000320c      0x376 Middlewares\Third_Party\FreeRTOS\Source\tasks.o
 .debug_abbrev  0x00003582      0x30d Middlewares\Third_Party\FreeRTOS\Source\timers.o
 .debug_abbrev  0x0000388f      0x1ca Src\adc.o
 .debug_abbrev  0x00003a59      0x13b Src\dma.o
 .debug_abbrev  0x00003b94      0x263 Src\freertos.o
 .debug_abbrev  0x00003df7      0x16e Src\gpio.o
 .debug_abbrev  0x00003f65      0x1fc Src\main.o
 .debug_abbrev  0x00004161      0x12e Src\stm32f3xx_hal_msp.o
 .debug_abbrev  0x0000428f      0x1e9 Src\stm32f3xx_hal_timebase_tim.o
 .debug_abbrev  0x00004478      0x171 Src\stm32f3xx_it.o
 .debug_abbrev  0x000045e9      0x126 Src\system_stm32f3xx.o
 .debug_abbrev  0x0000470f      0x212 Src\tim.o
 .debug_abbrev  0x00004921      0x1de Src\usart.o
 .debug_abbrev  0x00004aff       0x12 startup\startup_stm32f303xc.o

.debug_loc      0x00000000    0x10675
 .debug_loc     0x00000000      0x41b Application\src\Controler.o
 .debug_loc     0x0000041b       0x69 Application\src\L6206.o
 .debug_loc     0x00000484      0x77e Application\src\LinearModules.o
 .debug_loc     0x00000c02      0x187 Application\src\UartCommunication.o
 .debug_loc     0x00000d89      0x10d Drivers\STM32F3xx_HAL_Driver\Src\stm32f3xx_hal.o
 .debug_loc     0x00000e96     0x1aff Drivers\STM32F3xx_HAL_Driver\Src\stm32f3xx_hal_adc_ex.o
 .debug_loc     0x00002995      0x616 Drivers\STM32F3xx_HAL_Driver\Src\stm32f3xx_hal_cortex.o
 .debug_loc     0x00002fab      0x724 Drivers\STM32F3xx_HAL_Driver\Src\stm32f3xx_hal_dma.o
 .debug_loc     0x000036cf      0x2f6 Drivers\STM32F3xx_HAL_Driver\Src\stm32f3xx_hal_gpio.o
 .debug_loc     0x000039c5      0x95a Drivers\STM32F3xx_HAL_Driver\Src\stm32f3xx_hal_rcc.o
 .debug_loc     0x0000431f      0x811 Drivers\STM32F3xx_HAL_Driver\Src\stm32f3xx_hal_rcc_ex.o
 .debug_loc     0x00004b30     0x3c15 Drivers\STM32F3xx_HAL_Driver\Src\stm32f3xx_hal_tim.o
 .debug_loc     0x00008745     0x15ed Drivers\STM32F3xx_HAL_Driver\Src\stm32f3xx_hal_tim_ex.o
 .debug_loc     0x00009d32     0x1927 Drivers\STM32F3xx_HAL_Driver\Src\stm32f3xx_hal_uart.o
 .debug_loc     0x0000b659      0x2e0 Drivers\STM32F3xx_HAL_Driver\Src\stm32f3xx_hal_uart_ex.o
 .debug_loc     0x0000b939     0x1202 Middlewares\Third_Party\FreeRTOS\Source\CMSIS_RTOS\cmsis_os.o
 .debug_loc     0x0000cb3b       0x70 Middlewares\Third_Party\FreeRTOS\Source\list.o
 .debug_loc     0x0000cbab       0xdc Middlewares\Third_Party\FreeRTOS\Source\portable\GCC\ARM_CM4F\port.o
 .debug_loc     0x0000cc87       0x5f Middlewares\Third_Party\FreeRTOS\Source\portable\MemMang\heap_1.o
 .debug_loc     0x0000cce6     0x1236 Middlewares\Third_Party\FreeRTOS\Source\queue.o
 .debug_loc     0x0000df1c     0x18cd Middlewares\Third_Party\FreeRTOS\Source\tasks.o
 .debug_loc     0x0000f7e9      0xa36 Middlewares\Third_Party\FreeRTOS\Source\timers.o
 .debug_loc     0x0001021f       0x63 Src\adc.o
 .debug_loc     0x00010282       0x21 Src\freertos.o
 .debug_loc     0x000102a3       0x3a Src\main.o
 .debug_loc     0x000102dd       0x79 Src\stm32f3xx_hal_timebase_tim.o
 .debug_loc     0x00010356       0xff Src\system_stm32f3xx.o
 .debug_loc     0x00010455      0x183 Src\tim.o
 .debug_loc     0x000105d8       0x9d Src\usart.o

.debug_aranges  0x00000000     0x1708
 .debug_aranges
                0x00000000       0x58 Application\src\Controler.o
 .debug_aranges
                0x00000058       0x30 Application\src\L6206.o
 .debug_aranges
                0x00000088      0x130 Application\src\LinearModules.o
 .debug_aranges
                0x000001b8       0x40 Application\src\UartCommunication.o
 .debug_aranges
                0x000001f8       0xe0 Drivers\STM32F3xx_HAL_Driver\Src\stm32f3xx_hal.o
 .debug_aranges
                0x000002d8      0x168 Drivers\STM32F3xx_HAL_Driver\Src\stm32f3xx_hal_adc_ex.o
 .debug_aranges
                0x00000440       0xa8 Drivers\STM32F3xx_HAL_Driver\Src\stm32f3xx_hal_cortex.o
 .debug_aranges
                0x000004e8       0x88 Drivers\STM32F3xx_HAL_Driver\Src\stm32f3xx_hal_dma.o
 .debug_aranges
                0x00000570       0x58 Drivers\STM32F3xx_HAL_Driver\Src\stm32f3xx_hal_gpio.o
 .debug_aranges
                0x000005c8       0x88 Drivers\STM32F3xx_HAL_Driver\Src\stm32f3xx_hal_rcc.o
 .debug_aranges
                0x00000650       0x38 Drivers\STM32F3xx_HAL_Driver\Src\stm32f3xx_hal_rcc_ex.o
 .debug_aranges
                0x00000688      0x3c8 Drivers\STM32F3xx_HAL_Driver\Src\stm32f3xx_hal_tim.o
 .debug_aranges
                0x00000a50      0x160 Drivers\STM32F3xx_HAL_Driver\Src\stm32f3xx_hal_tim_ex.o
 .debug_aranges
                0x00000bb0      0x210 Drivers\STM32F3xx_HAL_Driver\Src\stm32f3xx_hal_uart.o
 .debug_aranges
                0x00000dc0       0x50 Drivers\STM32F3xx_HAL_Driver\Src\stm32f3xx_hal_uart_ex.o
 .debug_aranges
                0x00000e10      0x1d8 Middlewares\Third_Party\FreeRTOS\Source\CMSIS_RTOS\cmsis_os.o
 .debug_aranges
                0x00000fe8       0x40 Middlewares\Third_Party\FreeRTOS\Source\list.o
 .debug_aranges
                0x00001028       0x80 Middlewares\Third_Party\FreeRTOS\Source\portable\GCC\ARM_CM4F\port.o
 .debug_aranges
                0x000010a8       0x38 Middlewares\Third_Party\FreeRTOS\Source\portable\MemMang\heap_1.o
 .debug_aranges
                0x000010e0      0x110 Middlewares\Third_Party\FreeRTOS\Source\queue.o
 .debug_aranges
                0x000011f0      0x1b8 Middlewares\Third_Party\FreeRTOS\Source\tasks.o
 .debug_aranges
                0x000013a8       0xc0 Middlewares\Third_Party\FreeRTOS\Source\timers.o
 .debug_aranges
                0x00001468       0x30 Src\adc.o
 .debug_aranges
                0x00001498       0x20 Src\dma.o
 .debug_aranges
                0x000014b8       0x40 Src\freertos.o
 .debug_aranges
                0x000014f8       0x20 Src\gpio.o
 .debug_aranges
                0x00001518       0x38 Src\main.o
 .debug_aranges
                0x00001550       0x20 Src\stm32f3xx_hal_msp.o
 .debug_aranges
                0x00001570       0x30 Src\stm32f3xx_hal_timebase_tim.o
 .debug_aranges
                0x000015a0       0x70 Src\stm32f3xx_it.o
 .debug_aranges
                0x00001610       0x28 Src\system_stm32f3xx.o
 .debug_aranges
                0x00001638       0x70 Src\tim.o
 .debug_aranges
                0x000016a8       0x38 Src\usart.o
 .debug_aranges
                0x000016e0       0x28 startup\startup_stm32f303xc.o

.debug_ranges   0x00000000     0x1768
 .debug_ranges  0x00000000       0x48 Application\src\Controler.o
 .debug_ranges  0x00000048       0x20 Application\src\L6206.o
 .debug_ranges  0x00000068      0x120 Application\src\LinearModules.o
 .debug_ranges  0x00000188       0x48 Application\src\UartCommunication.o
 .debug_ranges  0x000001d0       0xd0 Drivers\STM32F3xx_HAL_Driver\Src\stm32f3xx_hal.o
 .debug_ranges  0x000002a0      0x158 Drivers\STM32F3xx_HAL_Driver\Src\stm32f3xx_hal_adc_ex.o
 .debug_ranges  0x000003f8       0xf8 Drivers\STM32F3xx_HAL_Driver\Src\stm32f3xx_hal_cortex.o
 .debug_ranges  0x000004f0       0x78 Drivers\STM32F3xx_HAL_Driver\Src\stm32f3xx_hal_dma.o
 .debug_ranges  0x00000568       0x48 Drivers\STM32F3xx_HAL_Driver\Src\stm32f3xx_hal_gpio.o
 .debug_ranges  0x000005b0       0x98 Drivers\STM32F3xx_HAL_Driver\Src\stm32f3xx_hal_rcc.o
 .debug_ranges  0x00000648       0x40 Drivers\STM32F3xx_HAL_Driver\Src\stm32f3xx_hal_rcc_ex.o
 .debug_ranges  0x00000688      0x3b8 Drivers\STM32F3xx_HAL_Driver\Src\stm32f3xx_hal_tim.o
 .debug_ranges  0x00000a40      0x150 Drivers\STM32F3xx_HAL_Driver\Src\stm32f3xx_hal_tim_ex.o
 .debug_ranges  0x00000b90      0x200 Drivers\STM32F3xx_HAL_Driver\Src\stm32f3xx_hal_uart.o
 .debug_ranges  0x00000d90       0x40 Drivers\STM32F3xx_HAL_Driver\Src\stm32f3xx_hal_uart_ex.o
 .debug_ranges  0x00000dd0      0x1c8 Middlewares\Third_Party\FreeRTOS\Source\CMSIS_RTOS\cmsis_os.o
 .debug_ranges  0x00000f98       0x30 Middlewares\Third_Party\FreeRTOS\Source\list.o
 .debug_ranges  0x00000fc8       0x70 Middlewares\Third_Party\FreeRTOS\Source\portable\GCC\ARM_CM4F\port.o
 .debug_ranges  0x00001038       0x28 Middlewares\Third_Party\FreeRTOS\Source\portable\MemMang\heap_1.o
 .debug_ranges  0x00001060      0x1f0 Middlewares\Third_Party\FreeRTOS\Source\queue.o
 .debug_ranges  0x00001250      0x280 Middlewares\Third_Party\FreeRTOS\Source\tasks.o
 .debug_ranges  0x000014d0       0xb0 Middlewares\Third_Party\FreeRTOS\Source\timers.o
 .debug_ranges  0x00001580       0x20 Src\adc.o
 .debug_ranges  0x000015a0       0x10 Src\dma.o
 .debug_ranges  0x000015b0       0x30 Src\freertos.o
 .debug_ranges  0x000015e0       0x10 Src\gpio.o
 .debug_ranges  0x000015f0       0x28 Src\main.o
 .debug_ranges  0x00001618       0x10 Src\stm32f3xx_hal_msp.o
 .debug_ranges  0x00001628       0x20 Src\stm32f3xx_hal_timebase_tim.o
 .debug_ranges  0x00001648       0x60 Src\stm32f3xx_it.o
 .debug_ranges  0x000016a8       0x18 Src\system_stm32f3xx.o
 .debug_ranges  0x000016c0       0x60 Src\tim.o
 .debug_ranges  0x00001720       0x28 Src\usart.o
 .debug_ranges  0x00001748       0x20 startup\startup_stm32f303xc.o

.debug_line     0x00000000     0xc484
 .debug_line    0x00000000      0x549 Application\src\Controler.o
 .debug_line    0x00000549      0x272 Application\src\L6206.o
 .debug_line    0x000007bb      0x50e Application\src\LinearModules.o
 .debug_line    0x00000cc9      0x45e Application\src\UartCommunication.o
 .debug_line    0x00001127      0x3ed Drivers\STM32F3xx_HAL_Driver\Src\stm32f3xx_hal.o
 .debug_line    0x00001514     0x14b0 Drivers\STM32F3xx_HAL_Driver\Src\stm32f3xx_hal_adc_ex.o
 .debug_line    0x000029c4      0x43e Drivers\STM32F3xx_HAL_Driver\Src\stm32f3xx_hal_cortex.o
 .debug_line    0x00002e02      0x47b Drivers\STM32F3xx_HAL_Driver\Src\stm32f3xx_hal_dma.o
 .debug_line    0x0000327d      0x37e Drivers\STM32F3xx_HAL_Driver\Src\stm32f3xx_hal_gpio.o
 .debug_line    0x000035fb      0x747 Drivers\STM32F3xx_HAL_Driver\Src\stm32f3xx_hal_rcc.o
 .debug_line    0x00003d42      0x4e8 Drivers\STM32F3xx_HAL_Driver\Src\stm32f3xx_hal_rcc_ex.o
 .debug_line    0x0000422a     0x16ea Drivers\STM32F3xx_HAL_Driver\Src\stm32f3xx_hal_tim.o
 .debug_line    0x00005914      0x924 Drivers\STM32F3xx_HAL_Driver\Src\stm32f3xx_hal_tim_ex.o
 .debug_line    0x00006238      0xdf8 Drivers\STM32F3xx_HAL_Driver\Src\stm32f3xx_hal_uart.o
 .debug_line    0x00007030      0x36a Drivers\STM32F3xx_HAL_Driver\Src\stm32f3xx_hal_uart_ex.o
 .debug_line    0x0000739a      0x9b2 Middlewares\Third_Party\FreeRTOS\Source\CMSIS_RTOS\cmsis_os.o
 .debug_line    0x00007d4c      0x363 Middlewares\Third_Party\FreeRTOS\Source\list.o
 .debug_line    0x000080af      0x35c Middlewares\Third_Party\FreeRTOS\Source\portable\GCC\ARM_CM4F\port.o
 .debug_line    0x0000840b      0x358 Middlewares\Third_Party\FreeRTOS\Source\portable\MemMang\heap_1.o
 .debug_line    0x00008763      0xa64 Middlewares\Third_Party\FreeRTOS\Source\queue.o
 .debug_line    0x000091c7      0xcda Middlewares\Third_Party\FreeRTOS\Source\tasks.o
 .debug_line    0x00009ea1      0x5fc Middlewares\Third_Party\FreeRTOS\Source\timers.o
 .debug_line    0x0000a49d      0x2d1 Src\adc.o
 .debug_line    0x0000a76e      0x1f4 Src\dma.o
 .debug_line    0x0000a962      0x46d Src\freertos.o
 .debug_line    0x0000adcf      0x208 Src\gpio.o
 .debug_line    0x0000afd7      0x379 Src\main.o
 .debug_line    0x0000b350      0x200 Src\stm32f3xx_hal_msp.o
 .debug_line    0x0000b550      0x291 Src\stm32f3xx_hal_timebase_tim.o
 .debug_line    0x0000b7e1      0x2e0 Src\stm32f3xx_it.o
 .debug_line    0x0000bac1      0x20d Src\system_stm32f3xx.o
 .debug_line    0x0000bcce      0x449 Src\tim.o
 .debug_line    0x0000c117      0x2ef Src\usart.o
 .debug_line    0x0000c406       0x7e startup\startup_stm32f303xc.o

.debug_str      0x00000000     0x77ed
 .debug_str     0x00000000      0xd75 Application\src\Controler.o
                                0xea2 (size before relaxing)
 .debug_str     0x00000d75       0x82 Application\src\L6206.o
                                0x759 (size before relaxing)
 .debug_str     0x00000df7      0x3f4 Application\src\LinearModules.o
                                0xabc (size before relaxing)
 .debug_str     0x000011eb      0x331 Application\src\UartCommunication.o
                                0xca4 (size before relaxing)
 .debug_str     0x0000151c      0x777 Drivers\STM32F3xx_HAL_Driver\Src\stm32f3xx_hal.o
                                0xa22 (size before relaxing)
 .debug_str     0x00001c93      0xa3c Drivers\STM32F3xx_HAL_Driver\Src\stm32f3xx_hal_adc_ex.o
                                0xfdd (size before relaxing)
 .debug_str     0x000026cf      0x492 Drivers\STM32F3xx_HAL_Driver\Src\stm32f3xx_hal_cortex.o
                                0xc49 (size before relaxing)
 .debug_str     0x00002b61      0x229 Drivers\STM32F3xx_HAL_Driver\Src\stm32f3xx_hal_dma.o
                                0x725 (size before relaxing)
 .debug_str     0x00002d8a      0x1a7 Drivers\STM32F3xx_HAL_Driver\Src\stm32f3xx_hal_gpio.o
                                0x538 (size before relaxing)
 .debug_str     0x00002f31      0x31c Drivers\STM32F3xx_HAL_Driver\Src\stm32f3xx_hal_rcc.o
                                0x73c (size before relaxing)
 .debug_str     0x0000324d      0x22f Drivers\STM32F3xx_HAL_Driver\Src\stm32f3xx_hal_rcc_ex.o
                                0x61f (size before relaxing)
 .debug_str     0x0000347c      0xe42 Drivers\STM32F3xx_HAL_Driver\Src\stm32f3xx_hal_tim.o
                               0x160c (size before relaxing)
 .debug_str     0x000042be      0x5a6 Drivers\STM32F3xx_HAL_Driver\Src\stm32f3xx_hal_tim_ex.o
                                0xe12 (size before relaxing)
 .debug_str     0x00004864      0x717 Drivers\STM32F3xx_HAL_Driver\Src\stm32f3xx_hal_uart.o
                                0xf1d (size before relaxing)
 .debug_str     0x00004f7b      0x146 Drivers\STM32F3xx_HAL_Driver\Src\stm32f3xx_hal_uart_ex.o
                                0x8a7 (size before relaxing)
 .debug_str     0x000050c1      0xd2a Middlewares\Third_Party\FreeRTOS\Source\CMSIS_RTOS\cmsis_os.o
                               0x1490 (size before relaxing)
 .debug_str     0x00005deb      0x143 Middlewares\Third_Party\FreeRTOS\Source\list.o
                                0x754 (size before relaxing)
 .debug_str     0x00005f2e      0x239 Middlewares\Third_Party\FreeRTOS\Source\portable\GCC\ARM_CM4F\port.o
                                0x4a3 (size before relaxing)
 .debug_str     0x00006167       0xcd Middlewares\Third_Party\FreeRTOS\Source\portable\MemMang\heap_1.o
                                0x717 (size before relaxing)
 .debug_str     0x00006234      0x576 Middlewares\Third_Party\FreeRTOS\Source\queue.o
                                0xf66 (size before relaxing)
 .debug_str     0x000067aa      0x7c5 Middlewares\Third_Party\FreeRTOS\Source\tasks.o
                               0x14af (size before relaxing)
 .debug_str     0x00006f6f      0x43f Middlewares\Third_Party\FreeRTOS\Source\timers.o
                                0xf2d (size before relaxing)
 .debug_str     0x000073ae       0x52 Src\adc.o
                                0x8da (size before relaxing)
 .debug_str     0x00007400       0x19 Src\dma.o
                                0x75c (size before relaxing)
 .debug_str     0x00007419       0xfc Src\freertos.o
                                0xe86 (size before relaxing)
 .debug_str     0x00007515       0x1b Src\gpio.o
                                0x3c1 (size before relaxing)
 .debug_str     0x00007530       0x9e Src\main.o
                                0xf09 (size before relaxing)
 .debug_str     0x000075ce       0x1b Src\stm32f3xx_hal_msp.o
                                0x757 (size before relaxing)
 .debug_str     0x000075e9       0x50 Src\stm32f3xx_hal_timebase_tim.o
                                0xcac (size before relaxing)
 .debug_str     0x00007639       0xf4 Src\stm32f3xx_it.o
                                0x9de (size before relaxing)
 .debug_str     0x0000772d       0x50 Src\system_stm32f3xx.o
                                0x39a (size before relaxing)
 .debug_str     0x0000777d       0x56 Src\tim.o
                               0x1064 (size before relaxing)
 .debug_str     0x000077d3       0x1a Src\usart.o
                                0xc99 (size before relaxing)

.comment        0x00000000       0x7c
 .comment       0x00000000       0x7c Application\src\Controler.o
                                 0x7d (size before relaxing)
 .comment       0x0000007c       0x7d Application\src\L6206.o
 .comment       0x0000007c       0x7d Application\src\LinearModules.o
 .comment       0x0000007c       0x7d Application\src\UartCommunication.o
 .comment       0x0000007c       0x7d Drivers\STM32F3xx_HAL_Driver\Src\stm32f3xx_hal.o
 .comment       0x0000007c       0x7d Drivers\STM32F3xx_HAL_Driver\Src\stm32f3xx_hal_adc_ex.o
 .comment       0x0000007c       0x7d Drivers\STM32F3xx_HAL_Driver\Src\stm32f3xx_hal_cortex.o
 .comment       0x0000007c       0x7d Drivers\STM32F3xx_HAL_Driver\Src\stm32f3xx_hal_dma.o
 .comment       0x0000007c       0x7d Drivers\STM32F3xx_HAL_Driver\Src\stm32f3xx_hal_gpio.o
 .comment       0x0000007c       0x7d Drivers\STM32F3xx_HAL_Driver\Src\stm32f3xx_hal_rcc.o
 .comment       0x0000007c       0x7d Drivers\STM32F3xx_HAL_Driver\Src\stm32f3xx_hal_rcc_ex.o
 .comment       0x0000007c       0x7d Drivers\STM32F3xx_HAL_Driver\Src\stm32f3xx_hal_tim.o
 .comment       0x0000007c       0x7d Drivers\STM32F3xx_HAL_Driver\Src\stm32f3xx_hal_tim_ex.o
 .comment       0x0000007c       0x7d Drivers\STM32F3xx_HAL_Driver\Src\stm32f3xx_hal_uart.o
 .comment       0x0000007c       0x7d Drivers\STM32F3xx_HAL_Driver\Src\stm32f3xx_hal_uart_ex.o
 .comment       0x0000007c       0x7d Middlewares\Third_Party\FreeRTOS\Source\CMSIS_RTOS\cmsis_os.o
 .comment       0x0000007c       0x7d Middlewares\Third_Party\FreeRTOS\Source\list.o
 .comment       0x0000007c       0x7d Middlewares\Third_Party\FreeRTOS\Source\portable\GCC\ARM_CM4F\port.o
 .comment       0x0000007c       0x7d Middlewares\Third_Party\FreeRTOS\Source\portable\MemMang\heap_1.o
 .comment       0x0000007c       0x7d Middlewares\Third_Party\FreeRTOS\Source\queue.o
 .comment       0x0000007c       0x7d Middlewares\Third_Party\FreeRTOS\Source\tasks.o
 .comment       0x0000007c       0x7d Middlewares\Third_Party\FreeRTOS\Source\timers.o
 .comment       0x0000007c       0x7d Src\adc.o
 .comment       0x0000007c       0x7d Src\dma.o
 .comment       0x0000007c       0x7d Src\freertos.o
 .comment       0x0000007c       0x7d Src\gpio.o
 .comment       0x0000007c       0x7d Src\main.o
 .comment       0x0000007c       0x7d Src\stm32f3xx_hal_msp.o
 .comment       0x0000007c       0x7d Src\stm32f3xx_hal_timebase_tim.o
 .comment       0x0000007c       0x7d Src\stm32f3xx_it.o
 .comment       0x0000007c       0x7d Src\system_stm32f3xx.o
 .comment       0x0000007c       0x7d Src\tim.o
 .comment       0x0000007c       0x7d Src\usart.o

.debug_frame    0x00000000     0x3fdc
 .debug_frame   0x00000000      0x130 Application\src\Controler.o
 .debug_frame   0x00000130       0x4c Application\src\L6206.o
 .debug_frame   0x0000017c      0x2b8 Application\src\LinearModules.o
 .debug_frame   0x00000434       0x98 Application\src\UartCommunication.o
 .debug_frame   0x000004cc      0x1cc Drivers\STM32F3xx_HAL_Driver\Src\stm32f3xx_hal.o
 .debug_frame   0x00000698      0x4a4 Drivers\STM32F3xx_HAL_Driver\Src\stm32f3xx_hal_adc_ex.o
 .debug_frame   0x00000b3c      0x15c Drivers\STM32F3xx_HAL_Driver\Src\stm32f3xx_hal_cortex.o
 .debug_frame   0x00000c98      0x164 Drivers\STM32F3xx_HAL_Driver\Src\stm32f3xx_hal_dma.o
 .debug_frame   0x00000dfc       0xd0 Drivers\STM32F3xx_HAL_Driver\Src\stm32f3xx_hal_gpio.o
 .debug_frame   0x00000ecc      0x16c Drivers\STM32F3xx_HAL_Driver\Src\stm32f3xx_hal_rcc.o
 .debug_frame   0x00001038       0x7c Drivers\STM32F3xx_HAL_Driver\Src\stm32f3xx_hal_rcc_ex.o
 .debug_frame   0x000010b4      0xafc Drivers\STM32F3xx_HAL_Driver\Src\stm32f3xx_hal_tim.o
 .debug_frame   0x00001bb0      0x3f8 Drivers\STM32F3xx_HAL_Driver\Src\stm32f3xx_hal_tim_ex.o
 .debug_frame   0x00001fa8      0x5c0 Drivers\STM32F3xx_HAL_Driver\Src\stm32f3xx_hal_uart.o
 .debug_frame   0x00002568       0xcc Drivers\STM32F3xx_HAL_Driver\Src\stm32f3xx_hal_uart_ex.o
 .debug_frame   0x00002634      0x5e4 Middlewares\Third_Party\FreeRTOS\Source\CMSIS_RTOS\cmsis_os.o
 .debug_frame   0x00002c18       0x6c Middlewares\Third_Party\FreeRTOS\Source\list.o
 .debug_frame   0x00002c84      0x100 Middlewares\Third_Party\FreeRTOS\Source\portable\GCC\ARM_CM4F\port.o
 .debug_frame   0x00002d84       0x5c Middlewares\Third_Party\FreeRTOS\Source\portable\MemMang\heap_1.o
 .debug_frame   0x00002de0      0x370 Middlewares\Third_Party\FreeRTOS\Source\queue.o
 .debug_frame   0x00003150      0x56c Middlewares\Third_Party\FreeRTOS\Source\tasks.o
 .debug_frame   0x000036bc      0x264 Middlewares\Third_Party\FreeRTOS\Source\timers.o
 .debug_frame   0x00003920       0x68 Src\adc.o
 .debug_frame   0x00003988       0x2c Src\dma.o
 .debug_frame   0x000039b4       0x78 Src\freertos.o
 .debug_frame   0x00003a2c       0x38 Src\gpio.o
 .debug_frame   0x00003a64       0x70 Src\main.o
 .debug_frame   0x00003ad4       0x2c Src\stm32f3xx_hal_msp.o
 .debug_frame   0x00003b00       0x50 Src\stm32f3xx_hal_timebase_tim.o
 .debug_frame   0x00003b50       0xe8 Src\stm32f3xx_it.o
 .debug_frame   0x00003c38       0x30 Src\system_stm32f3xx.o
 .debug_frame   0x00003c68      0x168 Src\tim.o
 .debug_frame   0x00003dd0       0x78 Src\usart.o
 .debug_frame   0x00003e48       0x2c c:/program files (x86)/atollic/truestudio for stm32 9.3.0/armtools/bin/../lib/gcc/arm-atollic-eabi/6.3.1/../../../../arm-atollic-eabi/lib/armv7e-m/fpu\libc.a(lib_a-init.o)
 .debug_frame   0x00003e74       0x28 c:/program files (x86)/atollic/truestudio for stm32 9.3.0/armtools/bin/../lib/gcc/arm-atollic-eabi/6.3.1/../../../../arm-atollic-eabi/lib/armv7e-m/fpu\libc.a(lib_a-memcpy-stub.o)
 .debug_frame   0x00003e9c       0x20 c:/program files (x86)/atollic/truestudio for stm32 9.3.0/armtools/bin/../lib/gcc/arm-atollic-eabi/6.3.1/../../../../arm-atollic-eabi/lib/armv7e-m/fpu\libc.a(lib_a-memset.o)
 .debug_frame   0x00003ebc       0xac c:/program files (x86)/atollic/truestudio for stm32 9.3.0/armtools/bin/../lib/gcc/arm-atollic-eabi/6.3.1/armv7e-m/fpu\libgcc.a(_arm_addsubdf3.o)
 .debug_frame   0x00003f68       0x50 c:/program files (x86)/atollic/truestudio for stm32 9.3.0/armtools/bin/../lib/gcc/arm-atollic-eabi/6.3.1/armv7e-m/fpu\libgcc.a(_arm_muldivdf3.o)
 .debug_frame   0x00003fb8       0x24 c:/program files (x86)/atollic/truestudio for stm32 9.3.0/armtools/bin/../lib/gcc/arm-atollic-eabi/6.3.1/armv7e-m/fpu\libgcc.a(_arm_truncdfsf2.o)
