LinearModules.c:17:6:Inerty_SetTime	0	static
LinearModules.c:31:14:Inerty_Execute	0	static
LinearModules.c:41:6:RealDiv_Init	0	static
LinearModules.c:47:7:RealDiv_Execute	0	static
LinearModules.c:52:6:RealDiv_SetState	0	static
LinearModules.c:61:6:xDelay_Init	0	static
LinearModules.c:73:7:xDelay_Execute	0	static
LinearModules.c:80:6:xDelay_Reset	0	static
LinearModules.c:86:6:xDelay_SetState	0	static
LinearModules.c:94:6:Integrator_SetTime	0	static
LinearModules.c:106:7:Integrator_Execute	0	static
LinearModules.c:124:6:Integrator_SetOutputState	0	static
LinearModules.c:134:6:Integrator_SetFeadBackValue	0	static
LinearModules.c:143:6:Integrator_Reset	0	static
LinearModules.c:150:6:SpecialIntegrator_Init	24	static
LinearModules.c:156:7:SpecialIntegrator_Execute	24	static
LinearModules.c:173:6:Div_Init	0	static
LinearModules.c:183:7:Div_Execute	0	static
LinearModules.c:196:6:Slope_Reset	0	static
LinearModules.c:207:7:Slope_Update	0	static
LinearModules.c:227:6:SmoothRamp_Init	0	static
LinearModules.c:235:7:SmoothRamp_Update	0	static
LinearModules.c:249:7:SmoothRamp_UpdateWithSaturation	0	static
LinearModules.c:266:6:SmoothRamp_UpdateParam	0	static
LinearModules.c:274:6:SimplePID_Init	8	static
LinearModules.c:285:7:SimplePID_Update	16	static
LinearModules.c:294:6:PidControler_Init	0	static
LinearModules.c:316:7:PidControler_Execute	0	static
LinearModules.c:337:6:InitHiLoPassIIRFilter	0	static
LinearModules.c:354:7:ExecuteHiPassIIRFilter	0	static
LinearModules.c:374:7:ExecuteLoPassIIRFilter	0	static
LinearModules.c:400:13:ExecuteHiPassFIIR	0	static
LinearModules.c:422:7:ExecuteLoPassIIRFilterHiOrder	16	static
LinearModules.c:463:6:InitLoPassIIRFilterHiOrder	0	static
LinearModules.c:480:6:Line	0	static
