stm32f3xx_it.c:78:6:NMI_Handler	0	static
stm32f3xx_it.c:91:6:HardFault_Handler	0	static
stm32f3xx_it.c:106:6:MemManage_Handler	0	static
stm32f3xx_it.c:121:6:BusFault_Handler	0	static
stm32f3xx_it.c:136:6:UsageFault_Handler	0	static
stm32f3xx_it.c:151:6:DebugMon_Handler	0	static
stm32f3xx_it.c:171:6:DMA1_Channel7_IRQHandler	8	static
stm32f3xx_it.c:185:6:USART1_IRQHandler	8	static
stm32f3xx_it.c:199:6:USART2_IRQHandler	8	static
stm32f3xx_it.c:213:6:TIM6_DAC_IRQHandler	8	static
stm32f3xx_it.c:229:6:DMA2_Channel1_IRQHandler	8	static
